Archive member included to satisfy reference by file (symbol)

c:/nxp/mcuxpressoide_10.3.1_2233/ide/plugins/com.nxp.mcuxpresso.tools.win32_10.3.0.201811011841/tools/bin/../lib/gcc/arm-none-eabi/7.3.1/../../../../arm-none-eabi/lib/thumb/v7e-m/fpv4-sp/hard\libcr_semihost_nf.a(__ciob.o)
                              ./source/hello_world.o (__Ciob)
c:/nxp/mcuxpressoide_10.3.1_2233/ide/plugins/com.nxp.mcuxpresso.tools.win32_10.3.0.201811011841/tools/bin/../lib/gcc/arm-none-eabi/7.3.1/../../../../arm-none-eabi/lib/thumb/v7e-m/fpv4-sp/hard\libcr_semihost_nf.a(_cr__main.o)
                              ./startup/startup_mk66f18.o (__main)
c:/nxp/mcuxpressoide_10.3.1_2233/ide/plugins/com.nxp.mcuxpresso.tools.win32_10.3.0.201811011841/tools/bin/../lib/gcc/arm-none-eabi/7.3.1/../../../../arm-none-eabi/lib/thumb/v7e-m/fpv4-sp/hard\libcr_semihost_nf.a(_cr_assert.o)
                              ./utilities/fsl_debug_console.o (__assertion_failed)
c:/nxp/mcuxpressoide_10.3.1_2233/ide/plugins/com.nxp.mcuxpresso.tools.win32_10.3.0.201811011841/tools/bin/../lib/gcc/arm-none-eabi/7.3.1/../../../../arm-none-eabi/lib/thumb/v7e-m/fpv4-sp/hard\libcr_semihost_nf.a(__sys_appexit.o)
                              c:/nxp/mcuxpressoide_10.3.1_2233/ide/plugins/com.nxp.mcuxpresso.tools.win32_10.3.0.201811011841/tools/bin/../lib/gcc/arm-none-eabi/7.3.1/../../../../arm-none-eabi/lib/thumb/v7e-m/fpv4-sp/hard\libcr_semihost_nf.a(_cr_assert.o) (__sys_appexit)
c:/nxp/mcuxpressoide_10.3.1_2233/ide/plugins/com.nxp.mcuxpresso.tools.win32_10.3.0.201811011841/tools/bin/../lib/gcc/arm-none-eabi/7.3.1/../../../../arm-none-eabi/lib/thumb/v7e-m/fpv4-sp/hard\libcr_c.a(memcpy.o)
                              ./drivers/fsl_ftfx_cache.o (memcpy)
c:/nxp/mcuxpressoide_10.3.1_2233/ide/plugins/com.nxp.mcuxpresso.tools.win32_10.3.0.201811011841/tools/bin/../lib/gcc/arm-none-eabi/7.3.1/../../../../arm-none-eabi/lib/thumb/v7e-m/fpv4-sp/hard\libcr_c.a(memset.o)
                              ./utilities/fsl_debug_console.o (memset)
c:/nxp/mcuxpressoide_10.3.1_2233/ide/plugins/com.nxp.mcuxpresso.tools.win32_10.3.0.201811011841/tools/bin/../lib/gcc/arm-none-eabi/7.3.1/../../../../arm-none-eabi/lib/thumb/v7e-m/fpv4-sp/hard\libcr_c.a(__fillbuf.o)
                              ./source/hello_world.o (__filbuf)
c:/nxp/mcuxpressoide_10.3.1_2233/ide/plugins/com.nxp.mcuxpresso.tools.win32_10.3.0.201811011841/tools/bin/../lib/gcc/arm-none-eabi/7.3.1/../../../../arm-none-eabi/lib/thumb/v7e-m/fpv4-sp/hard\libcr_c.a(_deferredlazyseek.o)
                              c:/nxp/mcuxpressoide_10.3.1_2233/ide/plugins/com.nxp.mcuxpresso.tools.win32_10.3.0.201811011841/tools/bin/../lib/gcc/arm-none-eabi/7.3.1/../../../../arm-none-eabi/lib/thumb/v7e-m/fpv4-sp/hard\libcr_c.a(__fillbuf.o) (_deferredlazyseek)
c:/nxp/mcuxpressoide_10.3.1_2233/ide/plugins/com.nxp.mcuxpresso.tools.win32_10.3.0.201811011841/tools/bin/../lib/gcc/arm-none-eabi/7.3.1/../../../../arm-none-eabi/lib/thumb/v7e-m/fpv4-sp/hard\libcr_c.a(_fflush.o)
                              c:/nxp/mcuxpressoide_10.3.1_2233/ide/plugins/com.nxp.mcuxpresso.tools.win32_10.3.0.201811011841/tools/bin/../lib/gcc/arm-none-eabi/7.3.1/../../../../arm-none-eabi/lib/thumb/v7e-m/fpv4-sp/hard\libcr_c.a(__fillbuf.o) (_fflush)
c:/nxp/mcuxpressoide_10.3.1_2233/ide/plugins/com.nxp.mcuxpresso.tools.win32_10.3.0.201811011841/tools/bin/../lib/gcc/arm-none-eabi/7.3.1/../../../../arm-none-eabi/lib/thumb/v7e-m/fpv4-sp/hard\libcr_c.a(_writebuf.o)
                              c:/nxp/mcuxpressoide_10.3.1_2233/ide/plugins/com.nxp.mcuxpresso.tools.win32_10.3.0.201811011841/tools/bin/../lib/gcc/arm-none-eabi/7.3.1/../../../../arm-none-eabi/lib/thumb/v7e-m/fpv4-sp/hard\libcr_c.a(_deferredlazyseek.o) (_Cwritebuf)
c:/nxp/mcuxpressoide_10.3.1_2233/ide/plugins/com.nxp.mcuxpresso.tools.win32_10.3.0.201811011841/tools/bin/../lib/gcc/arm-none-eabi/7.3.1/../../../../arm-none-eabi/lib/thumb/v7e-m/fpv4-sp/hard\libcr_c.a(alloc.o)
                              ./drivers/fsl_common.o (malloc)
c:/nxp/mcuxpressoide_10.3.1_2233/ide/plugins/com.nxp.mcuxpresso.tools.win32_10.3.0.201811011841/tools/bin/../lib/gcc/arm-none-eabi/7.3.1/../../../../arm-none-eabi/lib/thumb/v7e-m/fpv4-sp/hard\libcr_c.a(fputs.o)
                              c:/nxp/mcuxpressoide_10.3.1_2233/ide/plugins/com.nxp.mcuxpresso.tools.win32_10.3.0.201811011841/tools/bin/../lib/gcc/arm-none-eabi/7.3.1/../../../../arm-none-eabi/lib/thumb/v7e-m/fpv4-sp/hard\libcr_semihost_nf.a(_cr_assert.o) (fputs)
c:/nxp/mcuxpressoide_10.3.1_2233/ide/plugins/com.nxp.mcuxpresso.tools.win32_10.3.0.201811011841/tools/bin/../lib/gcc/arm-none-eabi/7.3.1/../../../../arm-none-eabi/lib/thumb/v7e-m/fpv4-sp/hard\libcr_c.a(fseek.o)
                              c:/nxp/mcuxpressoide_10.3.1_2233/ide/plugins/com.nxp.mcuxpresso.tools.win32_10.3.0.201811011841/tools/bin/../lib/gcc/arm-none-eabi/7.3.1/../../../../arm-none-eabi/lib/thumb/v7e-m/fpv4-sp/hard\libcr_c.a(_deferredlazyseek.o) (fseek)
[...]
Memory Configuration

Name             Origin             Length             Attributes
PROGRAM_FLASH    0x00000000         0x00200000         xr
SRAM_UPPER       0x20000000         0x00030000         xrw
SRAM_LOWER       0x1fff0000         0x00010000         xrw
FLEX_RAM         0x14000000         0x00001000         xrw
*default*        0x00000000         0xffffffff

Linker script and memory map

LOAD ./utilities/fsl_assert.o
LOAD ./utilities/fsl_debug_console.o
LOAD ./utilities/fsl_str.o
LOAD ./startup/startup_mk66f18.o
LOAD ./source/hello_world.o
LOAD ./source/semihost_hardfault.o
LOAD ./drivers/fsl_clock.o
LOAD ./drivers/fsl_common.o
LOAD ./drivers/fsl_ftfx_cache.o
LOAD ./drivers/fsl_ftfx_controller.o
LOAD ./drivers/fsl_ftfx_flash.o
LOAD ./drivers/fsl_ftfx_flexnvm.o
LOAD ./drivers/fsl_gpio.o
LOAD ./drivers/fsl_lpuart.o
LOAD ./drivers/fsl_smc.o
LOAD ./drivers/fsl_uart.o
LOAD ./device/system_MK66F18.o
LOAD ./component/uart/uart_adapter.o
LOAD ./component/serial_manager/serial_manager.o
LOAD ./component/serial_manager/serial_port_uart.o
LOAD ./component/lists/generic_list.o
LOAD ./board/board.o
LOAD ./board/clock_config.o
LOAD ./board/pin_mux.o
START GROUP
LOAD c:/nxp/mcuxpressoide_10.3.1_2233/ide/plugins/com.nxp.mcuxpresso.tools.win32_10.3.0.201811011841/tools/bin/../lib/gcc/arm-none-eabi/7.3.1/../../../../arm-none-eabi/lib/thumb/v7e-m/fpv4-sp/hard\libcr_semihost_nf.a
LOAD c:/nxp/mcuxpressoide_10.3.1_2233/ide/plugins/com.nxp.mcuxpresso.tools.win32_10.3.0.201811011841/tools/bin/../lib/gcc/arm-none-eabi/7.3.1/../../../../arm-none-eabi/lib/thumb/v7e-m/fpv4-sp/hard\libcr_c.a
LOAD c:/nxp/mcuxpressoide_10.3.1_2233/ide/plugins/com.nxp.mcuxpresso.tools.win32_10.3.0.201811011841/tools/bin/../lib/gcc/arm-none-eabi/7.3.1/thumb/v7e-m/fpv4-sp/hard\libcr_eabihelpers.a
LOAD c:/nxp/mcuxpressoide_10.3.1_2233/ide/plugins/com.nxp.mcuxpresso.tools.win32_10.3.0.201811011841/tools/bin/../lib/gcc/arm-none-eabi/7.3.1/thumb/v7e-m/fpv4-sp/hard\libgcc.a
END GROUP
                0x00000000                __base_PROGRAM_FLASH = 0x0
                0x00000000                __base_Flash = 0x0
                0x00200000                __top_PROGRAM_FLASH = 0x200000
                0x00200000                __top_Flash = 0x200000
                0x20000000                __base_SRAM_UPPER = 0x20000000
                0x20000000                __base_RAM = 0x20000000
                0x20030000                __top_SRAM_UPPER = 0x20030000
                0x20030000                __top_RAM = 0x20030000
                0x1fff0000                __base_SRAM_LOWER = 0x1fff0000
                0x1fff0000                __base_RAM2 = 0x1fff0000
                0x20000000                __top_SRAM_LOWER = 0x20000000
                0x20000000                __top_RAM2 = 0x20000000
                0x14000000                __base_FLEX_RAM = 0x14000000
                0x14000000                __base_RAM3 = 0x14000000
                0x14001000                __top_FLEX_RAM = 0x14001000
                0x14001000                __top_RAM3 = 0x14001000

.text           0x00000000     0x45f8
 FILL mask 0xff
                0x00000000                __vectors_start__ = ABSOLUTE (.)
 *(SORT_BY_ALIGNMENT(.isr_vector))
 .isr_vector    0x00000000      0x1d0 ./startup/startup_mk66f18.o
                0x00000000                g_pfnVectors
                0x00000000                __Vectors
                0x000001d0                . = ALIGN (0x4)
                0x000001d0                __section_table_start = .
                0x000001d0                __data_section_table = .
                0x000001d0        0x4 LONG 0x45f8 LOADADDR (.data)
                0x000001d4        0x4 LONG 0x20000000 ADDR (.data)
                0x000001d8        0x4 LONG 0x10 SIZEOF (.data)
                0x000001dc        0x4 LONG 0x45f8 LOADADDR (.data_RAM2)
                0x000001e0        0x4 LONG 0x1fff0000 ADDR (.data_RAM2)
                0x000001e4        0x4 LONG 0x0 SIZEOF (.data_RAM2)
                0x000001e8        0x4 LONG 0x45f8 LOADADDR (.data_RAM3)
                0x000001ec        0x4 LONG 0x14000000 ADDR (.data_RAM3)
                0x000001f0        0x4 LONG 0x0 SIZEOF (.data_RAM3)
                0x000001f4                __data_section_table_end = .
                0x000001f4                __bss_section_table = .
                0x000001f4        0x4 LONG 0x20000010 ADDR (.bss)
                0x000001f8        0x4 LONG 0x110 SIZEOF (.bss)
                0x000001fc        0x4 LONG 0x1fff0000 ADDR (.bss_RAM2)
                0x00000200        0x4 LONG 0x0 SIZEOF (.bss_RAM2)
                0x00000204        0x4 LONG 0x14000000 ADDR (.bss_RAM3)
                0x00000208        0x4 LONG 0x0 SIZEOF (.bss_RAM3)
                0x0000020c                __bss_section_table_end = .
                0x0000020c                __section_table_end = .
 *(SORT_BY_ALIGNMENT(.after_vectors*))
 .after_vectors.reset
                0x0000020c       0x4c ./startup/startup_mk66f18.o
                0x0000020c                ResetISR
 .after_vectors.init_data
                0x00000258       0x1e ./startup/startup_mk66f18.o
                0x00000258                data_init
 .after_vectors.init_bss
                0x00000276       0x12 ./startup/startup_mk66f18.o
                0x00000276                bss_init
 .after_vectors
                0x00000288       0x14 ./startup/startup_mk66f18.o
                0x00000288                NMI_Handler
                0x0000028c                MemManage_Handler
                0x0000028e                BusFault_Handler
                0x00000290                UsageFault_Handler
                0x00000292                SVC_Handler
                0x00000294                DebugMon_Handler
                0x00000296                PendSV_Handler
                0x00000298                SysTick_Handler
                0x0000029a                DMA_Error_DriverIRQHandler
                0x0000029a                FTM1_DriverIRQHandler
                0x0000029a                FTM2_DriverIRQHandler
                0x0000029a                PIT2_DriverIRQHandler
                0x0000029a                TPM2_DriverIRQHandler
                0x0000029a                SDHC_DriverIRQHandler
                0x0000029a                DMA7_DMA23_DriverIRQHandler
                0x0000029a                I2C3_DriverIRQHandler
                0x0000029a                I2S0_Tx_DriverIRQHandler
                0x0000029a                TSI0_DriverIRQHandler
                0x0000029a                RTC_Seconds_DriverIRQHandler
                0x0000029a                CMP3_DriverIRQHandler
                0x0000029a                LLWU_DriverIRQHandler
                0x0000029a                MCM_DriverIRQHandler
                0x0000029a                DMA14_DMA30_DriverIRQHandler
                0x0000029a                MCG_DriverIRQHandler
                0x0000029a                ENET_1588_Timer_DriverIRQHandler
                0x0000029a                I2C2_DriverIRQHandler
                0x0000029a                DAC1_DriverIRQHandler
                0x0000029a                LPTMR0_DriverIRQHandler
                0x0000029a                CMP1_DriverIRQHandler
                0x0000029a                USBHSDCD_DriverIRQHandler
                0x0000029a                DMA0_DMA16_DriverIRQHandler
                0x0000029a                FTM0_DriverIRQHandler
                0x0000029a                IntDefaultHandler
                0x0000029a                USB0_DriverIRQHandler
                0x0000029a                PORTC_DriverIRQHandler
                0x0000029a                DMA2_DMA18_DriverIRQHandler
                0x0000029a                DAC0_DriverIRQHandler
                0x0000029a                CMP2_DriverIRQHandler
                0x0000029a                UART2_ERR_DriverIRQHandler
                0x0000029a                SPI2_DriverIRQHandler
                0x0000029a                LVD_LVW_DriverIRQHandler
                0x0000029a                Reserved84_DriverIRQHandler
                0x0000029a                SPI1_DriverIRQHandler
                0x0000029a                RNG_DriverIRQHandler
                0x0000029a                USBDCD_DriverIRQHandler
                0x0000029a                UART3_ERR_DriverIRQHandler
                0x0000029a                DMA12_DMA28_DriverIRQHandler
                0x0000029a                DMA10_DMA26_DriverIRQHandler
                0x0000029a                UART0_ERR_DriverIRQHandler
                0x0000029a                CMT_DriverIRQHandler
                0x0000029a                Reserved71_DriverIRQHandler
                0x0000029a                ADC1_DriverIRQHandler
                0x0000029a                PORTA_DriverIRQHandler
                0x0000029a                DMA1_DMA17_DriverIRQHandler
                0x0000029a                PIT3_DriverIRQHandler
                0x0000029a                PIT1_DriverIRQHandler
                0x0000029a                TPM1_DriverIRQHandler
                0x0000029a                WDOG_EWM_DriverIRQHandler
                0x0000029a                PDB0_DriverIRQHandler
                0x0000029a                DMA8_DMA24_DriverIRQHandler
                0x0000029a                DMA6_DMA22_DriverIRQHandler
                0x0000029a                RTC_DriverIRQHandler
                0x0000029a                I2S0_Rx_DriverIRQHandler
                0x0000029a                Read_Collision_DriverIRQHandler
                0x0000029a                SWI_DriverIRQHandler
                0x0000029a                UART4_ERR_DriverIRQHandler
                0x0000029a                PORTB_DriverIRQHandler
                0x0000029a                DMA13_DMA29_DriverIRQHandler
                0x0000029a                DMA11_DMA27_DriverIRQHandler
                0x0000029a                DMA4_DMA20_DriverIRQHandler
                0x0000029a                DMA9_DMA25_DriverIRQHandler
                0x0000029a                I2C1_DriverIRQHandler
                0x0000029a                ENET_Receive_DriverIRQHandler
                0x0000029a                DMA3_DMA19_DriverIRQHandler
                0x0000029a                ENET_Error_DriverIRQHandler
                0x0000029a                Reserved85_DriverIRQHandler
                0x0000029a                SPI0_DriverIRQHandler
                0x0000029a                ADC0_DriverIRQHandler
                0x0000029a                USBHS_DriverIRQHandler
                0x0000029a                CMP0_DriverIRQHandler
                0x0000029a                CAN0_DriverIRQHandler
                0x0000029a                FTM3_DriverIRQHandler
                0x0000029a                DMA5_DMA21_DriverIRQHandler
                0x0000029a                PIT0_DriverIRQHandler
                0x0000029a                DMA15_DMA31_DriverIRQHandler
                0x0000029a                UART1_ERR_DriverIRQHandler
                0x0000029a                ENET_Transmit_DriverIRQHandler
                0x0000029a                PORTD_DriverIRQHandler
                0x0000029a                Reserved46_DriverIRQHandler
                0x0000029a                PORTE_DriverIRQHandler
                0x0000029a                FTFE_DriverIRQHandler
                0x0000029a                I2C0_DriverIRQHandler
                0x0000029a                CAN1_DriverIRQHandler
                0x00000400                . = 0x400
 *fill*         0x0000029c      0x164 ff
                0x00000400                PROVIDE (__FLASH_CONFIG_START__ = .)
 *(SORT_BY_ALIGNMENT(.FlashConfig))
 .FlashConfig   0x00000400       0x10 ./startup/startup_mk66f18.o
                0x00000400                Flash_Config
                0x00000410                PROVIDE (__FLASH_CONFIG_END__ = .)
                0x00000001                ASSERT (! ((__FLASH_CONFIG_START__ == __FLASH_CONFIG_END__)), Linker Flash Config Support Enabled, but no .FlashConfig section provided within application)
 *(SORT_BY_ALIGNMENT(.text*))
 .text.DbgConsole_Init
                0x00000410       0xf8 ./utilities/fsl_debug_console.o
                0x00000410                DbgConsole_Init
 .text.main     0x00000508       0x80 ./source/hello_world.o
                0x00000508                main
 .text.CLOCK_SetEr32kClock
                0x00000588       0x30 ./drivers/fsl_clock.o
 .text.CLOCK_SetPllFllSelClock
                0x000005b8       0x58 ./drivers/fsl_clock.o
 .text.CLOCK_GetMcgExtClkFreq
                0x00000610       0x78 ./drivers/fsl_clock.o
 .text.CLOCK_GetFllExtRefClkFreq
                0x00000688       0xd0 ./drivers/fsl_clock.o
 .text.CLOCK_GetInternalRefClkSelectFreq
                0x00000758       0x44 ./drivers/fsl_clock.o
 .text.CLOCK_GetFllRefClkFreq
                0x0000079c       0x2c ./drivers/fsl_clock.o
 .text.CLOCK_GetOscRangeFromFreq
                0x000007c8       0x3c ./drivers/fsl_clock.o
 .text.CLOCK_GetCoreSysClkFreq
                0x00000804       0x28 ./drivers/fsl_clock.o
                0x00000804                CLOCK_GetCoreSysClkFreq
 .text.CLOCK_SetSimConfig
                0x0000082c       0x44 ./drivers/fsl_clock.o
                0x0000082c                CLOCK_SetSimConfig
 .text.CLOCK_GetOutClkFreq
                0x00000870       0x90 ./drivers/fsl_clock.o
                0x00000870                CLOCK_GetOutClkFreq
 .text.CLOCK_GetFllFreq
                0x00000900       0x7c ./drivers/fsl_clock.o
                0x00000900                CLOCK_GetFllFreq
 .text.CLOCK_GetPll0Freq
                0x0000097c       0x6c ./drivers/fsl_clock.o
                0x0000097c                CLOCK_GetPll0Freq
 .text.CLOCK_GetExtPllFreq
                0x000009e8       0x18 ./drivers/fsl_clock.o
                0x000009e8                CLOCK_GetExtPllFreq
 .text.CLOCK_SetExternalRefClkConfig
                0x00000a00       0x6c ./drivers/fsl_clock.o
                0x00000a00                CLOCK_SetExternalRefClkConfig
 .text.CLOCK_SetInternalRefClkConfig
                0x00000a6c      0x104 ./drivers/fsl_clock.o
                0x00000a6c                CLOCK_SetInternalRefClkConfig
 .text.CLOCK_EnablePll0
                0x00000b70       0x84 ./drivers/fsl_clock.o
                0x00000b70                CLOCK_EnablePll0
 .text.CLOCK_InitOsc0
                0x00000bf4       0x8c ./drivers/fsl_clock.o
                0x00000bf4                CLOCK_InitOsc0
 .text.CLOCK_SetPbeMode
                0x00000c80       0xe8 ./drivers/fsl_clock.o
                0x00000c80                CLOCK_SetPbeMode
 .text.CLOCK_BootToPeeMode
                0x00000d68       0x68 ./drivers/fsl_clock.o
                0x00000d68                CLOCK_BootToPeeMode
 .text.LPUART0_DriverIRQHandler
                0x00000dd0       0x28 ./drivers/fsl_lpuart.o
                0x00000dd0                LPUART0_DriverIRQHandler
 .text.UART_GetInstance
                0x00000df8       0x54 ./drivers/fsl_uart.o
                0x00000df8                UART_GetInstance
 .text.UART_Init
                0x00000e4c      0x2d8 ./drivers/fsl_uart.o
                0x00000e4c                UART_Init
 .text.UART_GetDefaultConfig
                0x00001124       0x68 ./drivers/fsl_uart.o
                0x00001124                UART_GetDefaultConfig
 .text.UART0_DriverIRQHandler
                0x0000118c       0x28 ./drivers/fsl_uart.o
                0x0000118c                UART0_DriverIRQHandler
 .text.UART1_DriverIRQHandler
                0x000011b4       0x28 ./drivers/fsl_uart.o
                0x000011b4                UART1_DriverIRQHandler
 .text.UART2_DriverIRQHandler
                0x000011dc       0x28 ./drivers/fsl_uart.o
                0x000011dc                UART2_DriverIRQHandler
 .text.UART3_DriverIRQHandler
                0x00001204       0x28 ./drivers/fsl_uart.o
                0x00001204                UART3_DriverIRQHandler
 .text.UART4_DriverIRQHandler
                0x0000122c       0x28 ./drivers/fsl_uart.o
                0x0000122c                UART4_DriverIRQHandler
 .text.SystemInit
                0x00001254       0x3c ./device/system_MK66F18.o
                0x00001254                SystemInit
 .text.HAL_UartInit
                0x00001290      0x108 ./component/uart/uart_adapter.o
                0x00001290                HAL_UartInit
 .text.SerialManager_Init
                0x00001398       0x74 ./component/serial_manager/serial_manager.o
                0x00001398                SerialManager_Init
 .text.SerialManager_OpenWriteHandle
                0x0000140c       0x58 ./component/serial_manager/serial_manager.o
                0x0000140c                SerialManager_OpenWriteHandle
 .text.SerialManager_OpenReadHandle
                0x00001464       0x60 ./component/serial_manager/serial_manager.o
                0x00001464                SerialManager_OpenReadHandle
 .text.Serial_UartInit
                0x000014c4       0x80 ./component/serial_manager/serial_port_uart.o
                0x000014c4                Serial_UartInit
 .text.CLOCK_SetSimSafeDivs
                0x00001544       0x24 ./board/clock_config.o
 .text.CLOCK_SetXtal0Freq
                0x00001568       0x20 ./board/clock_config.o
 .text.CLOCK_CONFIG_SetFllExtRefDiv
                0x00001588       0x3c ./board/clock_config.o
 .text.BOARD_BootClockRUN
                0x000015c4       0x60 ./board/clock_config.o
                0x000015c4                BOARD_BootClockRUN
 .text.BOARD_InitPins
                0x00001624       0x48 ./board/pin_mux.o
                0x00001624                BOARD_InitPins
 .text.__assertion_failed
                0x0000166c       0x4c c:/nxp/mcuxpressoide_10.3.1_2233/ide/plugins/com.nxp.mcuxpresso.tools.win32_10.3.0.201811011841/tools/bin/../lib/gcc/arm-none-eabi/7.3.1/../../../../arm-none-eabi/lib/thumb/v7e-m/fpv4-sp/hard\libcr_semihost_nf.a(_cr_assert.o)
                0x0000166c                __assertion_failed
 .text.__sys_appexit
                0x000016b8        0xc c:/nxp/mcuxpressoide_10.3.1_2233/ide/plugins/com.nxp.mcuxpresso.tools.win32_10.3.0.201811011841/tools/bin/../lib/gcc/arm-none-eabi/7.3.1/../../../../arm-none-eabi/lib/thumb/v7e-m/fpv4-sp/hard\libcr_semihost_nf.a(__sys_appexit.o)
                0x000016b8                __sys_appexit
                0x000016b8                __exit
 .text.__filbuf
                0x000016c4      0x178 c:/nxp/mcuxpressoide_10.3.1_2233/ide/plugins/com.nxp.mcuxpresso.tools.win32_10.3.0.201811011841/tools/bin/../lib/gcc/arm-none-eabi/7.3.1/../../../../arm-none-eabi/lib/thumb/v7e-m/fpv4-sp/hard\libcr_c.a(__fillbuf.o)
                0x000016c4                __filbuf
 .text._Cwritebuf
                0x0000183c       0x6c c:/nxp/mcuxpressoide_10.3.1_2233/ide/plugins/com.nxp.mcuxpresso.tools.win32_10.3.0.201811011841/tools/bin/../lib/gcc/arm-none-eabi/7.3.1/../../../../arm-none-eabi/lib/thumb/v7e-m/fpv4-sp/hard\libcr_c.a(_writebuf.o)
                0x0000183c                _Cwritebuf
 .text.malloc   0x000018a8       0xc8 c:/nxp/mcuxpressoide_10.3.1_2233/ide/plugins/com.nxp.mcuxpresso.tools.win32_10.3.0.201811011841/tools/bin/../lib/gcc/arm-none-eabi/7.3.1/../../../../arm-none-eabi/lib/thumb/v7e-m/fpv4-sp/hard\libcr_c.a(alloc.o)
                0x000018a8                malloc
 .text._Csys_alloc
                0x00001970       0x20 c:/nxp/mcuxpressoide_10.3.1_2233/ide/plugins/com.nxp.mcuxpresso.tools.win32_10.3.0.201811011841/tools/bin/../lib/gcc/arm-none-eabi/7.3.1/../../../../arm-none-eabi/lib/thumb/v7e-m/fpv4-sp/hard\libcr_c.a(alloc.o)
                0x00001970                _Csys_alloc
 .text.fseek    0x00001990      0x100 c:/nxp/mcuxpressoide_10.3.1_2233/ide/plugins/com.nxp.mcuxpresso.tools.win32_10.3.0.201811011841/tools/bin/../lib/gcc/arm-none-eabi/7.3.1/../../../../arm-none-eabi/lib/thumb/v7e-m/fpv4-sp/hard\libcr_c.a(fseek.o)
                0x00001990                fseek
 .text.ftell    0x00001a90       0x44 c:/nxp/mcuxpressoide_10.3.1_2233/ide/plugins/com.nxp.mcuxpresso.tools.win32_10.3.0.201811011841/tools/bin/../lib/gcc/arm-none-eabi/7.3.1/../../../../arm-none-eabi/lib/thumb/v7e-m/fpv4-sp/hard\libcr_c.a(ftell.o)
                0x00001a90                ftell
 .text._initio  0x00001ad4       0x78 c:/nxp/mcuxpressoide_10.3.1_2233/ide/plugins/com.nxp.mcuxpresso.tools.win32_10.3.0.201811011841/tools/bin/../lib/gcc/arm-none-eabi/7.3.1/../../../../arm-none-eabi/lib/thumb/v7e-m/fpv4-sp/hard\libcr_c.a(initio.o)
                0x00001ad4                _initio
 .text.__vfprintf
                0x00001b4c      0xb8c c:/nxp/mcuxpressoide_10.3.1_2233/ide/plugins/com.nxp.mcuxpresso.tools.win32_10.3.0.201811011841/tools/bin/../lib/gcc/arm-none-eabi/7.3.1/../../../../arm-none-eabi/lib/thumb/v7e-m/fpv4-sp/hard\libcr_c.a(printf.o)
                0x00001b4c                __vfprintf
 .text._vsnprintf
                0x000026d8       0x68 c:/nxp/mcuxpressoide_10.3.1_2233/ide/plugins/com.nxp.mcuxpresso.tools.win32_10.3.0.201811011841/tools/bin/../lib/gcc/arm-none-eabi/7.3.1/../../../../arm-none-eabi/lib/thumb/v7e-m/fpv4-sp/hard\libcr_c.a(printf.o)
                0x000026d8                _vsnprintf
 .text._printf  0x00002740       0x54 c:/nxp/mcuxpressoide_10.3.1_2233/ide/plugins/com.nxp.mcuxpresso.tools.win32_10.3.0.201811011841/tools/bin/../lib/gcc/arm-none-eabi/7.3.1/../../../../arm-none-eabi/lib/thumb/v7e-m/fpv4-sp/hard\libcr_c.a(printf.o)
                0x00002740                _printf
 .text.setvbuf  0x00002794       0x40 c:/nxp/mcuxpressoide_10.3.1_2233/ide/plugins/com.nxp.mcuxpresso.tools.win32_10.3.0.201811011841/tools/bin/../lib/gcc/arm-none-eabi/7.3.1/../../../../arm-none-eabi/lib/thumb/v7e-m/fpv4-sp/hard\libcr_c.a(setvbuf.o)
                0x00002794                setvbuf
 .text._sbrk    0x000027d4       0x3c c:/nxp/mcuxpressoide_10.3.1_2233/ide/plugins/com.nxp.mcuxpresso.tools.win32_10.3.0.201811011841/tools/bin/../lib/gcc/arm-none-eabi/7.3.1/../../../../arm-none-eabi/lib/thumb/v7e-m/fpv4-sp/hard\libcr_c.a(_cr_sbrk.o)
                0x000027d4                _sbrk
 .text.fflush   0x00002810       0x44 c:/nxp/mcuxpressoide_10.3.1_2233/ide/plugins/com.nxp.mcuxpresso.tools.win32_10.3.0.201811011841/tools/bin/../lib/gcc/arm-none-eabi/7.3.1/../../../../arm-none-eabi/lib/thumb/v7e-m/fpv4-sp/hard\libcr_c.a(fflush.o)
                0x00002810                fflush
 .text.__check_heap_overflow
                0x00002854       0x18 c:/nxp/mcuxpressoide_10.3.1_2233/ide/plugins/com.nxp.mcuxpresso.tools.win32_10.3.0.201811011841/tools/bin/../lib/gcc/arm-none-eabi/7.3.1/../../../../arm-none-eabi/lib/thumb/v7e-m/fpv4-sp/hard\libcr_c.a(_cr_check_heap.o)
                0x00002854                __check_heap_overflow
 .text.DMA0_DMA16_IRQHandler
                0x0000286c        0x8 ./startup/startup_mk66f18.o
                0x0000286c                DMA0_DMA16_IRQHandler
 .text.DMA1_DMA17_IRQHandler
                0x00002874        0x8 ./startup/startup_mk66f18.o
                0x00002874                DMA1_DMA17_IRQHandler
 .text.DMA2_DMA18_IRQHandler
                0x0000287c        0x8 ./startup/startup_mk66f18.o
                0x0000287c                DMA2_DMA18_IRQHandler
 .text.DMA3_DMA19_IRQHandler
                0x00002884        0x8 ./startup/startup_mk66f18.o
                0x00002884                DMA3_DMA19_IRQHandler
 .text.DMA4_DMA20_IRQHandler
                0x0000288c        0x8 ./startup/startup_mk66f18.o
                0x0000288c                DMA4_DMA20_IRQHandler
 .text.DMA5_DMA21_IRQHandler
                0x00002894        0x8 ./startup/startup_mk66f18.o
                0x00002894                DMA5_DMA21_IRQHandler
 .text.DMA6_DMA22_IRQHandler
                0x0000289c        0x8 ./startup/startup_mk66f18.o
                0x0000289c                DMA6_DMA22_IRQHandler
 .text.DMA7_DMA23_IRQHandler
                0x000028a4        0x8 ./startup/startup_mk66f18.o
                0x000028a4                DMA7_DMA23_IRQHandler
 .text.DMA8_DMA24_IRQHandler
                0x000028ac        0x8 ./startup/startup_mk66f18.o
                0x000028ac                DMA8_DMA24_IRQHandler
 .text.DMA9_DMA25_IRQHandler
                0x000028b4        0x8 ./startup/startup_mk66f18.o
                0x000028b4                DMA9_DMA25_IRQHandler
 .text.DMA10_DMA26_IRQHandler
                0x000028bc        0x8 ./startup/startup_mk66f18.o
                0x000028bc                DMA10_DMA26_IRQHandler
 .text.DMA11_DMA27_IRQHandler
                0x000028c4        0x8 ./startup/startup_mk66f18.o
                0x000028c4                DMA11_DMA27_IRQHandler
 .text.DMA12_DMA28_IRQHandler
                0x000028cc        0x8 ./startup/startup_mk66f18.o
                0x000028cc                DMA12_DMA28_IRQHandler
 .text.DMA13_DMA29_IRQHandler
                0x000028d4        0x8 ./startup/startup_mk66f18.o
                0x000028d4                DMA13_DMA29_IRQHandler
 .text.DMA14_DMA30_IRQHandler
                0x000028dc        0x8 ./startup/startup_mk66f18.o
                0x000028dc                DMA14_DMA30_IRQHandler
 .text.DMA15_DMA31_IRQHandler
                0x000028e4        0x8 ./startup/startup_mk66f18.o
                0x000028e4                DMA15_DMA31_IRQHandler
 .text.DMA_Error_IRQHandler
                0x000028ec        0x8 ./startup/startup_mk66f18.o
                0x000028ec                DMA_Error_IRQHandler
 .text.MCM_IRQHandler
                0x000028f4        0x8 ./startup/startup_mk66f18.o
                0x000028f4                MCM_IRQHandler
 .text.FTFE_IRQHandler
                0x000028fc        0x8 ./startup/startup_mk66f18.o
                0x000028fc                FTFE_IRQHandler
 .text.Read_Collision_IRQHandler
                0x00002904        0x8 ./startup/startup_mk66f18.o
                0x00002904                Read_Collision_IRQHandler
 .text.LVD_LVW_IRQHandler
                0x0000290c        0x8 ./startup/startup_mk66f18.o
                0x0000290c                LVD_LVW_IRQHandler
 .text.LLWU_IRQHandler
                0x00002914        0x8 ./startup/startup_mk66f18.o
                0x00002914                LLWU_IRQHandler
 .text.WDOG_EWM_IRQHandler
                0x0000291c        0x8 ./startup/startup_mk66f18.o
                0x0000291c                WDOG_EWM_IRQHandler
 .text.RNG_IRQHandler
                0x00002924        0x8 ./startup/startup_mk66f18.o
                0x00002924                RNG_IRQHandler
 .text.I2C0_IRQHandler
                0x0000292c        0x8 ./startup/startup_mk66f18.o
                0x0000292c                I2C0_IRQHandler
 .text.I2C1_IRQHandler
                0x00002934        0x8 ./startup/startup_mk66f18.o
                0x00002934                I2C1_IRQHandler
 .text.SPI0_IRQHandler
                0x0000293c        0x8 ./startup/startup_mk66f18.o
                0x0000293c                SPI0_IRQHandler
 .text.SPI1_IRQHandler
                0x00002944        0x8 ./startup/startup_mk66f18.o
                0x00002944                SPI1_IRQHandler
 .text.I2S0_Tx_IRQHandler
                0x0000294c        0x8 ./startup/startup_mk66f18.o
                0x0000294c                I2S0_Tx_IRQHandler
 .text.I2S0_Rx_IRQHandler
                0x00002954        0x8 ./startup/startup_mk66f18.o
                0x00002954                I2S0_Rx_IRQHandler
 .text.Reserved46_IRQHandler
                0x0000295c        0x8 ./startup/startup_mk66f18.o
                0x0000295c                Reserved46_IRQHandler
 .text.UART0_RX_TX_IRQHandler
                0x00002964        0x8 ./startup/startup_mk66f18.o
                0x00002964                UART0_RX_TX_IRQHandler
 .text.UART0_ERR_IRQHandler
                0x0000296c        0x8 ./startup/startup_mk66f18.o
                0x0000296c                UART0_ERR_IRQHandler
 .text.UART1_RX_TX_IRQHandler
                0x00002974        0x8 ./startup/startup_mk66f18.o
                0x00002974                UART1_RX_TX_IRQHandler
 .text.UART1_ERR_IRQHandler
                0x0000297c        0x8 ./startup/startup_mk66f18.o
                0x0000297c                UART1_ERR_IRQHandler
 .text.UART2_RX_TX_IRQHandler
                0x00002984        0x8 ./startup/startup_mk66f18.o
                0x00002984                UART2_RX_TX_IRQHandler
 .text.UART2_ERR_IRQHandler
                0x0000298c        0x8 ./startup/startup_mk66f18.o
                0x0000298c                UART2_ERR_IRQHandler
 .text.UART3_RX_TX_IRQHandler
                0x00002994        0x8 ./startup/startup_mk66f18.o
                0x00002994                UART3_RX_TX_IRQHandler
 .text.UART3_ERR_IRQHandler
                0x0000299c        0x8 ./startup/startup_mk66f18.o
                0x0000299c                UART3_ERR_IRQHandler
 .text.ADC0_IRQHandler
                0x000029a4        0x8 ./startup/startup_mk66f18.o
                0x000029a4                ADC0_IRQHandler
 .text.CMP0_IRQHandler
                0x000029ac        0x8 ./startup/startup_mk66f18.o
                0x000029ac                CMP0_IRQHandler
 .text.CMP1_IRQHandler
                0x000029b4        0x8 ./startup/startup_mk66f18.o
                0x000029b4                CMP1_IRQHandler
 .text.FTM0_IRQHandler
                0x000029bc        0x8 ./startup/startup_mk66f18.o
                0x000029bc                FTM0_IRQHandler
 .text.FTM1_IRQHandler
                0x000029c4        0x8 ./startup/startup_mk66f18.o
                0x000029c4                FTM1_IRQHandler
 .text.FTM2_IRQHandler
                0x000029cc        0x8 ./startup/startup_mk66f18.o
                0x000029cc                FTM2_IRQHandler
 .text.CMT_IRQHandler
                0x000029d4        0x8 ./startup/startup_mk66f18.o
                0x000029d4                CMT_IRQHandler
 .text.RTC_IRQHandler
                0x000029dc        0x8 ./startup/startup_mk66f18.o
                0x000029dc                RTC_IRQHandler
 .text.RTC_Seconds_IRQHandler
                0x000029e4        0x8 ./startup/startup_mk66f18.o
                0x000029e4                RTC_Seconds_IRQHandler
 .text.PIT0_IRQHandler
                0x000029ec        0x8 ./startup/startup_mk66f18.o
                0x000029ec                PIT0_IRQHandler
 .text.PIT1_IRQHandler
                0x000029f4        0x8 ./startup/startup_mk66f18.o
                0x000029f4                PIT1_IRQHandler
 .text.PIT2_IRQHandler
                0x000029fc        0x8 ./startup/startup_mk66f18.o
                0x000029fc                PIT2_IRQHandler
 .text.PIT3_IRQHandler
                0x00002a04        0x8 ./startup/startup_mk66f18.o
                0x00002a04                PIT3_IRQHandler
 .text.PDB0_IRQHandler
                0x00002a0c        0x8 ./startup/startup_mk66f18.o
                0x00002a0c                PDB0_IRQHandler
 .text.USB0_IRQHandler
                0x00002a14        0x8 ./startup/startup_mk66f18.o
                0x00002a14                USB0_IRQHandler
 .text.USBDCD_IRQHandler
                0x00002a1c        0x8 ./startup/startup_mk66f18.o
                0x00002a1c                USBDCD_IRQHandler
 .text.Reserved71_IRQHandler
                0x00002a24        0x8 ./startup/startup_mk66f18.o
                0x00002a24                Reserved71_IRQHandler
 .text.DAC0_IRQHandler
                0x00002a2c        0x8 ./startup/startup_mk66f18.o
                0x00002a2c                DAC0_IRQHandler
 .text.MCG_IRQHandler
                0x00002a34        0x8 ./startup/startup_mk66f18.o
                0x00002a34                MCG_IRQHandler
 .text.LPTMR0_IRQHandler
                0x00002a3c        0x8 ./startup/startup_mk66f18.o
                0x00002a3c                LPTMR0_IRQHandler
 .text.PORTA_IRQHandler
                0x00002a44        0x8 ./startup/startup_mk66f18.o
                0x00002a44                PORTA_IRQHandler
 .text.PORTB_IRQHandler
                0x00002a4c        0x8 ./startup/startup_mk66f18.o
                0x00002a4c                PORTB_IRQHandler
 .text.PORTC_IRQHandler
                0x00002a54        0x8 ./startup/startup_mk66f18.o
                0x00002a54                PORTC_IRQHandler
 .text.PORTD_IRQHandler
                0x00002a5c        0x8 ./startup/startup_mk66f18.o
                0x00002a5c                PORTD_IRQHandler
 .text.PORTE_IRQHandler
                0x00002a64        0x8 ./startup/startup_mk66f18.o
                0x00002a64                PORTE_IRQHandler
 .text.SWI_IRQHandler
                0x00002a6c        0x8 ./startup/startup_mk66f18.o
                0x00002a6c                SWI_IRQHandler
 .text.SPI2_IRQHandler
                0x00002a74        0x8 ./startup/startup_mk66f18.o
                0x00002a74                SPI2_IRQHandler
 .text.UART4_RX_TX_IRQHandler
                0x00002a7c        0x8 ./startup/startup_mk66f18.o
                0x00002a7c                UART4_RX_TX_IRQHandler
 .text.UART4_ERR_IRQHandler
                0x00002a84        0x8 ./startup/startup_mk66f18.o
                0x00002a84                UART4_ERR_IRQHandler
 .text.Reserved84_IRQHandler
                0x00002a8c        0x8 ./startup/startup_mk66f18.o
                0x00002a8c                Reserved84_IRQHandler
 .text.Reserved85_IRQHandler
                0x00002a94        0x8 ./startup/startup_mk66f18.o
                0x00002a94                Reserved85_IRQHandler
 .text.CMP2_IRQHandler
                0x00002a9c        0x8 ./startup/startup_mk66f18.o
                0x00002a9c                CMP2_IRQHandler
 .text.FTM3_IRQHandler
                0x00002aa4        0x8 ./startup/startup_mk66f18.o
                0x00002aa4                FTM3_IRQHandler
 .text.DAC1_IRQHandler
                0x00002aac        0x8 ./startup/startup_mk66f18.o
                0x00002aac                DAC1_IRQHandler
 .text.ADC1_IRQHandler
                0x00002ab4        0x8 ./startup/startup_mk66f18.o
                0x00002ab4                ADC1_IRQHandler
 .text.I2C2_IRQHandler
                0x00002abc        0x8 ./startup/startup_mk66f18.o
                0x00002abc                I2C2_IRQHandler
 .text.CAN0_ORed_Message_buffer_IRQHandler
                0x00002ac4        0x8 ./startup/startup_mk66f18.o
                0x00002ac4                CAN0_ORed_Message_buffer_IRQHandler
 .text.CAN0_Bus_Off_IRQHandler
                0x00002acc        0x8 ./startup/startup_mk66f18.o
                0x00002acc                CAN0_Bus_Off_IRQHandler
 .text.CAN0_Error_IRQHandler
                0x00002ad4        0x8 ./startup/startup_mk66f18.o
                0x00002ad4                CAN0_Error_IRQHandler
 .text.CAN0_Tx_Warning_IRQHandler
                0x00002adc        0x8 ./startup/startup_mk66f18.o
                0x00002adc                CAN0_Tx_Warning_IRQHandler
 .text.CAN0_Rx_Warning_IRQHandler
                0x00002ae4        0x8 ./startup/startup_mk66f18.o
                0x00002ae4                CAN0_Rx_Warning_IRQHandler
 .text.CAN0_Wake_Up_IRQHandler
                0x00002aec        0x8 ./startup/startup_mk66f18.o
                0x00002aec                CAN0_Wake_Up_IRQHandler
 .text.SDHC_IRQHandler
                0x00002af4        0x8 ./startup/startup_mk66f18.o
                0x00002af4                SDHC_IRQHandler
 .text.ENET_1588_Timer_IRQHandler
                0x00002afc        0x8 ./startup/startup_mk66f18.o
                0x00002afc                ENET_1588_Timer_IRQHandler
 .text.ENET_Transmit_IRQHandler
                0x00002b04        0x8 ./startup/startup_mk66f18.o
                0x00002b04                ENET_Transmit_IRQHandler
 .text.ENET_Receive_IRQHandler
                0x00002b0c        0x8 ./startup/startup_mk66f18.o
                0x00002b0c                ENET_Receive_IRQHandler
 .text.ENET_Error_IRQHandler
                0x00002b14        0x8 ./startup/startup_mk66f18.o
                0x00002b14                ENET_Error_IRQHandler
 .text.LPUART0_IRQHandler
                0x00002b1c        0x8 ./startup/startup_mk66f18.o
                0x00002b1c                LPUART0_IRQHandler
 .text.TSI0_IRQHandler
                0x00002b24        0x8 ./startup/startup_mk66f18.o
                0x00002b24                TSI0_IRQHandler
 .text.TPM1_IRQHandler
                0x00002b2c        0x8 ./startup/startup_mk66f18.o
                0x00002b2c                TPM1_IRQHandler
 .text.TPM2_IRQHandler
                0x00002b34        0x8 ./startup/startup_mk66f18.o
                0x00002b34                TPM2_IRQHandler
 .text.USBHSDCD_IRQHandler
                0x00002b3c        0x8 ./startup/startup_mk66f18.o
                0x00002b3c                USBHSDCD_IRQHandler
 .text.I2C3_IRQHandler
                0x00002b44        0x8 ./startup/startup_mk66f18.o
                0x00002b44                I2C3_IRQHandler
 .text.CMP3_IRQHandler
                0x00002b4c        0x8 ./startup/startup_mk66f18.o
                0x00002b4c                CMP3_IRQHandler
 .text.USBHS_IRQHandler
                0x00002b54        0x8 ./startup/startup_mk66f18.o
                0x00002b54                USBHS_IRQHandler
 .text.CAN1_ORed_Message_buffer_IRQHandler
                0x00002b5c        0x8 ./startup/startup_mk66f18.o
                0x00002b5c                CAN1_ORed_Message_buffer_IRQHandler
 .text.CAN1_Bus_Off_IRQHandler
                0x00002b64        0x8 ./startup/startup_mk66f18.o
                0x00002b64                CAN1_Bus_Off_IRQHandler
 .text.CAN1_Error_IRQHandler
                0x00002b6c        0x8 ./startup/startup_mk66f18.o
                0x00002b6c                CAN1_Error_IRQHandler
 .text.CAN1_Tx_Warning_IRQHandler
                0x00002b74        0x8 ./startup/startup_mk66f18.o
                0x00002b74                CAN1_Tx_Warning_IRQHandler
 .text.CAN1_Rx_Warning_IRQHandler
                0x00002b7c        0x8 ./startup/startup_mk66f18.o
                0x00002b7c                CAN1_Rx_Warning_IRQHandler
 .text.CAN1_Wake_Up_IRQHandler
                0x00002b84        0x8 ./startup/startup_mk66f18.o
                0x00002b84                CAN1_Wake_Up_IRQHandler
 .text.HardFault_Handler
                0x00002b8c       0x2c ./source/semihost_hardfault.o
                0x00002b8c                HardFault_Handler
 .text.OSC_SetExtRefClkConfig
                0x00002bb8       0x40 ./drivers/fsl_clock.o
 .text.OSC_SetCapLoad
                0x00002bf8       0x34 ./drivers/fsl_clock.o
 .text.CLOCK_GetPll0RefFreq
                0x00002c2c        0xe ./drivers/fsl_clock.o
 .text.CLOCK_EnableClock
                0x00002c3a       0x34 ./drivers/fsl_uart.o
 .text.UART0_RX_TX_DriverIRQHandler
                0x00002c6e       0x10 ./drivers/fsl_uart.o
                0x00002c6e                UART0_RX_TX_DriverIRQHandler
 .text.UART1_RX_TX_DriverIRQHandler
                0x00002c7e       0x10 ./drivers/fsl_uart.o
                0x00002c7e                UART1_RX_TX_DriverIRQHandler
 .text.UART2_RX_TX_DriverIRQHandler
                0x00002c8e       0x10 ./drivers/fsl_uart.o
                0x00002c8e                UART2_RX_TX_DriverIRQHandler
 .text.UART3_RX_TX_DriverIRQHandler
                0x00002c9e       0x10 ./drivers/fsl_uart.o
                0x00002c9e                UART3_RX_TX_DriverIRQHandler
 .text.UART4_RX_TX_DriverIRQHandler
                0x00002cae       0x10 ./drivers/fsl_uart.o
                0x00002cae                UART4_RX_TX_DriverIRQHandler
 .text.SystemInitHook
                0x00002cbe        0xe ./device/system_MK66F18.o
                0x00002cbe                SystemInitHook
 .text.HAL_UartGetStatus
                0x00002ccc       0x22 ./component/uart/uart_adapter.o
 .text.BOARD_InitDebugConsole
                0x00002cee       0x22 ./board/board.o
                0x00002cee                BOARD_InitDebugConsole
 .text.CLOCK_EnableClock
                0x00002d10       0x34 ./board/pin_mux.o
 .text.PORT_SetPinMux
                0x00002d44       0x3a ./board/pin_mux.o
 .text.__main   0x00002d7e        0xe c:/nxp/mcuxpressoide_10.3.1_2233/ide/plugins/com.nxp.mcuxpresso.tools.win32_10.3.0.201811011841/tools/bin/../lib/gcc/arm-none-eabi/7.3.1/../../../../arm-none-eabi/lib/thumb/v7e-m/fpv4-sp/hard\libcr_semihost_nf.a(_cr__main.o)
                0x00002d7e                __CR_SEMIHOST
                0x00002d7e                __main
 .text.memset   0x00002d8c        0x4 c:/nxp/mcuxpressoide_10.3.1_2233/ide/plugins/com.nxp.mcuxpresso.tools.win32_10.3.0.201811011841/tools/bin/../lib/gcc/arm-none-eabi/7.3.1/../../../../arm-none-eabi/lib/thumb/v7e-m/fpv4-sp/hard\libcr_c.a(memset.o)
                0x00002d8c                memset
 .text._Csys_read_
                0x00002d90       0x22 c:/nxp/mcuxpressoide_10.3.1_2233/ide/plugins/com.nxp.mcuxpresso.tools.win32_10.3.0.201811011841/tools/bin/../lib/gcc/arm-none-eabi/7.3.1/../../../../arm-none-eabi/lib/thumb/v7e-m/fpv4-sp/hard\libcr_c.a(__fillbuf.o)
                0x00002d90                _Csys_read_
 .text._deferredlazyseek
                0x00002db2       0x40 c:/nxp/mcuxpressoide_10.3.1_2233/ide/plugins/com.nxp.mcuxpresso.tools.win32_10.3.0.201811011841/tools/bin/../lib/gcc/arm-none-eabi/7.3.1/../../../../arm-none-eabi/lib/thumb/v7e-m/fpv4-sp/hard\libcr_c.a(_deferredlazyseek.o)
                0x00002db2                _deferredlazyseek
 .text.__flsbuf
                0x00002df2      0x140 c:/nxp/mcuxpressoide_10.3.1_2233/ide/plugins/com.nxp.mcuxpresso.tools.win32_10.3.0.201811011841/tools/bin/../lib/gcc/arm-none-eabi/7.3.1/../../../../arm-none-eabi/lib/thumb/v7e-m/fpv4-sp/hard\libcr_c.a(_deferredlazyseek.o)
                0x00002df2                __flsbuf
 .text._fflush  0x00002f32       0x52 c:/nxp/mcuxpressoide_10.3.1_2233/ide/plugins/com.nxp.mcuxpresso.tools.win32_10.3.0.201811011841/tools/bin/../lib/gcc/arm-none-eabi/7.3.1/../../../../arm-none-eabi/lib/thumb/v7e-m/fpv4-sp/hard\libcr_c.a(_fflush.o)
                0x00002f32                _fflush
 .text.free     0x00002f84       0x30 c:/nxp/mcuxpressoide_10.3.1_2233/ide/plugins/com.nxp.mcuxpresso.tools.win32_10.3.0.201811011841/tools/bin/../lib/gcc/arm-none-eabi/7.3.1/../../../../arm-none-eabi/lib/thumb/v7e-m/fpv4-sp/hard\libcr_c.a(alloc.o)
                0x00002f84                free
 .text.fputs    0x00002fb4       0x2c c:/nxp/mcuxpressoide_10.3.1_2233/ide/plugins/com.nxp.mcuxpresso.tools.win32_10.3.0.201811011841/tools/bin/../lib/gcc/arm-none-eabi/7.3.1/../../../../arm-none-eabi/lib/thumb/v7e-m/fpv4-sp/hard\libcr_c.a(fputs.o)
                0x00002fb4                fputs
 .text.no_fp_display
                0x00002fe0        0x4 c:/nxp/mcuxpressoide_10.3.1_2233/ide/plugins/com.nxp.mcuxpresso.tools.win32_10.3.0.201811011841/tools/bin/../lib/gcc/arm-none-eabi/7.3.1/../../../../arm-none-eabi/lib/thumb/v7e-m/fpv4-sp/hard\libcr_c.a(printf.o)
 .text.strlen   0x00002fe4       0x4a c:/nxp/mcuxpressoide_10.3.1_2233/ide/plugins/com.nxp.mcuxpresso.tools.win32_10.3.0.201811011841/tools/bin/../lib/gcc/arm-none-eabi/7.3.1/../../../../arm-none-eabi/lib/thumb/v7e-m/fpv4-sp/hard\libcr_c.a(strlen.o)
                0x00002fe4                strlen
 .text._fdopen  0x0000302e       0x68 c:/nxp/mcuxpressoide_10.3.1_2233/ide/plugins/com.nxp.mcuxpresso.tools.win32_10.3.0.201811011841/tools/bin/../lib/gcc/arm-none-eabi/7.3.1/../../../../arm-none-eabi/lib/thumb/v7e-m/fpv4-sp/hard\libcr_c.a(_fdopen.o)
                0x0000302e                _fdopen
 .text.fclose   0x00003096       0x58 c:/nxp/mcuxpressoide_10.3.1_2233/ide/plugins/com.nxp.mcuxpresso.tools.win32_10.3.0.201811011841/tools/bin/../lib/gcc/arm-none-eabi/7.3.1/../../../../arm-none-eabi/lib/thumb/v7e-m/fpv4-sp/hard\libcr_c.a(fclose.o)
                0x00003096                fclose
 .text.remove   0x000030ee       0x14 c:/nxp/mcuxpressoide_10.3.1_2233/ide/plugins/com.nxp.mcuxpresso.tools.win32_10.3.0.201811011841/tools/bin/../lib/gcc/arm-none-eabi/7.3.1/../../../../arm-none-eabi/lib/thumb/v7e-m/fpv4-sp/hard\libcr_c.a(remove.o)
                0x000030ee                remove
 .text._do_fflush
                0x00003102       0x40 c:/nxp/mcuxpressoide_10.3.1_2233/ide/plugins/com.nxp.mcuxpresso.tools.win32_10.3.0.201811011841/tools/bin/../lib/gcc/arm-none-eabi/7.3.1/../../../../arm-none-eabi/lib/thumb/v7e-m/fpv4-sp/hard\libcr_c.a(_do_fflush.o)
                0x00003102                _do_fflush
 .text.__aeabi_memset_lowlevel
                0x00003142       0x32 c:/nxp/mcuxpressoide_10.3.1_2233/ide/plugins/com.nxp.mcuxpresso.tools.win32_10.3.0.201811011841/tools/bin/../lib/gcc/arm-none-eabi/7.3.1/thumb/v7e-m/fpv4-sp/hard\libcr_eabihelpers.a(memcpy.o)
                0x00003142                __aeabi_lowlevel_memset
 .text.__sys_close
                0x00003174        0xc c:/nxp/mcuxpressoide_10.3.1_2233/ide/plugins/com.nxp.mcuxpresso.tools.win32_10.3.0.201811011841/tools/bin/../lib/gcc/arm-none-eabi/7.3.1/../../../../arm-none-eabi/lib/thumb/v7e-m/fpv4-sp/hard\libcr_semihost_nf.a(__sys_close.o)
                0x00003174                __sys_close
 .text.__sys_flen
                0x00003180        0xc c:/nxp/mcuxpressoide_10.3.1_2233/ide/plugins/com.nxp.mcuxpresso.tools.win32_10.3.0.201811011841/tools/bin/../lib/gcc/arm-none-eabi/7.3.1/../../../../arm-none-eabi/lib/thumb/v7e-m/fpv4-sp/hard\libcr_semihost_nf.a(__sys_flen.o)
                0x00003180                __sys_flen
 .text.__sys_istty
                0x0000318c        0xc c:/nxp/mcuxpressoide_10.3.1_2233/ide/plugins/com.nxp.mcuxpresso.tools.win32_10.3.0.201811011841/tools/bin/../lib/gcc/arm-none-eabi/7.3.1/../../../../arm-none-eabi/lib/thumb/v7e-m/fpv4-sp/hard\libcr_semihost_nf.a(__sys_istty.o)
                0x0000318c                __sys_istty
 .text.__sys_read
                0x00003198        0xc c:/nxp/mcuxpressoide_10.3.1_2233/ide/plugins/com.nxp.mcuxpresso.tools.win32_10.3.0.201811011841/tools/bin/../lib/gcc/arm-none-eabi/7.3.1/../../../../arm-none-eabi/lib/thumb/v7e-m/fpv4-sp/hard\libcr_semihost_nf.a(__sys_read.o)
                0x00003198                __sys_read
 .text.__sys_readc
                0x000031a4        0x8 c:/nxp/mcuxpressoide_10.3.1_2233/ide/plugins/com.nxp.mcuxpresso.tools.win32_10.3.0.201811011841/tools/bin/../lib/gcc/arm-none-eabi/7.3.1/../../../../arm-none-eabi/lib/thumb/v7e-m/fpv4-sp/hard\libcr_semihost_nf.a(__sys_readc.o)
                0x000031a4                __sys_readc
                0x000031a4                __readc
 .text.__sys_remove
                0x000031ac        0xc c:/nxp/mcuxpressoide_10.3.1_2233/ide/plugins/com.nxp.mcuxpresso.tools.win32_10.3.0.201811011841/tools/bin/../lib/gcc/arm-none-eabi/7.3.1/../../../../arm-none-eabi/lib/thumb/v7e-m/fpv4-sp/hard\libcr_semihost_nf.a(__sys_remove.o)
                0x000031ac                __sys_remove
 .text.__sys_seek
                0x000031b8        0xc c:/nxp/mcuxpressoide_10.3.1_2233/ide/plugins/com.nxp.mcuxpresso.tools.win32_10.3.0.201811011841/tools/bin/../lib/gcc/arm-none-eabi/7.3.1/../../../../arm-none-eabi/lib/thumb/v7e-m/fpv4-sp/hard\libcr_semihost_nf.a(__sys_seek.o)
                0x000031b8                __sys_seek
 .text.__sys_tmpnam
                0x000031c4        0xc c:/nxp/mcuxpressoide_10.3.1_2233/ide/plugins/com.nxp.mcuxpresso.tools.win32_10.3.0.201811011841/tools/bin/../lib/gcc/arm-none-eabi/7.3.1/../../../../arm-none-eabi/lib/thumb/v7e-m/fpv4-sp/hard\libcr_semihost_nf.a(__sys_tmpnam.o)
                0x000031c4                __sys_tmpnam
 .text.__sys_write
                0x000031d0        0xc c:/nxp/mcuxpressoide_10.3.1_2233/ide/plugins/com.nxp.mcuxpresso.tools.win32_10.3.0.201811011841/tools/bin/../lib/gcc/arm-none-eabi/7.3.1/../../../../arm-none-eabi/lib/thumb/v7e-m/fpv4-sp/hard\libcr_semihost_nf.a(__sys_write.o)
                0x000031d0                __sys_write
 *(SORT_BY_ALIGNMENT(.rodata) SORT_BY_ALIGNMENT(.rodata.*) SORT_BY_ALIGNMENT(.constdata) SORT_BY_ALIGNMENT(.constdata.*))
 .rodata        0x000031dc      0x1b7 ./utilities/fsl_debug_console.o
 *fill*         0x00003393        0x1 ff
 .rodata        0x00003394        0xf ./source/hello_world.o
 *fill*         0x000033a3        0x1 ff
 .rodata        0x000033a4      0x2a1 ./drivers/fsl_clock.o
 *fill*         0x00003645        0x3 ff
 .rodata.fllFactorTable.8178
                0x00003648       0x10 ./drivers/fsl_clock.o
 .rodata.s_uartBases
                0x00003658       0x14 ./drivers/fsl_uart.o
 .rodata.s_uartClock
                0x0000366c       0x14 ./drivers/fsl_uart.o
 .rodata        0x00003680      0x514 ./drivers/fsl_uart.o
 .rodata.s_UartAdapterBase
                0x00003b94       0x14 ./component/uart/uart_adapter.o
 .rodata        0x00003ba8      0x25e ./component/uart/uart_adapter.o
 *fill*         0x00003e06        0x2 ff
 .rodata        0x00003e08      0x521 ./component/serial_manager/serial_manager.o
 *fill*         0x00004329        0x3 ff
 .rodata        0x0000432c      0x244 ./component/serial_manager/serial_port_uart.o
 .rodata.mcgConfig_BOARD_BootClockRUN
                0x00004570        0xc ./board/clock_config.o
                0x00004570                mcgConfig_BOARD_BootClockRUN
 .rodata.simConfig_BOARD_BootClockRUN
                0x0000457c        0x8 ./board/clock_config.o
                0x0000457c                simConfig_BOARD_BootClockRUN
 .rodata.oscConfig_BOARD_BootClockRUN
                0x00004584        0x8 ./board/clock_config.o
                0x00004584                oscConfig_BOARD_BootClockRUN
 .rodata.__num_Ciob_streams
                0x0000458c        0x4 c:/nxp/mcuxpressoide_10.3.1_2233/ide/plugins/com.nxp.mcuxpresso.tools.win32_10.3.0.201811011841/tools/bin/../lib/gcc/arm-none-eabi/7.3.1/../../../../arm-none-eabi/lib/thumb/v7e-m/fpv4-sp/hard\libcr_semihost_nf.a(__ciob.o)
                0x0000458c                __num_Ciob_streams
 .rodata.__assertion_failed.str1.1
                0x00004590       0x15 c:/nxp/mcuxpressoide_10.3.1_2233/ide/plugins/com.nxp.mcuxpresso.tools.win32_10.3.0.201811011841/tools/bin/../lib/gcc/arm-none-eabi/7.3.1/../../../../arm-none-eabi/lib/thumb/v7e-m/fpv4-sp/hard\libcr_semihost_nf.a(_cr_assert.o)
 .rodata._Csys_alloc.str1.1
                0x000045a5       0x18 c:/nxp/mcuxpressoide_10.3.1_2233/ide/plugins/com.nxp.mcuxpresso.tools.win32_10.3.0.201811011841/tools/bin/../lib/gcc/arm-none-eabi/7.3.1/../../../../arm-none-eabi/lib/thumb/v7e-m/fpv4-sp/hard\libcr_c.a(alloc.o)
 .rodata._initio.str1.1
                0x000045bd        0x4 c:/nxp/mcuxpressoide_10.3.1_2233/ide/plugins/com.nxp.mcuxpresso.tools.win32_10.3.0.201811011841/tools/bin/../lib/gcc/arm-none-eabi/7.3.1/../../../../arm-none-eabi/lib/thumb/v7e-m/fpv4-sp/hard\libcr_c.a(initio.o)
 .rodata.__vfprintf.str1.1
                0x000045c1       0x35 c:/nxp/mcuxpressoide_10.3.1_2233/ide/plugins/com.nxp.mcuxpresso.tools.win32_10.3.0.201811011841/tools/bin/../lib/gcc/arm-none-eabi/7.3.1/../../../../arm-none-eabi/lib/thumb/v7e-m/fpv4-sp/hard\libcr_c.a(printf.o)
                                 0x38 (size before relaxing)
                0x000045f8                . = ALIGN (0x8)
 *fill*         0x000045f6        0x2 ff

.glue_7         0x000045f8        0x0
 .glue_7        0x000045f8        0x0 linker stubs

.glue_7t        0x000045f8        0x0
 .glue_7t       0x000045f8        0x0 linker stubs

.vfp11_veneer   0x000045f8        0x0
 .vfp11_veneer  0x000045f8        0x0 linker stubs

.v4_bx          0x000045f8        0x0
 .v4_bx         0x000045f8        0x0 linker stubs

.iplt           0x000045f8        0x0
 .iplt          0x000045f8        0x0 ./utilities/fsl_debug_console.o

.rel.dyn        0x000045f8        0x0
 .rel.iplt      0x000045f8        0x0 ./utilities/fsl_debug_console.o

.ARM.extab
 *(SORT_BY_ALIGNMENT(.ARM.extab*) SORT_BY_ALIGNMENT(.gnu.linkonce.armextab.*))
                0x000045f8                __exidx_start = .

.ARM.exidx
 *(SORT_BY_ALIGNMENT(.ARM.exidx*) SORT_BY_ALIGNMENT(.gnu.linkonce.armexidx.*))
                0x000045f8                __exidx_end = .
                0x000045f8                _etext = .

.m_usb_data
 *(SORT_BY_ALIGNMENT(m_usb_bdt))

.data_RAM2      0x1fff0000        0x0 load address 0x000045f8
 FILL mask 0xff
                [!provide]                PROVIDE (__start_data_RAM2 = .)
 *(SORT_BY_ALIGNMENT(.ramfunc.$RAM2))
 *(SORT_BY_ALIGNMENT(.ramfunc.$SRAM_LOWER))
 *(SORT_BY_ALIGNMENT(NonCacheable.init))
 *(SORT_BY_ALIGNMENT(.data.$RAM2*))
 *(SORT_BY_ALIGNMENT(.data.$SRAM_LOWER*))
                0x1fff0000                . = ALIGN (0x8)
                [!provide]                PROVIDE (__end_data_RAM2 = .)

.data_RAM3      0x14000000        0x0 load address 0x000045f8
 FILL mask 0xff
                [!provide]                PROVIDE (__start_data_RAM3 = .)
 *(SORT_BY_ALIGNMENT(.ramfunc.$RAM3))
 *(SORT_BY_ALIGNMENT(.ramfunc.$FLEX_RAM))
 *(SORT_BY_ALIGNMENT(.data.$RAM3*))
 *(SORT_BY_ALIGNMENT(.data.$FLEX_RAM*))
                0x14000000                . = ALIGN (0x8)
                [!provide]                PROVIDE (__end_data_RAM3 = .)

.uninit_RESERVED
                0x20000000        0x0
 *(SORT_BY_ALIGNMENT(.bss.$RESERVED*))
                0x20000000                . = ALIGN (0x4)
                0x20000000                _end_uninit_RESERVED = .

.data           0x20000000       0x10 load address 0x000045f8
 FILL mask 0xff
                0x20000000                _data = .
 *(SORT_BY_ALIGNMENT(vtable))
 *(SORT_BY_ALIGNMENT(.ramfunc*))
 *(SORT_BY_ALIGNMENT(.data*))
 .data.s_slowIrcFreq
                0x20000000        0x4 ./drivers/fsl_clock.o
 .data.s_fastIrcFreq
                0x20000004        0x4 ./drivers/fsl_clock.o
 .data.SystemCoreClock
                0x20000008        0x4 ./device/system_MK66F18.o
                0x20000008                SystemCoreClock
                0x20000010                . = ALIGN (0x8)
 *fill*         0x2000000c        0x4 ff
                0x20000010                _edata = .

.igot.plt       0x20000010        0x0 load address 0x00004608
 .igot.plt      0x20000010        0x0 ./utilities/fsl_debug_console.o

.bss_RAM2       0x1fff0000        0x0
                [!provide]                PROVIDE (__start_bss_RAM2 = .)
 *(SORT_BY_ALIGNMENT(NonCacheable))
 *(SORT_BY_ALIGNMENT(.bss.$RAM2*))
 *(SORT_BY_ALIGNMENT(.bss.$SRAM_LOWER*))
                0x1fff0000                . = ALIGN ((. != 0x0)?0x8:0x1)
                [!provide]                PROVIDE (__end_bss_RAM2 = .)

.bss_RAM3       0x14000000        0x0
                [!provide]                PROVIDE (__start_bss_RAM3 = .)
 *(SORT_BY_ALIGNMENT(.bss.$RAM3*))
 *(SORT_BY_ALIGNMENT(.bss.$FLEX_RAM*))
                0x14000000                . = ALIGN ((. != 0x0)?0x8:0x1)
                [!provide]                PROVIDE (__end_bss_RAM3 = .)

.bss            0x20000010      0x110
                0x20000010                _bss = .
 *(SORT_BY_ALIGNMENT(.bss*))
 .bss.s_debugConsoleState
                0x20000010       0x1c ./utilities/fsl_debug_console.o
 .bss.g_serialHandle
                0x2000002c        0x4 ./utilities/fsl_debug_console.o
                0x2000002c                g_serialHandle
 .bss.s_extPllFreq
                0x20000030        0x4 ./drivers/fsl_clock.o
 .bss.g_xtal0Freq
                0x20000034        0x4 ./drivers/fsl_clock.o
                0x20000034                g_xtal0Freq
 .bss.g_xtal32Freq
                0x20000038        0x4 ./drivers/fsl_clock.o
                0x20000038                g_xtal32Freq
 .bss.s_lpuartHandle
                0x2000003c        0x4 ./drivers/fsl_lpuart.o
 .bss.s_lpuartIsr
                0x20000040        0x4 ./drivers/fsl_lpuart.o
 .bss.s_uartHandle
                0x20000044       0x14 ./drivers/fsl_uart.o
 .bss.s_uartIsr
                0x20000058        0x4 ./drivers/fsl_uart.o
 .bss.__Ciob    0x2000005c       0xb4 c:/nxp/mcuxpressoide_10.3.1_2233/ide/plugins/com.nxp.mcuxpresso.tools.win32_10.3.0.201811011841/tools/bin/../lib/gcc/arm-none-eabi/7.3.1/../../../../arm-none-eabi/lib/thumb/v7e-m/fpv4-sp/hard\libcr_semihost_nf.a(__ciob.o)
                0x2000005c                __Ciob
 .bss.__end_of_heap
                0x20000110        0x4 c:/nxp/mcuxpressoide_10.3.1_2233/ide/plugins/com.nxp.mcuxpresso.tools.win32_10.3.0.201811011841/tools/bin/../lib/gcc/arm-none-eabi/7.3.1/../../../../arm-none-eabi/lib/thumb/v7e-m/fpv4-sp/hard\libcr_c.a(__init_alloc.o)
                0x20000110                __end_of_heap
 .bss.__heaps   0x20000114        0x4 c:/nxp/mcuxpressoide_10.3.1_2233/ide/plugins/com.nxp.mcuxpresso.tools.win32_10.3.0.201811011841/tools/bin/../lib/gcc/arm-none-eabi/7.3.1/../../../../arm-none-eabi/lib/thumb/v7e-m/fpv4-sp/hard\libcr_c.a(__init_alloc.o)
                0x20000114                __heaps
 .bss.errno     0x20000118        0x4 c:/nxp/mcuxpressoide_10.3.1_2233/ide/plugins/com.nxp.mcuxpresso.tools.win32_10.3.0.201811011841/tools/bin/../lib/gcc/arm-none-eabi/7.3.1/../../../../arm-none-eabi/lib/thumb/v7e-m/fpv4-sp/hard\libcr_c.a(errno.o)
                0x20000118                errno
 *(SORT_BY_ALIGNMENT(COMMON))
                0x20000120                . = ALIGN (0x8)
 *fill*         0x2000011c        0x4 
                0x20000120                _ebss = .
                [!provide]                PROVIDE (end = .)

.noinit_RAM2    0x1fff0000        0x0
 *(SORT_BY_ALIGNMENT(.noinit.$RAM2*))
 *(SORT_BY_ALIGNMENT(.noinit.$SRAM_LOWER*))
                0x1fff0000                . = ALIGN (0x8)

.noinit_RAM3    0x14000000        0x0
 *(SORT_BY_ALIGNMENT(.noinit.$RAM3*))
 *(SORT_BY_ALIGNMENT(.noinit.$FLEX_RAM*))
                0x14000000                . = ALIGN (0x8)

.noinit         0x20000120        0x0
                0x20000120                _noinit = .
 *(SORT_BY_ALIGNMENT(.noinit*))
                0x20000120                . = ALIGN (0x8)
                0x20000120                _end_noinit = .
                0x00001000                _HeapSize = 0x1000

.heap           0x20000120     0x1000
                0x20000120                _pvHeapStart = .
                0x20001120                . = (. + _HeapSize)
 *fill*         0x20000120     0x1000 
                0x20001120                . = ALIGN (0x8)
                0x20001120                _pvHeapLimit = .
                0x00001000                _StackSize = 0x1000

.heap2stackfill
                0x20001120     0x1000
                0x20002120                . = (. + _StackSize)
 *fill*         0x20001120     0x1000 

.stack          0x2002f000        0x0
                0x2002f000                _vStackBase = .
                0x2002f000                . = ALIGN (0x8)
                0x20030000                _vStackTop = (. + _StackSize)
                0x00000000                _image_start = LOADADDR (.text)
                0x00004608                _image_end = (LOADADDR (.data) + SIZEOF (.data))
                0x00004608                _image_size = (_image_end - _image_start)
OUTPUT(frdmk66f_hello_world.axf elf32-littlearm)

.debug_info     0x00000000     0xac35
 .debug_info    0x00000000      0x878 ./utilities/fsl_debug_console.o
 .debug_info    0x00000878      0x9ac ./startup/startup_mk66f18.o
 .debug_info    0x00001224      0x5c5 ./source/hello_world.o
 .debug_info    0x000017e9       0x3b ./source/semihost_hardfault.o
 .debug_info    0x00001824     0x261d ./drivers/fsl_clock.o
 .debug_info    0x00003e41     0x195f ./drivers/fsl_lpuart.o
 .debug_info    0x000057a0     0x1b7e ./drivers/fsl_uart.o
 .debug_info    0x0000731e      0x9ef ./device/system_MK66F18.o
 .debug_info    0x00007d0d      0xa32 ./component/uart/uart_adapter.o
 .debug_info    0x0000873f      0x6fe ./component/serial_manager/serial_manager.o
 .debug_info    0x00008e3d      0x4bd ./component/serial_manager/serial_port_uart.o
 .debug_info    0x000092fa      0x5db ./board/board.o
 .debug_info    0x000098d5      0xc8e ./board/clock_config.o
 .debug_info    0x0000a563      0x6d2 ./board/pin_mux.o

.debug_abbrev   0x00000000     0x17dc
 .debug_abbrev  0x00000000      0x19a ./utilities/fsl_debug_console.o
 .debug_abbrev  0x0000019a      0x15c ./startup/startup_mk66f18.o
 .debug_abbrev  0x000002f6      0x130 ./source/hello_world.o
 .debug_abbrev  0x00000426       0x2f ./source/semihost_hardfault.o
 .debug_abbrev  0x00000455      0x310 ./drivers/fsl_clock.o
 .debug_abbrev  0x00000765      0x2d1 ./drivers/fsl_lpuart.o
 .debug_abbrev  0x00000a36      0x303 ./drivers/fsl_uart.o
 .debug_abbrev  0x00000d39      0x154 ./device/system_MK66F18.o
 .debug_abbrev  0x00000e8d      0x1c2 ./component/uart/uart_adapter.o
 .debug_abbrev  0x0000104f      0x163 ./component/serial_manager/serial_manager.o
 .debug_abbrev  0x000011b2      0x148 ./component/serial_manager/serial_port_uart.o
 .debug_abbrev  0x000012fa      0x13f ./board/board.o
 .debug_abbrev  0x00001439      0x20a ./board/clock_config.o
 .debug_abbrev  0x00001643      0x199 ./board/pin_mux.o

.debug_aranges  0x00000000      0xad0
 .debug_aranges
                0x00000000       0x50 ./utilities/fsl_debug_console.o
 .debug_aranges
                0x00000050      0x3a0 ./startup/startup_mk66f18.o
 .debug_aranges
                0x000003f0       0x20 ./source/hello_world.o
 .debug_aranges
                0x00000410       0x20 ./source/semihost_hardfault.o
 .debug_aranges
                0x00000430      0x248 ./drivers/fsl_clock.o
 .debug_aranges
                0x00000678      0x118 ./drivers/fsl_lpuart.o
 .debug_aranges
                0x00000790      0x160 ./drivers/fsl_uart.o
 .debug_aranges
                0x000008f0       0x30 ./device/system_MK66F18.o
 .debug_aranges
                0x00000920       0x40 ./component/uart/uart_adapter.o
 .debug_aranges
                0x00000960       0x88 ./component/serial_manager/serial_manager.o
 .debug_aranges
                0x000009e8       0x38 ./component/serial_manager/serial_port_uart.o
 .debug_aranges
                0x00000a20       0x20 ./board/board.o
 .debug_aranges
                0x00000a40       0x60 ./board/clock_config.o
 .debug_aranges
                0x00000aa0       0x30 ./board/pin_mux.o

.debug_ranges   0x00000000      0x9f0
 .debug_ranges  0x00000000       0x40 ./utilities/fsl_debug_console.o
 .debug_ranges  0x00000040      0x390 ./startup/startup_mk66f18.o
 .debug_ranges  0x000003d0       0x10 ./source/hello_world.o
 .debug_ranges  0x000003e0       0x10 ./source/semihost_hardfault.o
 .debug_ranges  0x000003f0      0x238 ./drivers/fsl_clock.o
 .debug_ranges  0x00000628      0x108 ./drivers/fsl_lpuart.o
 .debug_ranges  0x00000730      0x150 ./drivers/fsl_uart.o
 .debug_ranges  0x00000880       0x20 ./device/system_MK66F18.o
 .debug_ranges  0x000008a0       0x30 ./component/uart/uart_adapter.o
 .debug_ranges  0x000008d0       0x78 ./component/serial_manager/serial_manager.o
 .debug_ranges  0x00000948       0x28 ./component/serial_manager/serial_port_uart.o
 .debug_ranges  0x00000970       0x10 ./board/board.o
 .debug_ranges  0x00000980       0x50 ./board/clock_config.o
 .debug_ranges  0x000009d0       0x20 ./board/pin_mux.o

.debug_macro    0x00000000     0x12f6
 .debug_macro   0x00000000      0x183 ./utilities/fsl_debug_console.o
 .debug_macro   0x00000183       0x16 ./utilities/fsl_debug_console.o
 .debug_macro   0x00000199       0x10 ./utilities/fsl_debug_console.o
 .debug_macro   0x000001a9       0x28 ./utilities/fsl_debug_console.o
 .debug_macro   0x000001d1       0x41 ./utilities/fsl_debug_console.o
 .debug_macro   0x00000212       0x16 ./utilities/fsl_debug_console.o
 .debug_macro   0x00000228       0x1c ./utilities/fsl_debug_console.o
 .debug_macro   0x00000244       0x29 ./startup/startup_mk66f18.o
 .debug_macro   0x0000026d      0x16e ./source/hello_world.o
 .debug_macro   0x000003db       0x22 ./source/hello_world.o
 .debug_macro   0x000003fd       0x10 ./source/hello_world.o
 .debug_macro   0x0000040d       0x16 ./source/hello_world.o
 .debug_macro   0x00000423      0x287 ./source/hello_world.o
 .debug_macro   0x000006aa       0x64 ./source/hello_world.o
 .debug_macro   0x0000070e       0x11 ./source/semihost_hardfault.o
 .debug_macro   0x0000071f      0x1cb ./drivers/fsl_clock.o
 .debug_macro   0x000008ea      0x109 ./drivers/fsl_lpuart.o
 .debug_macro   0x000009f3      0x10f ./drivers/fsl_uart.o
 .debug_macro   0x00000b02       0x98 ./device/system_MK66F18.o
 .debug_macro   0x00000b9a      0x105 ./component/uart/uart_adapter.o
 .debug_macro   0x00000c9f       0x10 ./component/uart/uart_adapter.o
 .debug_macro   0x00000caf       0x1c ./component/uart/uart_adapter.o
 .debug_macro   0x00000ccb      0x122 ./component/serial_manager/serial_manager.o
 .debug_macro   0x00000ded      0x113 ./component/serial_manager/serial_port_uart.o
 .debug_macro   0x00000f00       0x1c ./component/serial_manager/serial_port_uart.o
 .debug_macro   0x00000f1c      0x167 ./board/board.o
 .debug_macro   0x00001083       0x1c ./board/board.o
 .debug_macro   0x0000109f      0x152 ./board/clock_config.o
 .debug_macro   0x000011f1      0x105 ./board/pin_mux.o

.debug_line     0x00000000     0x4525
 .debug_line    0x00000000      0x426 ./utilities/fsl_debug_console.o
 .debug_line    0x00000426      0x7d0 ./startup/startup_mk66f18.o
 .debug_line    0x00000bf6      0x36a ./source/hello_world.o
 .debug_line    0x00000f60       0x54 ./source/semihost_hardfault.o
 .debug_line    0x00000fb4      0xc0d ./drivers/fsl_clock.o
 .debug_line    0x00001bc1      0x7d7 ./drivers/fsl_lpuart.o
 .debug_line    0x00002398      0xa29 ./drivers/fsl_uart.o
 .debug_line    0x00002dc1      0x29e ./device/system_MK66F18.o
 .debug_line    0x0000305f      0x365 ./component/uart/uart_adapter.o
 .debug_line    0x000033c4      0x4aa ./component/serial_manager/serial_manager.o
 .debug_line    0x0000386e      0x370 ./component/serial_manager/serial_port_uart.o
 .debug_line    0x00003bde      0x324 ./board/board.o
 .debug_line    0x00003f02      0x363 ./board/clock_config.o
 .debug_line    0x00004265      0x2c0 ./board/pin_mux.o

.debug_str      0x00000000    0xbc05c
 .debug_str     0x00000000    0xb5350 ./utilities/fsl_debug_console.o
                              0xb5428 (size before relaxing)
 .debug_str     0x000b5350      0x977 ./startup/startup_mk66f18.o
                               0x3802 (size before relaxing)
 .debug_str     0x000b5cc7     0x1723 ./source/hello_world.o
                              0xb5aaa (size before relaxing)
 .debug_str     0x000b73ea       0x1f ./source/semihost_hardfault.o
                               0x2e0a (size before relaxing)
 .debug_str     0x000b7409     0x20b8 ./drivers/fsl_clock.o
                              0xb69ae (size before relaxing)
 .debug_str     0x000b94c1     0x1458 ./drivers/fsl_lpuart.o
                              0xb5de0 (size before relaxing)
 .debug_str     0x000ba919      0x93e ./drivers/fsl_uart.o
                              0xb5dbb (size before relaxing)
 .debug_str     0x000bb257      0x111 ./device/system_MK66F18.o
                              0xb302b (size before relaxing)
 .debug_str     0x000bb368      0x30b ./component/uart/uart_adapter.o
                              0xb4b33 (size before relaxing)
 .debug_str     0x000bb673      0x36c ./component/serial_manager/serial_manager.o
                              0xb44d0 (size before relaxing)
 .debug_str     0x000bb9df       0xfc ./component/serial_manager/serial_port_uart.o
                              0xb457d (size before relaxing)
 .debug_str     0x000bbadb       0x37 ./board/board.o
                              0xb58e8 (size before relaxing)
 .debug_str     0x000bbb12      0x3e6 ./board/clock_config.o
                              0xb4ef4 (size before relaxing)
 .debug_str     0x000bbef8      0x164 ./board/pin_mux.o
                              0xb451a (size before relaxing)

.comment        0x00000000       0x7f
 .comment       0x00000000       0x7f ./utilities/fsl_debug_console.o
                                 0x80 (size before relaxing)
 .comment       0x0000007f       0x80 ./startup/startup_mk66f18.o
 .comment       0x0000007f       0x80 ./source/hello_world.o
 .comment       0x0000007f       0x80 ./source/semihost_hardfault.o
 .comment       0x0000007f       0x80 ./drivers/fsl_clock.o
 .comment       0x0000007f       0x80 ./drivers/fsl_lpuart.o
 .comment       0x0000007f       0x80 ./drivers/fsl_uart.o
 .comment       0x0000007f       0x80 ./device/system_MK66F18.o
 .comment       0x0000007f       0x80 ./component/uart/uart_adapter.o
 .comment       0x0000007f       0x80 ./component/serial_manager/serial_manager.o
 .comment       0x0000007f       0x80 ./component/serial_manager/serial_port_uart.o
 .comment       0x0000007f       0x80 ./board/board.o
 .comment       0x0000007f       0x80 ./board/clock_config.o
 .comment       0x0000007f       0x80 ./board/pin_mux.o
 .comment       0x0000007f       0x80 c:/nxp/mcuxpressoide_10.3.1_2233/ide/plugins/com.nxp.mcuxpresso.tools.win32_10.3.0.201811011841/tools/bin/../lib/gcc/arm-none-eabi/7.3.1/../../../../arm-none-eabi/lib/thumb/v7e-m/fpv4-sp/hard\libcr_semihost_nf.a(__ciob.o)
 .comment       0x0000007f       0x80 c:/nxp/mcuxpressoide_10.3.1_2233/ide/plugins/com.nxp.mcuxpresso.tools.win32_10.3.0.201811011841/tools/bin/../lib/gcc/arm-none-eabi/7.3.1/../../../../arm-none-eabi/lib/thumb/v7e-m/fpv4-sp/hard\libcr_semihost_nf.a(_cr__main.o)
 .comment       0x0000007f       0x80 c:/nxp/mcuxpressoide_10.3.1_2233/ide/plugins/com.nxp.mcuxpresso.tools.win32_10.3.0.201811011841/tools/bin/../lib/gcc/arm-none-eabi/7.3.1/../../../../arm-none-eabi/lib/thumb/v7e-m/fpv4-sp/hard\libcr_semihost_nf.a(_cr_assert.o)
 .comment       0x0000007f       0x80 c:/nxp/mcuxpressoide_10.3.1_2233/ide/plugins/com.nxp.mcuxpresso.tools.win32_10.3.0.201811011841/tools/bin/../lib/gcc/arm-none-eabi/7.3.1/../../../../arm-none-eabi/lib/thumb/v7e-m/fpv4-sp/hard\libcr_c.a(memset.o)
 .comment       0x0000007f       0x80 c:/nxp/mcuxpressoide_10.3.1_2233/ide/plugins/com.nxp.mcuxpresso.tools.win32_10.3.0.201811011841/tools/bin/../lib/gcc/arm-none-eabi/7.3.1/../../../../arm-none-eabi/lib/thumb/v7e-m/fpv4-sp/hard\libcr_c.a(__fillbuf.o)
 .comment       0x0000007f       0x80 c:/nxp/mcuxpressoide_10.3.1_2233/ide/plugins/com.nxp.mcuxpresso.tools.win32_10.3.0.201811011841/tools/bin/../lib/gcc/arm-none-eabi/7.3.1/../../../../arm-none-eabi/lib/thumb/v7e-m/fpv4-sp/hard\libcr_c.a(_deferredlazyseek.o)
 .comment       0x0000007f       0x80 c:/nxp/mcuxpressoide_10.3.1_2233/ide/plugins/com.nxp.mcuxpresso.tools.win32_10.3.0.201811011841/tools/bin/../lib/gcc/arm-none-eabi/7.3.1/../../../../arm-none-eabi/lib/thumb/v7e-m/fpv4-sp/hard\libcr_c.a(_fflush.o)
 .comment       0x0000007f       0x80 c:/nxp/mcuxpressoide_10.3.1_2233/ide/plugins/com.nxp.mcuxpresso.tools.win32_10.3.0.201811011841/tools/bin/../lib/gcc/arm-none-eabi/7.3.1/../../../../arm-none-eabi/lib/thumb/v7e-m/fpv4-sp/hard\libcr_c.a(_writebuf.o)
 .comment       0x0000007f       0x80 c:/nxp/mcuxpressoide_10.3.1_2233/ide/plugins/com.nxp.mcuxpresso.tools.win32_10.3.0.201811011841/tools/bin/../lib/gcc/arm-none-eabi/7.3.1/../../../../arm-none-eabi/lib/thumb/v7e-m/fpv4-sp/hard\libcr_c.a(alloc.o)
 .comment       0x0000007f       0x80 c:/nxp/mcuxpressoide_10.3.1_2233/ide/plugins/com.nxp.mcuxpresso.tools.win32_10.3.0.201811011841/tools/bin/../lib/gcc/arm-none-eabi/7.3.1/../../../../arm-none-eabi/lib/thumb/v7e-m/fpv4-sp/hard\libcr_c.a(fputs.o)
 .comment       0x0000007f       0x80 c:/nxp/mcuxpressoide_10.3.1_2233/ide/plugins/com.nxp.mcuxpresso.tools.win32_10.3.0.201811011841/tools/bin/../lib/gcc/arm-none-eabi/7.3.1/../../../../arm-none-eabi/lib/thumb/v7e-m/fpv4-sp/hard\libcr_c.a(fseek.o)
 .comment       0x0000007f       0x80 c:/nxp/mcuxpressoide_10.3.1_2233/ide/plugins/com.nxp.mcuxpresso.tools.win32_10.3.0.201811011841/tools/bin/../lib/gcc/arm-none-eabi/7.3.1/../../../../arm-none-eabi/lib/thumb/v7e-m/fpv4-sp/hard\libcr_c.a(ftell.o)
 .comment       0x0000007f       0x80 c:/nxp/mcuxpressoide_10.3.1_2233/ide/plugins/com.nxp.mcuxpresso.tools.win32_10.3.0.201811011841/tools/bin/../lib/gcc/arm-none-eabi/7.3.1/../../../../arm-none-eabi/lib/thumb/v7e-m/fpv4-sp/hard\libcr_c.a(initio.o)
 .comment       0x0000007f       0x80 c:/nxp/mcuxpressoide_10.3.1_2233/ide/plugins/com.nxp.mcuxpresso.tools.win32_10.3.0.201811011841/tools/bin/../lib/gcc/arm-none-eabi/7.3.1/../../../../arm-none-eabi/lib/thumb/v7e-m/fpv4-sp/hard\libcr_c.a(printf.o)
 .comment       0x0000007f       0x80 c:/nxp/mcuxpressoide_10.3.1_2233/ide/plugins/com.nxp.mcuxpresso.tools.win32_10.3.0.201811011841/tools/bin/../lib/gcc/arm-none-eabi/7.3.1/../../../../arm-none-eabi/lib/thumb/v7e-m/fpv4-sp/hard\libcr_c.a(setvbuf.o)
 .comment       0x0000007f       0x80 c:/nxp/mcuxpressoide_10.3.1_2233/ide/plugins/com.nxp.mcuxpresso.tools.win32_10.3.0.201811011841/tools/bin/../lib/gcc/arm-none-eabi/7.3.1/../../../../arm-none-eabi/lib/thumb/v7e-m/fpv4-sp/hard\libcr_c.a(strlen.o)
 .comment       0x0000007f       0x80 c:/nxp/mcuxpressoide_10.3.1_2233/ide/plugins/com.nxp.mcuxpresso.tools.win32_10.3.0.201811011841/tools/bin/../lib/gcc/arm-none-eabi/7.3.1/../../../../arm-none-eabi/lib/thumb/v7e-m/fpv4-sp/hard\libcr_c.a(__init_alloc.o)
 .comment       0x0000007f       0x80 c:/nxp/mcuxpressoide_10.3.1_2233/ide/plugins/com.nxp.mcuxpresso.tools.win32_10.3.0.201811011841/tools/bin/../lib/gcc/arm-none-eabi/7.3.1/../../../../arm-none-eabi/lib/thumb/v7e-m/fpv4-sp/hard\libcr_c.a(_cr_sbrk.o)
 .comment       0x0000007f       0x80 c:/nxp/mcuxpressoide_10.3.1_2233/ide/plugins/com.nxp.mcuxpresso.tools.win32_10.3.0.201811011841/tools/bin/../lib/gcc/arm-none-eabi/7.3.1/../../../../arm-none-eabi/lib/thumb/v7e-m/fpv4-sp/hard\libcr_c.a(_fdopen.o)
 .comment       0x0000007f       0x80 c:/nxp/mcuxpressoide_10.3.1_2233/ide/plugins/com.nxp.mcuxpresso.tools.win32_10.3.0.201811011841/tools/bin/../lib/gcc/arm-none-eabi/7.3.1/../../../../arm-none-eabi/lib/thumb/v7e-m/fpv4-sp/hard\libcr_c.a(errno.o)
 .comment       0x0000007f       0x80 c:/nxp/mcuxpressoide_10.3.1_2233/ide/plugins/com.nxp.mcuxpresso.tools.win32_10.3.0.201811011841/tools/bin/../lib/gcc/arm-none-eabi/7.3.1/../../../../arm-none-eabi/lib/thumb/v7e-m/fpv4-sp/hard\libcr_c.a(fclose.o)
 .comment       0x0000007f       0x80 c:/nxp/mcuxpressoide_10.3.1_2233/ide/plugins/com.nxp.mcuxpresso.tools.win32_10.3.0.201811011841/tools/bin/../lib/gcc/arm-none-eabi/7.3.1/../../../../arm-none-eabi/lib/thumb/v7e-m/fpv4-sp/hard\libcr_c.a(fflush.o)
 .comment       0x0000007f       0x80 c:/nxp/mcuxpressoide_10.3.1_2233/ide/plugins/com.nxp.mcuxpresso.tools.win32_10.3.0.201811011841/tools/bin/../lib/gcc/arm-none-eabi/7.3.1/../../../../arm-none-eabi/lib/thumb/v7e-m/fpv4-sp/hard\libcr_c.a(remove.o)
 .comment       0x0000007f       0x80 c:/nxp/mcuxpressoide_10.3.1_2233/ide/plugins/com.nxp.mcuxpresso.tools.win32_10.3.0.201811011841/tools/bin/../lib/gcc/arm-none-eabi/7.3.1/../../../../arm-none-eabi/lib/thumb/v7e-m/fpv4-sp/hard\libcr_c.a(_cr_check_heap.o)
 .comment       0x0000007f       0x80 c:/nxp/mcuxpressoide_10.3.1_2233/ide/plugins/com.nxp.mcuxpresso.tools.win32_10.3.0.201811011841/tools/bin/../lib/gcc/arm-none-eabi/7.3.1/../../../../arm-none-eabi/lib/thumb/v7e-m/fpv4-sp/hard\libcr_c.a(_do_fflush.o)

.ARM.attributes
                0x00000000       0x37
 .ARM.attributes
                0x00000000       0x39 ./utilities/fsl_debug_console.o
 .ARM.attributes
                0x00000039       0x39 ./startup/startup_mk66f18.o
 .ARM.attributes
                0x00000072       0x39 ./source/hello_world.o
 .ARM.attributes
                0x000000ab       0x39 ./source/semihost_hardfault.o
 .ARM.attributes
                0x000000e4       0x39 ./drivers/fsl_clock.o
 .ARM.attributes
                0x0000011d       0x39 ./drivers/fsl_lpuart.o
 .ARM.attributes
                0x00000156       0x39 ./drivers/fsl_uart.o
 .ARM.attributes
                0x0000018f       0x39 ./device/system_MK66F18.o
 .ARM.attributes
                0x000001c8       0x39 ./component/uart/uart_adapter.o
 .ARM.attributes
                0x00000201       0x39 ./component/serial_manager/serial_manager.o
 .ARM.attributes
                0x0000023a       0x39 ./component/serial_manager/serial_port_uart.o
 .ARM.attributes
                0x00000273       0x39 ./board/board.o
 .ARM.attributes
                0x000002ac       0x39 ./board/clock_config.o
 .ARM.attributes
                0x000002e5       0x39 ./board/pin_mux.o
 .ARM.attributes
                0x0000031e       0x39 c:/nxp/mcuxpressoide_10.3.1_2233/ide/plugins/com.nxp.mcuxpresso.tools.win32_10.3.0.201811011841/tools/bin/../lib/gcc/arm-none-eabi/7.3.1/../../../../arm-none-eabi/lib/thumb/v7e-m/fpv4-sp/hard\libcr_semihost_nf.a(__ciob.o)
 .ARM.attributes
                0x00000357       0x39 c:/nxp/mcuxpressoide_10.3.1_2233/ide/plugins/com.nxp.mcuxpresso.tools.win32_10.3.0.201811011841/tools/bin/../lib/gcc/arm-none-eabi/7.3.1/../../../../arm-none-eabi/lib/thumb/v7e-m/fpv4-sp/hard\libcr_semihost_nf.a(_cr__main.o)
 .ARM.attributes
                0x00000390       0x39 c:/nxp/mcuxpressoide_10.3.1_2233/ide/plugins/com.nxp.mcuxpresso.tools.win32_10.3.0.201811011841/tools/bin/../lib/gcc/arm-none-eabi/7.3.1/../../../../arm-none-eabi/lib/thumb/v7e-m/fpv4-sp/hard\libcr_semihost_nf.a(_cr_assert.o)
 .ARM.attributes
                0x000003c9       0x25 c:/nxp/mcuxpressoide_10.3.1_2233/ide/plugins/com.nxp.mcuxpresso.tools.win32_10.3.0.201811011841/tools/bin/../lib/gcc/arm-none-eabi/7.3.1/../../../../arm-none-eabi/lib/thumb/v7e-m/fpv4-sp/hard\libcr_semihost_nf.a(__sys_appexit.o)
 .ARM.attributes
                0x000003ee       0x39 c:/nxp/mcuxpressoide_10.3.1_2233/ide/plugins/com.nxp.mcuxpresso.tools.win32_10.3.0.201811011841/tools/bin/../lib/gcc/arm-none-eabi/7.3.1/../../../../arm-none-eabi/lib/thumb/v7e-m/fpv4-sp/hard\libcr_c.a(memset.o)
 .ARM.attributes
                0x00000427       0x39 c:/nxp/mcuxpressoide_10.3.1_2233/ide/plugins/com.nxp.mcuxpresso.tools.win32_10.3.0.201811011841/tools/bin/../lib/gcc/arm-none-eabi/7.3.1/../../../../arm-none-eabi/lib/thumb/v7e-m/fpv4-sp/hard\libcr_c.a(__fillbuf.o)
 .ARM.attributes
                0x00000460       0x39 c:/nxp/mcuxpressoide_10.3.1_2233/ide/plugins/com.nxp.mcuxpresso.tools.win32_10.3.0.201811011841/tools/bin/../lib/gcc/arm-none-eabi/7.3.1/../../../../arm-none-eabi/lib/thumb/v7e-m/fpv4-sp/hard\libcr_c.a(_deferredlazyseek.o)
 .ARM.attributes
                0x00000499       0x39 c:/nxp/mcuxpressoide_10.3.1_2233/ide/plugins/com.nxp.mcuxpresso.tools.win32_10.3.0.201811011841/tools/bin/../lib/gcc/arm-none-eabi/7.3.1/../../../../arm-none-eabi/lib/thumb/v7e-m/fpv4-sp/hard\libcr_c.a(_fflush.o)
 .ARM.attributes
                0x000004d2       0x39 c:/nxp/mcuxpressoide_10.3.1_2233/ide/plugins/com.nxp.mcuxpresso.tools.win32_10.3.0.201811011841/tools/bin/../lib/gcc/arm-none-eabi/7.3.1/../../../../arm-none-eabi/lib/thumb/v7e-m/fpv4-sp/hard\libcr_c.a(_writebuf.o)
 .ARM.attributes
                0x0000050b       0x39 c:/nxp/mcuxpressoide_10.3.1_2233/ide/plugins/com.nxp.mcuxpresso.tools.win32_10.3.0.201811011841/tools/bin/../lib/gcc/arm-none-eabi/7.3.1/../../../../arm-none-eabi/lib/thumb/v7e-m/fpv4-sp/hard\libcr_c.a(alloc.o)
 .ARM.attributes
                0x00000544       0x39 c:/nxp/mcuxpressoide_10.3.1_2233/ide/plugins/com.nxp.mcuxpresso.tools.win32_10.3.0.201811011841/tools/bin/../lib/gcc/arm-none-eabi/7.3.1/../../../../arm-none-eabi/lib/thumb/v7e-m/fpv4-sp/hard\libcr_c.a(fputs.o)
 .ARM.attributes
                0x0000057d       0x39 c:/nxp/mcuxpressoide_10.3.1_2233/ide/plugins/com.nxp.mcuxpresso.tools.win32_10.3.0.201811011841/tools/bin/../lib/gcc/arm-none-eabi/7.3.1/../../../../arm-none-eabi/lib/thumb/v7e-m/fpv4-sp/hard\libcr_c.a(fseek.o)
 .ARM.attributes
                0x000005b6       0x39 c:/nxp/mcuxpressoide_10.3.1_2233/ide/plugins/com.nxp.mcuxpresso.tools.win32_10.3.0.201811011841/tools/bin/../lib/gcc/arm-none-eabi/7.3.1/../../../../arm-none-eabi/lib/thumb/v7e-m/fpv4-sp/hard\libcr_c.a(ftell.o)
 .ARM.attributes
                0x000005ef       0x39 c:/nxp/mcuxpressoide_10.3.1_2233/ide/plugins/com.nxp.mcuxpresso.tools.win32_10.3.0.201811011841/tools/bin/../lib/gcc/arm-none-eabi/7.3.1/../../../../arm-none-eabi/lib/thumb/v7e-m/fpv4-sp/hard\libcr_c.a(initio.o)
 .ARM.attributes
                0x00000628       0x39 c:/nxp/mcuxpressoide_10.3.1_2233/ide/plugins/com.nxp.mcuxpresso.tools.win32_10.3.0.201811011841/tools/bin/../lib/gcc/arm-none-eabi/7.3.1/../../../../arm-none-eabi/lib/thumb/v7e-m/fpv4-sp/hard\libcr_c.a(printf.o)
 .ARM.attributes
                0x00000661       0x39 c:/nxp/mcuxpressoide_10.3.1_2233/ide/plugins/com.nxp.mcuxpresso.tools.win32_10.3.0.201811011841/tools/bin/../lib/gcc/arm-none-eabi/7.3.1/../../../../arm-none-eabi/lib/thumb/v7e-m/fpv4-sp/hard\libcr_c.a(setvbuf.o)
 .ARM.attributes
                0x0000069a       0x39 c:/nxp/mcuxpressoide_10.3.1_2233/ide/plugins/com.nxp.mcuxpresso.tools.win32_10.3.0.201811011841/tools/bin/../lib/gcc/arm-none-eabi/7.3.1/../../../../arm-none-eabi/lib/thumb/v7e-m/fpv4-sp/hard\libcr_c.a(strlen.o)
 .ARM.attributes
                0x000006d3       0x39 c:/nxp/mcuxpressoide_10.3.1_2233/ide/plugins/com.nxp.mcuxpresso.tools.win32_10.3.0.201811011841/tools/bin/../lib/gcc/arm-none-eabi/7.3.1/../../../../arm-none-eabi/lib/thumb/v7e-m/fpv4-sp/hard\libcr_c.a(__init_alloc.o)
 .ARM.attributes
                0x0000070c       0x39 c:/nxp/mcuxpressoide_10.3.1_2233/ide/plugins/com.nxp.mcuxpresso.tools.win32_10.3.0.201811011841/tools/bin/../lib/gcc/arm-none-eabi/7.3.1/../../../../arm-none-eabi/lib/thumb/v7e-m/fpv4-sp/hard\libcr_c.a(_cr_sbrk.o)
 .ARM.attributes
                0x00000745       0x39 c:/nxp/mcuxpressoide_10.3.1_2233/ide/plugins/com.nxp.mcuxpresso.tools.win32_10.3.0.201811011841/tools/bin/../lib/gcc/arm-none-eabi/7.3.1/../../../../arm-none-eabi/lib/thumb/v7e-m/fpv4-sp/hard\libcr_c.a(_fdopen.o)
 .ARM.attributes
                0x0000077e       0x39 c:/nxp/mcuxpressoide_10.3.1_2233/ide/plugins/com.nxp.mcuxpresso.tools.win32_10.3.0.201811011841/tools/bin/../lib/gcc/arm-none-eabi/7.3.1/../../../../arm-none-eabi/lib/thumb/v7e-m/fpv4-sp/hard\libcr_c.a(errno.o)
 .ARM.attributes
                0x000007b7       0x39 c:/nxp/mcuxpressoide_10.3.1_2233/ide/plugins/com.nxp.mcuxpresso.tools.win32_10.3.0.201811011841/tools/bin/../lib/gcc/arm-none-eabi/7.3.1/../../../../arm-none-eabi/lib/thumb/v7e-m/fpv4-sp/hard\libcr_c.a(fclose.o)
 .ARM.attributes
                0x000007f0       0x39 c:/nxp/mcuxpressoide_10.3.1_2233/ide/plugins/com.nxp.mcuxpresso.tools.win32_10.3.0.201811011841/tools/bin/../lib/gcc/arm-none-eabi/7.3.1/../../../../arm-none-eabi/lib/thumb/v7e-m/fpv4-sp/hard\libcr_c.a(fflush.o)
 .ARM.attributes
                0x00000829       0x39 c:/nxp/mcuxpressoide_10.3.1_2233/ide/plugins/com.nxp.mcuxpresso.tools.win32_10.3.0.201811011841/tools/bin/../lib/gcc/arm-none-eabi/7.3.1/../../../../arm-none-eabi/lib/thumb/v7e-m/fpv4-sp/hard\libcr_c.a(remove.o)
 .ARM.attributes
                0x00000862       0x39 c:/nxp/mcuxpressoide_10.3.1_2233/ide/plugins/com.nxp.mcuxpresso.tools.win32_10.3.0.201811011841/tools/bin/../lib/gcc/arm-none-eabi/7.3.1/../../../../arm-none-eabi/lib/thumb/v7e-m/fpv4-sp/hard\libcr_c.a(_cr_check_heap.o)
 .ARM.attributes
                0x0000089b       0x39 c:/nxp/mcuxpressoide_10.3.1_2233/ide/plugins/com.nxp.mcuxpresso.tools.win32_10.3.0.201811011841/tools/bin/../lib/gcc/arm-none-eabi/7.3.1/../../../../arm-none-eabi/lib/thumb/v7e-m/fpv4-sp/hard\libcr_c.a(_do_fflush.o)
 .ARM.attributes
                0x000008d4       0x25 c:/nxp/mcuxpressoide_10.3.1_2233/ide/plugins/com.nxp.mcuxpresso.tools.win32_10.3.0.201811011841/tools/bin/../lib/gcc/arm-none-eabi/7.3.1/thumb/v7e-m/fpv4-sp/hard\libcr_eabihelpers.a(memcpy.o)
 .ARM.attributes
                0x000008f9       0x25 c:/nxp/mcuxpressoide_10.3.1_2233/ide/plugins/com.nxp.mcuxpresso.tools.win32_10.3.0.201811011841/tools/bin/../lib/gcc/arm-none-eabi/7.3.1/../../../../arm-none-eabi/lib/thumb/v7e-m/fpv4-sp/hard\libcr_semihost_nf.a(__sys_close.o)
 .ARM.attributes
                0x0000091e       0x25 c:/nxp/mcuxpressoide_10.3.1_2233/ide/plugins/com.nxp.mcuxpresso.tools.win32_10.3.0.201811011841/tools/bin/../lib/gcc/arm-none-eabi/7.3.1/../../../../arm-none-eabi/lib/thumb/v7e-m/fpv4-sp/hard\libcr_semihost_nf.a(__sys_flen.o)
 .ARM.attributes
                0x00000943       0x25 c:/nxp/mcuxpressoide_10.3.1_2233/ide/plugins/com.nxp.mcuxpresso.tools.win32_10.3.0.201811011841/tools/bin/../lib/gcc/arm-none-eabi/7.3.1/../../../../arm-none-eabi/lib/thumb/v7e-m/fpv4-sp/hard\libcr_semihost_nf.a(__sys_istty.o)
 .ARM.attributes
                0x00000968       0x25 c:/nxp/mcuxpressoide_10.3.1_2233/ide/plugins/com.nxp.mcuxpresso.tools.win32_10.3.0.201811011841/tools/bin/../lib/gcc/arm-none-eabi/7.3.1/../../../../arm-none-eabi/lib/thumb/v7e-m/fpv4-sp/hard\libcr_semihost_nf.a(__sys_read.o)
 .ARM.attributes
                0x0000098d       0x25 c:/nxp/mcuxpressoide_10.3.1_2233/ide/plugins/com.nxp.mcuxpresso.tools.win32_10.3.0.201811011841/tools/bin/../lib/gcc/arm-none-eabi/7.3.1/../../../../arm-none-eabi/lib/thumb/v7e-m/fpv4-sp/hard\libcr_semihost_nf.a(__sys_readc.o)
 .ARM.attributes
                0x000009b2       0x25 c:/nxp/mcuxpressoide_10.3.1_2233/ide/plugins/com.nxp.mcuxpresso.tools.win32_10.3.0.201811011841/tools/bin/../lib/gcc/arm-none-eabi/7.3.1/../../../../arm-none-eabi/lib/thumb/v7e-m/fpv4-sp/hard\libcr_semihost_nf.a(__sys_remove.o)
 .ARM.attributes
                0x000009d7       0x25 c:/nxp/mcuxpressoide_10.3.1_2233/ide/plugins/com.nxp.mcuxpresso.tools.win32_10.3.0.201811011841/tools/bin/../lib/gcc/arm-none-eabi/7.3.1/../../../../arm-none-eabi/lib/thumb/v7e-m/fpv4-sp/hard\libcr_semihost_nf.a(__sys_seek.o)
 .ARM.attributes
                0x000009fc       0x25 c:/nxp/mcuxpressoide_10.3.1_2233/ide/plugins/com.nxp.mcuxpresso.tools.win32_10.3.0.201811011841/tools/bin/../lib/gcc/arm-none-eabi/7.3.1/../../../../arm-none-eabi/lib/thumb/v7e-m/fpv4-sp/hard\libcr_semihost_nf.a(__sys_tmpnam.o)
 .ARM.attributes
                0x00000a21       0x25 c:/nxp/mcuxpressoide_10.3.1_2233/ide/plugins/com.nxp.mcuxpresso.tools.win32_10.3.0.201811011841/tools/bin/../lib/gcc/arm-none-eabi/7.3.1/../../../../arm-none-eabi/lib/thumb/v7e-m/fpv4-sp/hard\libcr_semihost_nf.a(__sys_write.o)

.debug_frame    0x00000000     0x25ac
 .debug_frame   0x00000000      0x100 ./utilities/fsl_debug_console.o
 .debug_frame   0x00000100      0xa54 ./startup/startup_mk66f18.o
 .debug_frame   0x00000b54       0x30 ./source/hello_world.o
 .debug_frame   0x00000b84       0x20 ./source/semihost_hardfault.o
 .debug_frame   0x00000ba4      0x9c0 ./drivers/fsl_clock.o
 .debug_frame   0x00001564      0x4b4 ./drivers/fsl_lpuart.o
 .debug_frame   0x00001a18      0x5b4 ./drivers/fsl_uart.o
 .debug_frame   0x00001fcc       0x74 ./device/system_MK66F18.o
 .debug_frame   0x00002040       0xc8 ./component/uart/uart_adapter.o
 .debug_frame   0x00002108      0x208 ./component/serial_manager/serial_manager.o
 .debug_frame   0x00002310       0xa0 ./component/serial_manager/serial_port_uart.o
 .debug_frame   0x000023b0       0x34 ./board/board.o
 .debug_frame   0x000023e4      0x14c ./board/clock_config.o
 .debug_frame   0x00002530       0x7c ./board/pin_mux.o
