Archive member included to satisfy reference by file (symbol)

c:/nxp/mcuxpressoide_11.0.0_2516/ide/plugins/com.nxp.mcuxpresso.tools.win32_11.0.0.201905131304/tools/bin/../lib/gcc/arm-none-eabi/8.2.1/../../../../arm-none-eabi/lib/thumb/v7e-m+fp/hard\libcr_semihost_nf.a(_cr__main.o)
                              ./startup/startup_mk66f18.o (__main)
c:/nxp/mcuxpressoide_11.0.0_2516/ide/plugins/com.nxp.mcuxpresso.tools.win32_11.0.0.201905131304/tools/bin/../lib/gcc/arm-none-eabi/8.2.1/../../../../arm-none-eabi/lib/thumb/v7e-m+fp/hard\libcr_semihost_nf.a(_cr_assert.o)
                              ./utilities/fsl_debug_console.o (__assertion_failed)
c:/nxp/mcuxpressoide_11.0.0_2516/ide/plugins/com.nxp.mcuxpresso.tools.win32_11.0.0.201905131304/tools/bin/../lib/gcc/arm-none-eabi/8.2.1/../../../../arm-none-eabi/lib/thumb/v7e-m+fp/hard\libcr_semihost_nf.a(__ciob.o)
                              c:/nxp/mcuxpressoide_11.0.0_2516/ide/plugins/com.nxp.mcuxpresso.tools.win32_11.0.0.201905131304/tools/bin/../lib/gcc/arm-none-eabi/8.2.1/../../../../arm-none-eabi/lib/thumb/v7e-m+fp/hard\libcr_semihost_nf.a(_cr_assert.o) (__Ciob)
c:/nxp/mcuxpressoide_11.0.0_2516/ide/plugins/com.nxp.mcuxpresso.tools.win32_11.0.0.201905131304/tools/bin/../lib/gcc/arm-none-eabi/8.2.1/../../../../arm-none-eabi/lib/thumb/v7e-m+fp/hard\libcr_semihost_nf.a(__sys_appexit.o)
                              c:/nxp/mcuxpressoide_11.0.0_2516/ide/plugins/com.nxp.mcuxpresso.tools.win32_11.0.0.201905131304/tools/bin/../lib/gcc/arm-none-eabi/8.2.1/../../../../arm-none-eabi/lib/thumb/v7e-m+fp/hard\libcr_semihost_nf.a(_cr_assert.o) (__sys_appexit)
c:/nxp/mcuxpressoide_11.0.0_2516/ide/plugins/com.nxp.mcuxpresso.tools.win32_11.0.0.201905131304/tools/bin/../lib/gcc/arm-none-eabi/8.2.1/../../../../arm-none-eabi/lib/thumb/v7e-m+fp/hard\libcr_c.a(memcpy.o)
                              ./drivers/fsl_ftfx_cache.o (memcpy)
c:/nxp/mcuxpressoide_11.0.0_2516/ide/plugins/com.nxp.mcuxpresso.tools.win32_11.0.0.201905131304/tools/bin/../lib/gcc/arm-none-eabi/8.2.1/../../../../arm-none-eabi/lib/thumb/v7e-m+fp/hard\libcr_c.a(memset.o)
                              ./utilities/fsl_debug_console.o (memset)
c:/nxp/mcuxpressoide_11.0.0_2516/ide/plugins/com.nxp.mcuxpresso.tools.win32_11.0.0.201905131304/tools/bin/../lib/gcc/arm-none-eabi/8.2.1/../../../../arm-none-eabi/lib/thumb/v7e-m+fp/hard\libcr_c.a(_deferredlazyseek.o)
                              c:/nxp/mcuxpressoide_11.0.0_2516/ide/plugins/com.nxp.mcuxpresso.tools.win32_11.0.0.201905131304/tools/bin/../lib/gcc/arm-none-eabi/8.2.1/../../../../arm-none-eabi/lib/thumb/v7e-m+fp/hard\libcr_semihost_nf.a(_cr_assert.o) (__flsbuf)
c:/nxp/mcuxpressoide_11.0.0_2516/ide/plugins/com.nxp.mcuxpresso.tools.win32_11.0.0.201905131304/tools/bin/../lib/gcc/arm-none-eabi/8.2.1/../../../../arm-none-eabi/lib/thumb/v7e-m+fp/hard\libcr_c.a(_fflush.o)
                              c:/nxp/mcuxpressoide_11.0.0_2516/ide/plugins/com.nxp.mcuxpresso.tools.win32_11.0.0.201905131304/tools/bin/../lib/gcc/arm-none-eabi/8.2.1/../../../../arm-none-eabi/lib/thumb/v7e-m+fp/hard\libcr_c.a(_deferredlazyseek.o) (_fflush)
c:/nxp/mcuxpressoide_11.0.0_2516/ide/plugins/com.nxp.mcuxpresso.tools.win32_11.0.0.201905131304/tools/bin/../lib/gcc/arm-none-eabi/8.2.1/../../../../arm-none-eabi/lib/thumb/v7e-m+fp/hard\libcr_c.a(_writebuf.o)
                              c:/nxp/mcuxpressoide_11.0.0_2516/ide/plugins/com.nxp.mcuxpresso.tools.win32_11.0.0.201905131304/tools/bin/../lib/gcc/arm-none-eabi/8.2.1/../../../../arm-none-eabi/lib/thumb/v7e-m+fp/hard\libcr_c.a(_deferredlazyseek.o) (_Cwritebuf)
c:/nxp/mcuxpressoide_11.0.0_2516/ide/plugins/com.nxp.mcuxpresso.tools.win32_11.0.0.201905131304/tools/bin/../lib/gcc/arm-none-eabi/8.2.1/../../../../arm-none-eabi/lib/thumb/v7e-m+fp/hard\libcr_c.a(alloc.o)
                              ./drivers/fsl_common.o (malloc)
c:/nxp/mcuxpressoide_11.0.0_2516/ide/plugins/com.nxp.mcuxpresso.tools.win32_11.0.0.201905131304/tools/bin/../lib/gcc/arm-none-eabi/8.2.1/../../../../arm-none-eabi/lib/thumb/v7e-m+fp/hard\libcr_c.a(fputs.o)
                              c:/nxp/mcuxpressoide_11.0.0_2516/ide/plugins/com.nxp.mcuxpresso.tools.win32_11.0.0.201905131304/tools/bin/../lib/gcc/arm-none-eabi/8.2.1/../../../../arm-none-eabi/lib/thumb/v7e-m+fp/hard\libcr_semihost_nf.a(_cr_assert.o) (fputs)
c:/nxp/mcuxpressoide_11.0.0_2516/ide/plugins/com.nxp.mcuxpresso.tools.win32_11.0.0.201905131304/tools/bin/../lib/gcc/arm-none-eabi/8.2.1/../../../../arm-none-eabi/lib/thumb/v7e-m+fp/hard\libcr_c.a(fseek.o)
                              c:/nxp/mcuxpressoide_11.0.0_2516/ide/plugins/com.nxp.mcuxpresso.tools.win32_11.0.0.201905131304/tools/bin/../lib/gcc/arm-none-eabi/8.2.1/../../../../arm-none-eabi/lib/thumb/v7e-m+fp/hard\libcr_c.a(_deferredlazyseek.o) (fseek)
c:/nxp/mcuxpressoide_11.0.0_2516/ide/plugins/com.nxp.mcuxpresso.tools.win32_11.0.0.201905131304/tools/bin/../lib/gcc/arm-none-eabi/8.2.1/../../../../arm-none-eabi/lib/thumb/v7e-m+fp/hard\libcr_c.a(ftell.o)
[...]
Memory Configuration

Name             Origin             Length             Attributes
PROGRAM_FLASH    0x00000000         0x00200000         xr
SRAM_UPPER       0x20000000         0x00030000         xrw
SRAM_LOWER       0x1fff0000         0x00010000         xrw
FLEX_RAM         0x14000000         0x00001000         xrw
*default*        0x00000000         0xffffffff

Linker script and memory map

LOAD ./utilities/fsl_assert.o
LOAD ./utilities/fsl_debug_console.o
LOAD ./utilities/fsl_str.o
LOAD ./startup/startup_mk66f18.o
LOAD ./source/colors.o
LOAD ./source/main.o
LOAD ./source/pattern.o
LOAD ./source/perfs.o
LOAD ./source/semihost_hardfault.o
LOAD ./source/utils.o
LOAD ./drivers/fsl_adc16.o
LOAD ./drivers/fsl_clock.o
LOAD ./drivers/fsl_common.o
LOAD ./drivers/fsl_dmamux.o
LOAD ./drivers/fsl_dspi.o
LOAD ./drivers/fsl_dspi_edma.o
LOAD ./drivers/fsl_edma.o
LOAD ./drivers/fsl_ftfx_cache.o
LOAD ./drivers/fsl_ftfx_controller.o
LOAD ./drivers/fsl_ftfx_flash.o
LOAD ./drivers/fsl_ftfx_flexnvm.o
LOAD ./drivers/fsl_gpio.o
LOAD ./drivers/fsl_i2c.o
LOAD ./drivers/fsl_lpuart.o
LOAD ./drivers/fsl_rnga.o
LOAD ./drivers/fsl_smc.o
LOAD ./drivers/fsl_tpm.o
LOAD ./drivers/fsl_uart.o
LOAD ./device/system_MK66F18.o
LOAD ./component/uart/uart_adapter.o
LOAD ./component/serial_manager/serial_manager.o
LOAD ./component/serial_manager/serial_port_uart.o
LOAD ./component/lists/generic_list.o
LOAD ./board/board.o
LOAD ./board/clock_config.o
LOAD ./board/pin_mux.o
START GROUP
LOAD c:/nxp/mcuxpressoide_11.0.0_2516/ide/plugins/com.nxp.mcuxpresso.tools.win32_11.0.0.201905131304/tools/bin/../lib/gcc/arm-none-eabi/8.2.1/../../../../arm-none-eabi/lib/thumb/v7e-m+fp/hard\libcr_semihost_nf.a
LOAD c:/nxp/mcuxpressoide_11.0.0_2516/ide/plugins/com.nxp.mcuxpresso.tools.win32_11.0.0.201905131304/tools/bin/../lib/gcc/arm-none-eabi/8.2.1/../../../../arm-none-eabi/lib/thumb/v7e-m+fp/hard\libcr_c.a
LOAD c:/nxp/mcuxpressoide_11.0.0_2516/ide/plugins/com.nxp.mcuxpresso.tools.win32_11.0.0.201905131304/tools/bin/../lib/gcc/arm-none-eabi/8.2.1/thumb/v7e-m+fp/hard\libcr_eabihelpers.a
LOAD c:/nxp/mcuxpressoide_11.0.0_2516/ide/plugins/com.nxp.mcuxpresso.tools.win32_11.0.0.201905131304/tools/bin/../lib/gcc/arm-none-eabi/8.2.1/thumb/v7e-m+fp/hard\libgcc.a
END GROUP
                0x00000000                __base_PROGRAM_FLASH = 0x0
                0x00000000                __base_Flash = 0x0
                0x00200000                __top_PROGRAM_FLASH = 0x200000
                0x00200000                __top_Flash = 0x200000
                0x20000000                __base_SRAM_UPPER = 0x20000000
                0x20000000                __base_RAM = 0x20000000
                0x20030000                __top_SRAM_UPPER = 0x20030000
                0x20030000                __top_RAM = 0x20030000
                0x1fff0000                __base_SRAM_LOWER = 0x1fff0000
                0x1fff0000                __base_RAM2 = 0x1fff0000
                0x20000000                __top_SRAM_LOWER = 0x20000000
                0x20000000                __top_RAM2 = 0x20000000
                0x14000000                __base_FLEX_RAM = 0x14000000
                0x14000000                __base_RAM3 = 0x14000000
                0x14001000                __top_FLEX_RAM = 0x14001000
                0x14001000                __top_RAM3 = 0x14001000

.text           0x00000000     0xb540
 FILL mask 0xff
                0x00000000                __vectors_start__ = ABSOLUTE (.)
 *(SORT_BY_ALIGNMENT(.isr_vector))
 .isr_vector    0x00000000      0x1d0 ./startup/startup_mk66f18.o
                0x00000000                g_pfnVectors
                0x00000000                __Vectors
                0x000001d0                . = ALIGN (0x4)
                0x000001d0                __section_table_start = .
                0x000001d0                __data_section_table = .
                0x000001d0        0x4 LONG 0xb540 LOADADDR (.data)
                0x000001d4        0x4 LONG 0x20000000 ADDR (.data)
                0x000001d8        0x4 LONG 0x38 SIZEOF (.data)
                0x000001dc        0x4 LONG 0xb540 LOADADDR (.data_RAM2)
                0x000001e0        0x4 LONG 0x1fff0000 ADDR (.data_RAM2)
                0x000001e4        0x4 LONG 0x0 SIZEOF (.data_RAM2)
                0x000001e8        0x4 LONG 0xb540 LOADADDR (.data_RAM3)
                0x000001ec        0x4 LONG 0x14000000 ADDR (.data_RAM3)
                0x000001f0        0x4 LONG 0x0 SIZEOF (.data_RAM3)
                0x000001f4                __data_section_table_end = .
                0x000001f4                __bss_section_table = .
                0x000001f4        0x4 LONG 0x20000038 ADDR (.bss)
                0x000001f8        0x4 LONG 0x7468 SIZEOF (.bss)
                0x000001fc        0x4 LONG 0x1fff0000 ADDR (.bss_RAM2)
                0x00000200        0x4 LONG 0x0 SIZEOF (.bss_RAM2)
                0x00000204        0x4 LONG 0x14000000 ADDR (.bss_RAM3)
                0x00000208        0x4 LONG 0x0 SIZEOF (.bss_RAM3)
                0x0000020c                __bss_section_table_end = .
                0x0000020c                __section_table_end = .
 *(SORT_BY_ALIGNMENT(.after_vectors*))
 .after_vectors.reset
                0x0000020c       0x4c ./startup/startup_mk66f18.o
                0x0000020c                ResetISR
 .after_vectors.init_data
                0x00000258       0x1e ./startup/startup_mk66f18.o
                0x00000258                data_init
 .after_vectors.init_bss
                0x00000276       0x12 ./startup/startup_mk66f18.o
                0x00000276                bss_init
 .after_vectors
                0x00000288       0x14 ./startup/startup_mk66f18.o
                0x00000288                NMI_Handler
                0x0000028c                MemManage_Handler
                0x0000028e                BusFault_Handler
                0x00000290                UsageFault_Handler
                0x00000292                SVC_Handler
                0x00000294                DebugMon_Handler
                0x00000296                PendSV_Handler
                0x0000029a                FTM2_DriverIRQHandler
                0x0000029a                PIT2_DriverIRQHandler
                0x0000029a                TPM2_DriverIRQHandler
                0x0000029a                SDHC_DriverIRQHandler
                0x0000029a                I2S0_Tx_DriverIRQHandler
                0x0000029a                TSI0_DriverIRQHandler
                0x0000029a                RTC_Seconds_DriverIRQHandler
                0x0000029a                CMP3_DriverIRQHandler
                0x0000029a                LLWU_DriverIRQHandler
                0x0000029a                MCM_DriverIRQHandler
                0x0000029a                MCG_DriverIRQHandler
                0x0000029a                ENET_1588_Timer_DriverIRQHandler
                0x0000029a                DAC1_DriverIRQHandler
                0x0000029a                FTM1_DriverIRQHandler
                0x0000029a                CMP1_DriverIRQHandler
                0x0000029a                USBHSDCD_DriverIRQHandler
                0x0000029a                FTM0_DriverIRQHandler
                0x0000029a                IntDefaultHandler
                0x0000029a                USB0_DriverIRQHandler
                0x0000029a                PORTC_DriverIRQHandler
                0x0000029a                DAC0_DriverIRQHandler
                0x0000029a                CMP2_DriverIRQHandler
                0x0000029a                UART2_ERR_DriverIRQHandler
                0x0000029a                LVD_LVW_DriverIRQHandler
                0x0000029a                DMA_Error_DriverIRQHandler
                0x0000029a                PIT0_DriverIRQHandler
                0x0000029a                RNG_DriverIRQHandler
                0x0000029a                USBDCD_DriverIRQHandler
                0x0000029a                UART3_ERR_DriverIRQHandler
                0x0000029a                UART0_ERR_DriverIRQHandler
                0x0000029a                CMT_DriverIRQHandler
                0x0000029a                Reserved71_DriverIRQHandler
                0x0000029a                ADC1_DriverIRQHandler
                0x0000029a                PORTA_DriverIRQHandler
                0x0000029a                PIT3_DriverIRQHandler
                0x0000029a                PIT1_DriverIRQHandler
                0x0000029a                TPM1_DriverIRQHandler
                0x0000029a                WDOG_EWM_DriverIRQHandler
                0x0000029a                PDB0_DriverIRQHandler
                0x0000029a                RTC_DriverIRQHandler
                0x0000029a                I2S0_Rx_DriverIRQHandler
                0x0000029a                Read_Collision_DriverIRQHandler
                0x0000029a                SWI_DriverIRQHandler
                0x0000029a                UART4_ERR_DriverIRQHandler
                0x0000029a                LPTMR0_DriverIRQHandler
                0x0000029a                PORTB_DriverIRQHandler
                0x0000029a                ENET_Receive_DriverIRQHandler
                0x0000029a                ENET_Error_DriverIRQHandler
                0x0000029a                Reserved85_DriverIRQHandler
                0x0000029a                ADC0_DriverIRQHandler
                0x0000029a                USBHS_DriverIRQHandler
                0x0000029a                CMP0_DriverIRQHandler
                0x0000029a                CAN0_DriverIRQHandler
                0x0000029a                FTM3_DriverIRQHandler
                0x0000029a                Reserved84_DriverIRQHandler
                0x0000029a                UART1_ERR_DriverIRQHandler
                0x0000029a                ENET_Transmit_DriverIRQHandler
                0x0000029a                PORTD_DriverIRQHandler
                0x0000029a                Reserved46_DriverIRQHandler
                0x0000029a                PORTE_DriverIRQHandler
                0x0000029a                FTFE_DriverIRQHandler
                0x0000029a                CAN1_DriverIRQHandler
                0x00000400                . = 0x400
 *fill*         0x0000029c      0x164 ff
                0x00000400                PROVIDE (__FLASH_CONFIG_START__ = .)
 *(SORT_BY_ALIGNMENT(.FlashConfig))
 .FlashConfig   0x00000400       0x10 ./startup/startup_mk66f18.o
                0x00000400                Flash_Config
                0x00000410                PROVIDE (__FLASH_CONFIG_END__ = .)
                0x00000001                ASSERT (! ((__FLASH_CONFIG_START__ == __FLASH_CONFIG_END__)), Linker Flash Config Support Enabled, but no .FlashConfig section provided within application)
 *(SORT_BY_ALIGNMENT(.text*))
 .text.DbgConsole_Init
                0x00000410       0xf8 ./utilities/fsl_debug_console.o
                0x00000410                DbgConsole_Init
 .text.HsvToRgb
                0x00000508      0x154 ./source/colors.o
                0x00000508                HsvToRgb
 .text.initPins
                0x0000065c       0x48 ./source/main.o
                0x0000065c                initPins
 .text.__NVIC_SetPriority
                0x000006a4       0x54 ./source/pattern.o
 .text.SysTick_Config
                0x000006f8       0x44 ./source/pattern.o
 .text.SysTick_Handler
                0x0000073c       0x24 ./source/pattern.o
                0x0000073c                SysTick_Handler
 .text.SysTick_DelayTicks
                0x00000760       0x28 ./source/pattern.o
                0x00000760                SysTick_DelayTicks
 .text.setLedHsv
                0x00000788       0x64 ./source/pattern.o
                0x00000788                setLedHsv
 .text.initPatterns
                0x000007ec       0x24 ./source/pattern.o
                0x000007ec                initPatterns
 .text.fadeOff  0x00000810       0x34 ./source/pattern.o
                0x00000810                fadeOff
 .text.runPatterns
                0x00000844       0x48 ./source/pattern.o
                0x00000844                runPatterns
 .text.rainbowPattern
                0x0000088c       0x98 ./source/pattern.o
                0x0000088c                rainbowPattern
 .text.theaterChase
                0x00000924       0xbc ./source/pattern.o
                0x00000924                theaterChase
 .text.fade_all_and_set
                0x000009e0       0x80 ./source/pattern.o
                0x000009e0                fade_all_and_set
 .text.sparkelPattern
                0x00000a60       0x88 ./source/pattern.o
                0x00000a60                sparkelPattern
 .text.steroVuMeterCallback
                0x00000ae8       0xf8 ./source/pattern.o
                0x00000ae8                steroVuMeterCallback
 .text.steroVuMeter
                0x00000be0       0x1c ./source/pattern.o
                0x00000be0                steroVuMeter
 .text.monoVuMeterCallback
                0x00000bfc       0xf4 ./source/pattern.o
                0x00000bfc                monoVuMeterCallback
 .text.monoVuMeter
                0x00000cf0       0x1c ./source/pattern.o
                0x00000cf0                monoVuMeter
 .text.__NVIC_EnableIRQ
                0x00000d0c       0x3c ./source/perfs.o
 .text.CLOCK_SetTpmClock
                0x00000d48       0x3c ./source/perfs.o
 .text.PORT_SetPinConfig
                0x00000d84       0x38 ./source/perfs.o
 .text.DMAMUX_EnableChannel
                0x00000dbc       0x3c ./source/perfs.o
 .text.DMAMUX_SetSource
                0x00000df8       0x4c ./source/perfs.o
 .text.ADC16_GetChannelConversionValue
                0x00000e44       0x2c ./source/perfs.o
 .text.DSPI0_Callback
                0x00000e70       0x2c ./source/perfs.o
                0x00000e70                DSPI0_Callback
 .text.DSPI1_Callback
                0x00000e9c       0x2c ./source/perfs.o
                0x00000e9c                DSPI1_Callback
 .text.DSPI2_Callback
                0x00000ec8       0x2c ./source/perfs.o
                0x00000ec8                DSPI2_Callback
 .text.initEdma
                0x00000ef4      0x204 ./source/perfs.o
                0x00000ef4                initEdma
 .text.initDspi
                0x000010f8      0x150 ./source/perfs.o
                0x000010f8                initDspi
 .text.set_led_strip
                0x00001248       0xac ./source/perfs.o
                0x00001248                set_led_strip
 .text.setLed   0x000012f4       0xd0 ./source/perfs.o
                0x000012f4                setLed
 .text.ADC1_IRQHandler
                0x000013c4       0x6c ./source/perfs.o
                0x000013c4                ADC1_IRQHandler
 .text.TPM2_IRQHandler
                0x00001430       0x64 ./source/perfs.o
                0x00001430                TPM2_IRQHandler
 .text.readMsgeq07
                0x00001494       0x38 ./source/perfs.o
                0x00001494                readMsgeq07
 .text.initMsgeq07Timer
                0x000014cc       0x40 ./source/perfs.o
                0x000014cc                initMsgeq07Timer
 .text.initMsgEq07Pins
                0x0000150c       0x54 ./source/perfs.o
                0x0000150c                initMsgEq07Pins
 .text.initMsgeq07Adc
                0x00001560       0x6c ./source/perfs.o
                0x00001560                initMsgeq07Adc
 .text.setNextTimerInterrupt
                0x000015cc       0x68 ./source/perfs.o
                0x000015cc                setNextTimerInterrupt
 .text.setStrobePin
                0x00001634       0x34 ./source/perfs.o
                0x00001634                setStrobePin
 .text.setResetPin
                0x00001668       0x34 ./source/perfs.o
                0x00001668                setResetPin
 .text.getMode  0x0000169c       0x14 ./source/perfs.o
                0x0000169c                getMode
 .text.update_slave_xfer
                0x000016b0       0x7c ./source/perfs.o
                0x000016b0                update_slave_xfer
 .text.i2c_slave_callback
                0x0000172c      0x118 ./source/perfs.o
 .text.initI2cPins
                0x00001844       0x70 ./source/perfs.o
                0x00001844                initI2cPins
 .text.initI2c  0x000018b4       0x5c ./source/perfs.o
                0x000018b4                initI2c
 .text.initRgna
                0x00001910       0x14 ./source/perfs.o
                0x00001910                initRgna
 .text.get_rand_uint32
                0x00001924       0x40 ./source/perfs.o
                0x00001924                get_rand_uint32
 .text.get_rand_uint8
                0x00001964       0x40 ./source/perfs.o
                0x00001964                get_rand_uint8
 .text.initPerfs
                0x000019a4      0x110 ./source/perfs.o
                0x000019a4                initPerfs
 .text.ADC16_GetInstance
                0x00001ab4       0x4c ./drivers/fsl_adc16.o
 .text.ADC16_Init
                0x00001b00      0x10c ./drivers/fsl_adc16.o
                0x00001b00                ADC16_Init
 .text.ADC16_GetDefaultConfig
                0x00001c0c       0x60 ./drivers/fsl_adc16.o
                0x00001c0c                ADC16_GetDefaultConfig
 .text.ADC16_SetChannelConfig
                0x00001c6c       0x68 ./drivers/fsl_adc16.o
                0x00001c6c                ADC16_SetChannelConfig
 .text.ADC16_GetChannelStatusFlags
                0x00001cd4       0x40 ./drivers/fsl_adc16.o
                0x00001cd4                ADC16_GetChannelStatusFlags
 .text.CLOCK_SetEr32kClock
                0x00001d14       0x30 ./drivers/fsl_clock.o
 .text.CLOCK_SetPllFllSelClock
                0x00001d44       0x58 ./drivers/fsl_clock.o
 .text.CLOCK_GetMcgExtClkFreq
                0x00001d9c       0x78 ./drivers/fsl_clock.o
 .text.CLOCK_GetFllExtRefClkFreq
                0x00001e14       0xd0 ./drivers/fsl_clock.o
 .text.CLOCK_GetInternalRefClkSelectFreq
                0x00001ee4       0x44 ./drivers/fsl_clock.o
 .text.CLOCK_GetFllRefClkFreq
                0x00001f28       0x2c ./drivers/fsl_clock.o
 .text.CLOCK_GetOscRangeFromFreq
                0x00001f54       0x3c ./drivers/fsl_clock.o
 .text.CLOCK_GetOsc0ErClkUndivFreq
                0x00001f90       0x38 ./drivers/fsl_clock.o
                0x00001f90                CLOCK_GetOsc0ErClkUndivFreq
 .text.CLOCK_GetOsc0ErClkDivFreq
                0x00001fc8       0x48 ./drivers/fsl_clock.o
                0x00001fc8                CLOCK_GetOsc0ErClkDivFreq
 .text.CLOCK_GetEr32kClkFreq
                0x00002010       0x70 ./drivers/fsl_clock.o
                0x00002010                CLOCK_GetEr32kClkFreq
 .text.CLOCK_GetPllFllSelClkFreq
                0x00002080       0x90 ./drivers/fsl_clock.o
                0x00002080                CLOCK_GetPllFllSelClkFreq
 .text.CLOCK_GetCoreSysClkFreq
                0x00002110       0x28 ./drivers/fsl_clock.o
                0x00002110                CLOCK_GetCoreSysClkFreq
 .text.CLOCK_GetFreq
                0x00002138      0x150 ./drivers/fsl_clock.o
                0x00002138                CLOCK_GetFreq
 .text.CLOCK_SetSimConfig
                0x00002288       0x44 ./drivers/fsl_clock.o
                0x00002288                CLOCK_SetSimConfig
 .text.CLOCK_GetOutClkFreq
                0x000022cc       0x90 ./drivers/fsl_clock.o
                0x000022cc                CLOCK_GetOutClkFreq
 .text.CLOCK_GetFllFreq
                0x0000235c       0x7c ./drivers/fsl_clock.o
                0x0000235c                CLOCK_GetFllFreq
 .text.CLOCK_GetInternalRefClkFreq
                0x000023d8       0x24 ./drivers/fsl_clock.o
                0x000023d8                CLOCK_GetInternalRefClkFreq
 .text.CLOCK_GetPll0Freq
                0x000023fc       0x6c ./drivers/fsl_clock.o
                0x000023fc                CLOCK_GetPll0Freq
 .text.CLOCK_GetExtPllFreq
                0x00002468       0x18 ./drivers/fsl_clock.o
                0x00002468                CLOCK_GetExtPllFreq
 .text.CLOCK_SetExternalRefClkConfig
                0x00002480       0x6c ./drivers/fsl_clock.o
                0x00002480                CLOCK_SetExternalRefClkConfig
 .text.CLOCK_SetInternalRefClkConfig
                0x000024ec      0x104 ./drivers/fsl_clock.o
                0x000024ec                CLOCK_SetInternalRefClkConfig
 .text.CLOCK_EnablePll0
                0x000025f0       0x84 ./drivers/fsl_clock.o
                0x000025f0                CLOCK_EnablePll0
 .text.CLOCK_InitOsc0
                0x00002674       0x8c ./drivers/fsl_clock.o
                0x00002674                CLOCK_InitOsc0
 .text.CLOCK_SetPbeMode
                0x00002700       0xe8 ./drivers/fsl_clock.o
                0x00002700                CLOCK_SetPbeMode
 .text.CLOCK_BootToPeeMode
                0x000027e8       0x68 ./drivers/fsl_clock.o
                0x000027e8                CLOCK_BootToPeeMode
 .text.DMAMUX_GetInstance
                0x00002850       0x44 ./drivers/fsl_dmamux.o
 .text.DMAMUX_Init
                0x00002894       0x24 ./drivers/fsl_dmamux.o
                0x00002894                DMAMUX_Init
 .text.DSPI_GetInstance
                0x000028b8       0x4c ./drivers/fsl_dspi.o
                0x000028b8                DSPI_GetInstance
 .text.DSPI_SetDummyData
                0x00002904       0x2c ./drivers/fsl_dspi.o
                0x00002904                DSPI_SetDummyData
 .text.DSPI_MasterInit
                0x00002930      0x16c ./drivers/fsl_dspi.o
                0x00002930                DSPI_MasterInit
 .text.DSPI_MasterSetBaudRate
                0x00002a9c      0x120 ./drivers/fsl_dspi.o
                0x00002a9c                DSPI_MasterSetBaudRate
 .text.DSPI_MasterSetDelayTimes
                0x00002bbc      0x128 ./drivers/fsl_dspi.o
                0x00002bbc                DSPI_MasterSetDelayTimes
 .text.DSPI_CommonIRQHandler
                0x00002ce4       0x40 ./drivers/fsl_dspi.o
 .text.SPI0_DriverIRQHandler
                0x00002d24       0x30 ./drivers/fsl_dspi.o
                0x00002d24                SPI0_DriverIRQHandler
 .text.SPI1_DriverIRQHandler
                0x00002d54       0x30 ./drivers/fsl_dspi.o
                0x00002d54                SPI1_DriverIRQHandler
 .text.SPI2_DriverIRQHandler
                0x00002d84       0x30 ./drivers/fsl_dspi.o
                0x00002d84                SPI2_DriverIRQHandler
 .text.EDMA_SetChannelPreemptionConfig
                0x00002db4       0x74 ./drivers/fsl_dspi_edma.o
 .text.EDMA_EnableAutoStopRequest
                0x00002e28       0x64 ./drivers/fsl_dspi_edma.o
 .text.DSPI_MasterTransferCreateHandleEDMA
                0x00002e8c       0xa0 ./drivers/fsl_dspi_edma.o
                0x00002e8c                DSPI_MasterTransferCreateHandleEDMA
 .text.DSPI_MasterTransferEDMA
                0x00002f2c      0x82c ./drivers/fsl_dspi_edma.o
                0x00002f2c                DSPI_MasterTransferEDMA
 .text.EDMA_DspiMasterCallback
                0x00003758       0x78 ./drivers/fsl_dspi_edma.o
 .text.__NVIC_EnableIRQ
                0x000037d0       0x3c ./drivers/fsl_edma.o
 .text.EDMA_GetInstance
                0x0000380c       0x44 ./drivers/fsl_edma.o
 .text.EDMA_Init
                0x00003850       0x98 ./drivers/fsl_edma.o
                0x00003850                EDMA_Init
 .text.EDMA_GetDefaultConfig
                0x000038e8       0x44 ./drivers/fsl_edma.o
                0x000038e8                EDMA_GetDefaultConfig
 .text.EDMA_ResetChannel
                0x0000392c       0x34 ./drivers/fsl_edma.o
                0x0000392c                EDMA_ResetChannel
 .text.EDMA_SetTransferConfig
                0x00003960       0x60 ./drivers/fsl_edma.o
                0x00003960                EDMA_SetTransferConfig
 .text.EDMA_SetChannelLink
                0x000039c0       0x4c ./drivers/fsl_edma.o
                0x000039c0                EDMA_SetChannelLink
 .text.EDMA_EnableChannelInterrupts
                0x00003a0c       0xa8 ./drivers/fsl_edma.o
                0x00003a0c                EDMA_EnableChannelInterrupts
 .text.EDMA_TcdReset
                0x00003ab4       0x78 ./drivers/fsl_edma.o
                0x00003ab4                EDMA_TcdReset
 .text.EDMA_TcdSetTransferConfig
                0x00003b2c       0xe8 ./drivers/fsl_edma.o
                0x00003b2c                EDMA_TcdSetTransferConfig
 .text.EDMA_TcdSetChannelLink
                0x00003c14      0x134 ./drivers/fsl_edma.o
                0x00003c14                EDMA_TcdSetChannelLink
 .text.EDMA_GetChannelStatusFlags
                0x00003d48       0x74 ./drivers/fsl_edma.o
                0x00003d48                EDMA_GetChannelStatusFlags
 .text.Get_StartInstance
                0x00003dbc       0x24 ./drivers/fsl_edma.o
 .text.EDMA_CreateHandle
                0x00003de0       0xe4 ./drivers/fsl_edma.o
                0x00003de0                EDMA_CreateHandle
 .text.EDMA_SetCallback
                0x00003ec4       0x30 ./drivers/fsl_edma.o
                0x00003ec4                EDMA_SetCallback
 .text.EDMA_StartTransfer
                0x00003ef4       0xac ./drivers/fsl_edma.o
                0x00003ef4                EDMA_StartTransfer
 .text.EDMA_HandleIRQ
                0x00003fa0      0x154 ./drivers/fsl_edma.o
                0x00003fa0                EDMA_HandleIRQ
 .text.DMA0_DMA16_DriverIRQHandler
                0x000040f4       0x4c ./drivers/fsl_edma.o
                0x000040f4                DMA0_DMA16_DriverIRQHandler
 .text.DMA1_DMA17_DriverIRQHandler
                0x00004140       0x4c ./drivers/fsl_edma.o
                0x00004140                DMA1_DMA17_DriverIRQHandler
 .text.DMA2_DMA18_DriverIRQHandler
                0x0000418c       0x4c ./drivers/fsl_edma.o
                0x0000418c                DMA2_DMA18_DriverIRQHandler
 .text.DMA3_DMA19_DriverIRQHandler
                0x000041d8       0x4c ./drivers/fsl_edma.o
                0x000041d8                DMA3_DMA19_DriverIRQHandler
 .text.DMA4_DMA20_DriverIRQHandler
                0x00004224       0x4c ./drivers/fsl_edma.o
                0x00004224                DMA4_DMA20_DriverIRQHandler
 .text.DMA5_DMA21_DriverIRQHandler
                0x00004270       0x4c ./drivers/fsl_edma.o
                0x00004270                DMA5_DMA21_DriverIRQHandler
 .text.DMA6_DMA22_DriverIRQHandler
                0x000042bc       0x4c ./drivers/fsl_edma.o
                0x000042bc                DMA6_DMA22_DriverIRQHandler
 .text.DMA7_DMA23_DriverIRQHandler
                0x00004308       0x4c ./drivers/fsl_edma.o
                0x00004308                DMA7_DMA23_DriverIRQHandler
 .text.DMA8_DMA24_DriverIRQHandler
                0x00004354       0x4c ./drivers/fsl_edma.o
                0x00004354                DMA8_DMA24_DriverIRQHandler
 .text.DMA9_DMA25_DriverIRQHandler
                0x000043a0       0x4c ./drivers/fsl_edma.o
                0x000043a0                DMA9_DMA25_DriverIRQHandler
 .text.DMA10_DMA26_DriverIRQHandler
                0x000043ec       0x4c ./drivers/fsl_edma.o
                0x000043ec                DMA10_DMA26_DriverIRQHandler
 .text.DMA11_DMA27_DriverIRQHandler
                0x00004438       0x4c ./drivers/fsl_edma.o
                0x00004438                DMA11_DMA27_DriverIRQHandler
 .text.DMA12_DMA28_DriverIRQHandler
                0x00004484       0x4c ./drivers/fsl_edma.o
                0x00004484                DMA12_DMA28_DriverIRQHandler
 .text.DMA13_DMA29_DriverIRQHandler
                0x000044d0       0x4c ./drivers/fsl_edma.o
                0x000044d0                DMA13_DMA29_DriverIRQHandler
 .text.DMA14_DMA30_DriverIRQHandler
                0x0000451c       0x4c ./drivers/fsl_edma.o
                0x0000451c                DMA14_DMA30_DriverIRQHandler
 .text.DMA15_DMA31_DriverIRQHandler
                0x00004568       0x4c ./drivers/fsl_edma.o
                0x00004568                DMA15_DMA31_DriverIRQHandler
 .text.GPIO_PinInit
                0x000045b4       0x64 ./drivers/fsl_gpio.o
                0x000045b4                GPIO_PinInit
 .text.__NVIC_EnableIRQ
                0x00004618       0x3c ./drivers/fsl_i2c.o
 .text.I2C_GetInstance
                0x00004654       0x4c ./drivers/fsl_i2c.o
                0x00004654                I2C_GetInstance
 .text.I2C_SetHoldTime
                0x000046a0       0xf4 ./drivers/fsl_i2c.o
 .text.I2C_TransferCommonIRQHandler
                0x00004794       0x50 ./drivers/fsl_i2c.o
 .text.I2C_SlaveInit
                0x000047e4      0x13c ./drivers/fsl_i2c.o
                0x000047e4                I2C_SlaveInit
 .text.I2C_SlaveGetDefaultConfig
                0x00004920       0x50 ./drivers/fsl_i2c.o
                0x00004920                I2C_SlaveGetDefaultConfig
 .text.I2C_SlaveTransferCreateHandle
                0x00004970       0x74 ./drivers/fsl_i2c.o
                0x00004970                I2C_SlaveTransferCreateHandle
 .text.I2C_SlaveTransferNonBlocking
                0x000049e4       0x70 ./drivers/fsl_i2c.o
                0x000049e4                I2C_SlaveTransferNonBlocking
 .text.I2C_SlaveTransferHandleIRQ
                0x00004a54      0x300 ./drivers/fsl_i2c.o
                0x00004a54                I2C_SlaveTransferHandleIRQ
 .text.I2C0_DriverIRQHandler
                0x00004d54       0x1c ./drivers/fsl_i2c.o
                0x00004d54                I2C0_DriverIRQHandler
 .text.I2C1_DriverIRQHandler
                0x00004d70       0x1c ./drivers/fsl_i2c.o
                0x00004d70                I2C1_DriverIRQHandler
 .text.I2C2_DriverIRQHandler
                0x00004d8c       0x1c ./drivers/fsl_i2c.o
                0x00004d8c                I2C2_DriverIRQHandler
 .text.I2C3_DriverIRQHandler
                0x00004da8       0x1c ./drivers/fsl_i2c.o
                0x00004da8                I2C3_DriverIRQHandler
 .text.LPUART0_DriverIRQHandler
                0x00004dc4       0x28 ./drivers/fsl_lpuart.o
                0x00004dc4                LPUART0_DriverIRQHandler
 .text.RNGA_Init
                0x00004dec       0x38 ./drivers/fsl_rnga.o
                0x00004dec                RNGA_Init
 .text.TPM_GetInstance
                0x00004e24       0x54 ./drivers/fsl_tpm.o
 .text.TPM_Init
                0x00004e78       0xd4 ./drivers/fsl_tpm.o
                0x00004e78                TPM_Init
 .text.TPM_GetDefaultConfig
                0x00004f4c       0x68 ./drivers/fsl_tpm.o
                0x00004f4c                TPM_GetDefaultConfig
 .text.UART_GetInstance
                0x00004fb4       0x54 ./drivers/fsl_uart.o
                0x00004fb4                UART_GetInstance
 .text.UART_Init
                0x00005008      0x2d8 ./drivers/fsl_uart.o
                0x00005008                UART_Init
 .text.UART_GetDefaultConfig
                0x000052e0       0x68 ./drivers/fsl_uart.o
                0x000052e0                UART_GetDefaultConfig
 .text.UART0_DriverIRQHandler
                0x00005348       0x28 ./drivers/fsl_uart.o
                0x00005348                UART0_DriverIRQHandler
 .text.UART1_DriverIRQHandler
                0x00005370       0x28 ./drivers/fsl_uart.o
                0x00005370                UART1_DriverIRQHandler
 .text.UART2_DriverIRQHandler
                0x00005398       0x28 ./drivers/fsl_uart.o
                0x00005398                UART2_DriverIRQHandler
 .text.UART3_DriverIRQHandler
                0x000053c0       0x28 ./drivers/fsl_uart.o
                0x000053c0                UART3_DriverIRQHandler
 .text.UART4_DriverIRQHandler
                0x000053e8       0x28 ./drivers/fsl_uart.o
                0x000053e8                UART4_DriverIRQHandler
 .text.SystemInit
                0x00005410       0x3c ./device/system_MK66F18.o
                0x00005410                SystemInit
 .text.HAL_UartInit
                0x0000544c      0x108 ./component/uart/uart_adapter.o
                0x0000544c                HAL_UartInit
 .text.SerialManager_Init
                0x00005554       0x74 ./component/serial_manager/serial_manager.o
                0x00005554                SerialManager_Init
 .text.SerialManager_OpenWriteHandle
                0x000055c8       0x58 ./component/serial_manager/serial_manager.o
                0x000055c8                SerialManager_OpenWriteHandle
 .text.SerialManager_OpenReadHandle
                0x00005620       0x60 ./component/serial_manager/serial_manager.o
                0x00005620                SerialManager_OpenReadHandle
 .text.Serial_UartInit
                0x00005680       0x80 ./component/serial_manager/serial_port_uart.o
                0x00005680                Serial_UartInit
 .text.CLOCK_SetSimSafeDivs
                0x00005700       0x24 ./board/clock_config.o
 .text.CLOCK_SetXtal0Freq
                0x00005724       0x20 ./board/clock_config.o
 .text.CLOCK_CONFIG_SetFllExtRefDiv
                0x00005744       0x3c ./board/clock_config.o
 .text.BOARD_BootClockRUN
                0x00005780       0x60 ./board/clock_config.o
                0x00005780                BOARD_BootClockRUN
 .text.__assertion_failed
                0x000057e0       0x4c c:/nxp/mcuxpressoide_11.0.0_2516/ide/plugins/com.nxp.mcuxpresso.tools.win32_11.0.0.201905131304/tools/bin/../lib/gcc/arm-none-eabi/8.2.1/../../../../arm-none-eabi/lib/thumb/v7e-m+fp/hard\libcr_semihost_nf.a(_cr_assert.o)
                0x000057e0                __assertion_failed
 .text.__sys_appexit
                0x0000582c        0xc c:/nxp/mcuxpressoide_11.0.0_2516/ide/plugins/com.nxp.mcuxpresso.tools.win32_11.0.0.201905131304/tools/bin/../lib/gcc/arm-none-eabi/8.2.1/../../../../arm-none-eabi/lib/thumb/v7e-m+fp/hard\libcr_semihost_nf.a(__sys_appexit.o)
                0x0000582c                __sys_appexit
                0x0000582c                __exit
 .text._Cwritebuf
                0x00005838       0x6c c:/nxp/mcuxpressoide_11.0.0_2516/ide/plugins/com.nxp.mcuxpresso.tools.win32_11.0.0.201905131304/tools/bin/../lib/gcc/arm-none-eabi/8.2.1/../../../../arm-none-eabi/lib/thumb/v7e-m+fp/hard\libcr_c.a(_writebuf.o)
                0x00005838                _Cwritebuf
 .text.malloc   0x000058a4       0xc8 c:/nxp/mcuxpressoide_11.0.0_2516/ide/plugins/com.nxp.mcuxpresso.tools.win32_11.0.0.201905131304/tools/bin/../lib/gcc/arm-none-eabi/8.2.1/../../../../arm-none-eabi/lib/thumb/v7e-m+fp/hard\libcr_c.a(alloc.o)
                0x000058a4                malloc
 .text._Csys_alloc
                0x0000596c       0x20 c:/nxp/mcuxpressoide_11.0.0_2516/ide/plugins/com.nxp.mcuxpresso.tools.win32_11.0.0.201905131304/tools/bin/../lib/gcc/arm-none-eabi/8.2.1/../../../../arm-none-eabi/lib/thumb/v7e-m+fp/hard\libcr_c.a(alloc.o)
                0x0000596c                _Csys_alloc
 .text.fseek    0x0000598c      0x100 c:/nxp/mcuxpressoide_11.0.0_2516/ide/plugins/com.nxp.mcuxpresso.tools.win32_11.0.0.201905131304/tools/bin/../lib/gcc/arm-none-eabi/8.2.1/../../../../arm-none-eabi/lib/thumb/v7e-m+fp/hard\libcr_c.a(fseek.o)
                0x0000598c                fseek
 .text.ftell    0x00005a8c       0x48 c:/nxp/mcuxpressoide_11.0.0_2516/ide/plugins/com.nxp.mcuxpresso.tools.win32_11.0.0.201905131304/tools/bin/../lib/gcc/arm-none-eabi/8.2.1/../../../../arm-none-eabi/lib/thumb/v7e-m+fp/hard\libcr_c.a(ftell.o)
                0x00005a8c                ftell
 .text._initio  0x00005ad4       0x78 c:/nxp/mcuxpressoide_11.0.0_2516/ide/plugins/com.nxp.mcuxpresso.tools.win32_11.0.0.201905131304/tools/bin/../lib/gcc/arm-none-eabi/8.2.1/../../../../arm-none-eabi/lib/thumb/v7e-m+fp/hard\libcr_c.a(initio.o)
                0x00005ad4                _initio
 .text.__vfprintf
                0x00005b4c      0xbe0 c:/nxp/mcuxpressoide_11.0.0_2516/ide/plugins/com.nxp.mcuxpresso.tools.win32_11.0.0.201905131304/tools/bin/../lib/gcc/arm-none-eabi/8.2.1/../../../../arm-none-eabi/lib/thumb/v7e-m+fp/hard\libcr_c.a(printf.o)
                0x00005b4c                __vfprintf
 .text._vsnprintf
                0x0000672c       0x68 c:/nxp/mcuxpressoide_11.0.0_2516/ide/plugins/com.nxp.mcuxpresso.tools.win32_11.0.0.201905131304/tools/bin/../lib/gcc/arm-none-eabi/8.2.1/../../../../arm-none-eabi/lib/thumb/v7e-m+fp/hard\libcr_c.a(printf.o)
                0x0000672c                _vsnprintf
 .text._printf  0x00006794       0x54 c:/nxp/mcuxpressoide_11.0.0_2516/ide/plugins/com.nxp.mcuxpresso.tools.win32_11.0.0.201905131304/tools/bin/../lib/gcc/arm-none-eabi/8.2.1/../../../../arm-none-eabi/lib/thumb/v7e-m+fp/hard\libcr_c.a(printf.o)
                0x00006794                _printf
 .text.setvbuf  0x000067e8       0x40 c:/nxp/mcuxpressoide_11.0.0_2516/ide/plugins/com.nxp.mcuxpresso.tools.win32_11.0.0.201905131304/tools/bin/../lib/gcc/arm-none-eabi/8.2.1/../../../../arm-none-eabi/lib/thumb/v7e-m+fp/hard\libcr_c.a(setvbuf.o)
                0x000067e8                setvbuf
 .text._sbrk    0x00006828       0x3c c:/nxp/mcuxpressoide_11.0.0_2516/ide/plugins/com.nxp.mcuxpresso.tools.win32_11.0.0.201905131304/tools/bin/../lib/gcc/arm-none-eabi/8.2.1/../../../../arm-none-eabi/lib/thumb/v7e-m+fp/hard\libcr_c.a(_cr_sbrk.o)
                0x00006828                _sbrk
 .text.fflush   0x00006864       0x44 c:/nxp/mcuxpressoide_11.0.0_2516/ide/plugins/com.nxp.mcuxpresso.tools.win32_11.0.0.201905131304/tools/bin/../lib/gcc/arm-none-eabi/8.2.1/../../../../arm-none-eabi/lib/thumb/v7e-m+fp/hard\libcr_c.a(fflush.o)
                0x00006864                fflush
 .text.__check_heap_overflow
                0x000068a8       0x18 c:/nxp/mcuxpressoide_11.0.0_2516/ide/plugins/com.nxp.mcuxpresso.tools.win32_11.0.0.201905131304/tools/bin/../lib/gcc/arm-none-eabi/8.2.1/../../../../arm-none-eabi/lib/thumb/v7e-m+fp/hard\libcr_c.a(_cr_check_heap.o)
                0x000068a8                __check_heap_overflow
 .text.DMA0_DMA16_IRQHandler
                0x000068c0        0x8 ./startup/startup_mk66f18.o
                0x000068c0                DMA0_DMA16_IRQHandler
 .text.DMA1_DMA17_IRQHandler
                0x000068c8        0x8 ./startup/startup_mk66f18.o
                0x000068c8                DMA1_DMA17_IRQHandler
 .text.DMA2_DMA18_IRQHandler
                0x000068d0        0x8 ./startup/startup_mk66f18.o
                0x000068d0                DMA2_DMA18_IRQHandler
 .text.DMA3_DMA19_IRQHandler
                0x000068d8        0x8 ./startup/startup_mk66f18.o
                0x000068d8                DMA3_DMA19_IRQHandler
 .text.DMA4_DMA20_IRQHandler
                0x000068e0        0x8 ./startup/startup_mk66f18.o
                0x000068e0                DMA4_DMA20_IRQHandler
 .text.DMA5_DMA21_IRQHandler
                0x000068e8        0x8 ./startup/startup_mk66f18.o
                0x000068e8                DMA5_DMA21_IRQHandler
 .text.DMA6_DMA22_IRQHandler
                0x000068f0        0x8 ./startup/startup_mk66f18.o
                0x000068f0                DMA6_DMA22_IRQHandler
 .text.DMA7_DMA23_IRQHandler
                0x000068f8        0x8 ./startup/startup_mk66f18.o
                0x000068f8                DMA7_DMA23_IRQHandler
 .text.DMA8_DMA24_IRQHandler
                0x00006900        0x8 ./startup/startup_mk66f18.o
                0x00006900                DMA8_DMA24_IRQHandler
 .text.DMA9_DMA25_IRQHandler
                0x00006908        0x8 ./startup/startup_mk66f18.o
                0x00006908                DMA9_DMA25_IRQHandler
 .text.DMA10_DMA26_IRQHandler
                0x00006910        0x8 ./startup/startup_mk66f18.o
                0x00006910                DMA10_DMA26_IRQHandler
 .text.DMA11_DMA27_IRQHandler
                0x00006918        0x8 ./startup/startup_mk66f18.o
                0x00006918                DMA11_DMA27_IRQHandler
 .text.DMA12_DMA28_IRQHandler
                0x00006920        0x8 ./startup/startup_mk66f18.o
                0x00006920                DMA12_DMA28_IRQHandler
 .text.DMA13_DMA29_IRQHandler
                0x00006928        0x8 ./startup/startup_mk66f18.o
                0x00006928                DMA13_DMA29_IRQHandler
 .text.DMA14_DMA30_IRQHandler
                0x00006930        0x8 ./startup/startup_mk66f18.o
                0x00006930                DMA14_DMA30_IRQHandler
 .text.DMA15_DMA31_IRQHandler
                0x00006938        0x8 ./startup/startup_mk66f18.o
                0x00006938                DMA15_DMA31_IRQHandler
 .text.DMA_Error_IRQHandler
                0x00006940        0x8 ./startup/startup_mk66f18.o
                0x00006940                DMA_Error_IRQHandler
 .text.MCM_IRQHandler
                0x00006948        0x8 ./startup/startup_mk66f18.o
                0x00006948                MCM_IRQHandler
 .text.FTFE_IRQHandler
                0x00006950        0x8 ./startup/startup_mk66f18.o
                0x00006950                FTFE_IRQHandler
 .text.Read_Collision_IRQHandler
                0x00006958        0x8 ./startup/startup_mk66f18.o
                0x00006958                Read_Collision_IRQHandler
 .text.LVD_LVW_IRQHandler
                0x00006960        0x8 ./startup/startup_mk66f18.o
                0x00006960                LVD_LVW_IRQHandler
 .text.LLWU_IRQHandler
                0x00006968        0x8 ./startup/startup_mk66f18.o
                0x00006968                LLWU_IRQHandler
 .text.WDOG_EWM_IRQHandler
                0x00006970        0x8 ./startup/startup_mk66f18.o
                0x00006970                WDOG_EWM_IRQHandler
 .text.RNG_IRQHandler
                0x00006978        0x8 ./startup/startup_mk66f18.o
                0x00006978                RNG_IRQHandler
 .text.I2C0_IRQHandler
                0x00006980        0x8 ./startup/startup_mk66f18.o
                0x00006980                I2C0_IRQHandler
 .text.I2C1_IRQHandler
                0x00006988        0x8 ./startup/startup_mk66f18.o
                0x00006988                I2C1_IRQHandler
 .text.SPI0_IRQHandler
                0x00006990        0x8 ./startup/startup_mk66f18.o
                0x00006990                SPI0_IRQHandler
 .text.SPI1_IRQHandler
                0x00006998        0x8 ./startup/startup_mk66f18.o
                0x00006998                SPI1_IRQHandler
 .text.I2S0_Tx_IRQHandler
                0x000069a0        0x8 ./startup/startup_mk66f18.o
                0x000069a0                I2S0_Tx_IRQHandler
 .text.I2S0_Rx_IRQHandler
                0x000069a8        0x8 ./startup/startup_mk66f18.o
                0x000069a8                I2S0_Rx_IRQHandler
 .text.Reserved46_IRQHandler
                0x000069b0        0x8 ./startup/startup_mk66f18.o
                0x000069b0                Reserved46_IRQHandler
 .text.UART0_RX_TX_IRQHandler
                0x000069b8        0x8 ./startup/startup_mk66f18.o
                0x000069b8                UART0_RX_TX_IRQHandler
 .text.UART0_ERR_IRQHandler
                0x000069c0        0x8 ./startup/startup_mk66f18.o
                0x000069c0                UART0_ERR_IRQHandler
 .text.UART1_RX_TX_IRQHandler
                0x000069c8        0x8 ./startup/startup_mk66f18.o
                0x000069c8                UART1_RX_TX_IRQHandler
 .text.UART1_ERR_IRQHandler
                0x000069d0        0x8 ./startup/startup_mk66f18.o
                0x000069d0                UART1_ERR_IRQHandler
 .text.UART2_RX_TX_IRQHandler
                0x000069d8        0x8 ./startup/startup_mk66f18.o
                0x000069d8                UART2_RX_TX_IRQHandler
 .text.UART2_ERR_IRQHandler
                0x000069e0        0x8 ./startup/startup_mk66f18.o
                0x000069e0                UART2_ERR_IRQHandler
 .text.UART3_RX_TX_IRQHandler
                0x000069e8        0x8 ./startup/startup_mk66f18.o
                0x000069e8                UART3_RX_TX_IRQHandler
 .text.UART3_ERR_IRQHandler
                0x000069f0        0x8 ./startup/startup_mk66f18.o
                0x000069f0                UART3_ERR_IRQHandler
 .text.ADC0_IRQHandler
                0x000069f8        0x8 ./startup/startup_mk66f18.o
                0x000069f8                ADC0_IRQHandler
 .text.CMP0_IRQHandler
                0x00006a00        0x8 ./startup/startup_mk66f18.o
                0x00006a00                CMP0_IRQHandler
 .text.CMP1_IRQHandler
                0x00006a08        0x8 ./startup/startup_mk66f18.o
                0x00006a08                CMP1_IRQHandler
 .text.FTM0_IRQHandler
                0x00006a10        0x8 ./startup/startup_mk66f18.o
                0x00006a10                FTM0_IRQHandler
 .text.FTM1_IRQHandler
                0x00006a18        0x8 ./startup/startup_mk66f18.o
                0x00006a18                FTM1_IRQHandler
 .text.FTM2_IRQHandler
                0x00006a20        0x8 ./startup/startup_mk66f18.o
                0x00006a20                FTM2_IRQHandler
 .text.CMT_IRQHandler
                0x00006a28        0x8 ./startup/startup_mk66f18.o
                0x00006a28                CMT_IRQHandler
 .text.RTC_IRQHandler
                0x00006a30        0x8 ./startup/startup_mk66f18.o
                0x00006a30                RTC_IRQHandler
 .text.RTC_Seconds_IRQHandler
                0x00006a38        0x8 ./startup/startup_mk66f18.o
                0x00006a38                RTC_Seconds_IRQHandler
 .text.PIT0_IRQHandler
                0x00006a40        0x8 ./startup/startup_mk66f18.o
                0x00006a40                PIT0_IRQHandler
 .text.PIT1_IRQHandler
                0x00006a48        0x8 ./startup/startup_mk66f18.o
                0x00006a48                PIT1_IRQHandler
 .text.PIT2_IRQHandler
                0x00006a50        0x8 ./startup/startup_mk66f18.o
                0x00006a50                PIT2_IRQHandler
 .text.PIT3_IRQHandler
                0x00006a58        0x8 ./startup/startup_mk66f18.o
                0x00006a58                PIT3_IRQHandler
 .text.PDB0_IRQHandler
                0x00006a60        0x8 ./startup/startup_mk66f18.o
                0x00006a60                PDB0_IRQHandler
 .text.USB0_IRQHandler
                0x00006a68        0x8 ./startup/startup_mk66f18.o
                0x00006a68                USB0_IRQHandler
 .text.USBDCD_IRQHandler
                0x00006a70        0x8 ./startup/startup_mk66f18.o
                0x00006a70                USBDCD_IRQHandler
 .text.Reserved71_IRQHandler
                0x00006a78        0x8 ./startup/startup_mk66f18.o
                0x00006a78                Reserved71_IRQHandler
 .text.DAC0_IRQHandler
                0x00006a80        0x8 ./startup/startup_mk66f18.o
                0x00006a80                DAC0_IRQHandler
 .text.MCG_IRQHandler
                0x00006a88        0x8 ./startup/startup_mk66f18.o
                0x00006a88                MCG_IRQHandler
 .text.LPTMR0_IRQHandler
                0x00006a90        0x8 ./startup/startup_mk66f18.o
                0x00006a90                LPTMR0_IRQHandler
 .text.PORTA_IRQHandler
                0x00006a98        0x8 ./startup/startup_mk66f18.o
                0x00006a98                PORTA_IRQHandler
 .text.PORTB_IRQHandler
                0x00006aa0        0x8 ./startup/startup_mk66f18.o
                0x00006aa0                PORTB_IRQHandler
 .text.PORTC_IRQHandler
                0x00006aa8        0x8 ./startup/startup_mk66f18.o
                0x00006aa8                PORTC_IRQHandler
 .text.PORTD_IRQHandler
                0x00006ab0        0x8 ./startup/startup_mk66f18.o
                0x00006ab0                PORTD_IRQHandler
 .text.PORTE_IRQHandler
                0x00006ab8        0x8 ./startup/startup_mk66f18.o
                0x00006ab8                PORTE_IRQHandler
 .text.SWI_IRQHandler
                0x00006ac0        0x8 ./startup/startup_mk66f18.o
                0x00006ac0                SWI_IRQHandler
 .text.SPI2_IRQHandler
                0x00006ac8        0x8 ./startup/startup_mk66f18.o
                0x00006ac8                SPI2_IRQHandler
 .text.UART4_RX_TX_IRQHandler
                0x00006ad0        0x8 ./startup/startup_mk66f18.o
                0x00006ad0                UART4_RX_TX_IRQHandler
 .text.UART4_ERR_IRQHandler
                0x00006ad8        0x8 ./startup/startup_mk66f18.o
                0x00006ad8                UART4_ERR_IRQHandler
 .text.Reserved84_IRQHandler
                0x00006ae0        0x8 ./startup/startup_mk66f18.o
                0x00006ae0                Reserved84_IRQHandler
 .text.Reserved85_IRQHandler
                0x00006ae8        0x8 ./startup/startup_mk66f18.o
                0x00006ae8                Reserved85_IRQHandler
 .text.CMP2_IRQHandler
                0x00006af0        0x8 ./startup/startup_mk66f18.o
                0x00006af0                CMP2_IRQHandler
 .text.FTM3_IRQHandler
                0x00006af8        0x8 ./startup/startup_mk66f18.o
                0x00006af8                FTM3_IRQHandler
 .text.DAC1_IRQHandler
                0x00006b00        0x8 ./startup/startup_mk66f18.o
                0x00006b00                DAC1_IRQHandler
 .text.I2C2_IRQHandler
                0x00006b08        0x8 ./startup/startup_mk66f18.o
                0x00006b08                I2C2_IRQHandler
 .text.CAN0_ORed_Message_buffer_IRQHandler
                0x00006b10        0x8 ./startup/startup_mk66f18.o
                0x00006b10                CAN0_ORed_Message_buffer_IRQHandler
 .text.CAN0_Bus_Off_IRQHandler
                0x00006b18        0x8 ./startup/startup_mk66f18.o
                0x00006b18                CAN0_Bus_Off_IRQHandler
 .text.CAN0_Error_IRQHandler
                0x00006b20        0x8 ./startup/startup_mk66f18.o
                0x00006b20                CAN0_Error_IRQHandler
 .text.CAN0_Tx_Warning_IRQHandler
                0x00006b28        0x8 ./startup/startup_mk66f18.o
                0x00006b28                CAN0_Tx_Warning_IRQHandler
 .text.CAN0_Rx_Warning_IRQHandler
                0x00006b30        0x8 ./startup/startup_mk66f18.o
                0x00006b30                CAN0_Rx_Warning_IRQHandler
 .text.CAN0_Wake_Up_IRQHandler
                0x00006b38        0x8 ./startup/startup_mk66f18.o
                0x00006b38                CAN0_Wake_Up_IRQHandler
 .text.SDHC_IRQHandler
                0x00006b40        0x8 ./startup/startup_mk66f18.o
                0x00006b40                SDHC_IRQHandler
 .text.ENET_1588_Timer_IRQHandler
                0x00006b48        0x8 ./startup/startup_mk66f18.o
                0x00006b48                ENET_1588_Timer_IRQHandler
 .text.ENET_Transmit_IRQHandler
                0x00006b50        0x8 ./startup/startup_mk66f18.o
                0x00006b50                ENET_Transmit_IRQHandler
 .text.ENET_Receive_IRQHandler
                0x00006b58        0x8 ./startup/startup_mk66f18.o
                0x00006b58                ENET_Receive_IRQHandler
 .text.ENET_Error_IRQHandler
                0x00006b60        0x8 ./startup/startup_mk66f18.o
                0x00006b60                ENET_Error_IRQHandler
 .text.LPUART0_IRQHandler
                0x00006b68        0x8 ./startup/startup_mk66f18.o
                0x00006b68                LPUART0_IRQHandler
 .text.TSI0_IRQHandler
                0x00006b70        0x8 ./startup/startup_mk66f18.o
                0x00006b70                TSI0_IRQHandler
 .text.TPM1_IRQHandler
                0x00006b78        0x8 ./startup/startup_mk66f18.o
                0x00006b78                TPM1_IRQHandler
 .text.USBHSDCD_IRQHandler
                0x00006b80        0x8 ./startup/startup_mk66f18.o
                0x00006b80                USBHSDCD_IRQHandler
 .text.I2C3_IRQHandler
                0x00006b88        0x8 ./startup/startup_mk66f18.o
                0x00006b88                I2C3_IRQHandler
 .text.CMP3_IRQHandler
                0x00006b90        0x8 ./startup/startup_mk66f18.o
                0x00006b90                CMP3_IRQHandler
 .text.USBHS_IRQHandler
                0x00006b98        0x8 ./startup/startup_mk66f18.o
                0x00006b98                USBHS_IRQHandler
 .text.CAN1_ORed_Message_buffer_IRQHandler
                0x00006ba0        0x8 ./startup/startup_mk66f18.o
                0x00006ba0                CAN1_ORed_Message_buffer_IRQHandler
 .text.CAN1_Bus_Off_IRQHandler
                0x00006ba8        0x8 ./startup/startup_mk66f18.o
                0x00006ba8                CAN1_Bus_Off_IRQHandler
 .text.CAN1_Error_IRQHandler
                0x00006bb0        0x8 ./startup/startup_mk66f18.o
                0x00006bb0                CAN1_Error_IRQHandler
 .text.CAN1_Tx_Warning_IRQHandler
                0x00006bb8        0x8 ./startup/startup_mk66f18.o
                0x00006bb8                CAN1_Tx_Warning_IRQHandler
 .text.CAN1_Rx_Warning_IRQHandler
                0x00006bc0        0x8 ./startup/startup_mk66f18.o
                0x00006bc0                CAN1_Rx_Warning_IRQHandler
 .text.CAN1_Wake_Up_IRQHandler
                0x00006bc8        0x8 ./startup/startup_mk66f18.o
                0x00006bc8                CAN1_Wake_Up_IRQHandler
 .text.CLOCK_EnableClock
                0x00006bd0       0x34 ./source/main.o
 .text.PORT_SetPinMux
                0x00006c04       0x3a ./source/main.o
 .text.main     0x00006c3e       0x1e ./source/main.o
                0x00006c3e                main
 .text.brightnessTestPattern
                0x00006c5c       0x14 ./source/pattern.o
                0x00006c5c                brightnessTestPattern
 .text.CLOCK_EnableClock
                0x00006c70       0x34 ./source/perfs.o
 .text.EnableIRQ
                0x00006ca4       0x2c ./source/perfs.o
 .text.GPIO_PortSet
                0x00006cd0       0x1c ./source/perfs.o
 .text.GPIO_PortClear
                0x00006cec       0x1c ./source/perfs.o
 .text.PORT_SetPinMux
                0x00006d08       0x3a ./source/perfs.o
 .text.ADC16_EnableHardwareTrigger
                0x00006d42       0x38 ./source/perfs.o
 .text.TPM_ClearStatusFlags
                0x00006d7a       0x1c ./source/perfs.o
 .text.TPM_SetTimerPeriod
                0x00006d96       0x1c ./source/perfs.o
 .text.TPM_StartTimer
                0x00006db2       0x3a ./source/perfs.o
 .text.TPM_StopTimer
                0x00006dec       0x2e ./source/perfs.o
 .text.get_rand_uint32_range
                0x00006e1a       0x2c ./source/perfs.o
                0x00006e1a                get_rand_uint32_range
 .text.get_rand_uint8_range
                0x00006e46       0x34 ./source/perfs.o
                0x00006e46                get_rand_uint8_range
 .text.HardFault_Handler
                0x00006e7a       0x2c ./source/semihost_hardfault.o
                0x00006e7a                HardFault_Handler
 .text.map_uint32
                0x00006ea6       0x50 ./source/utils.o
                0x00006ea6                map_uint32
 .text.bound_uint8
                0x00006ef6       0x38 ./source/utils.o
                0x00006ef6                bound_uint8
 .text.CLOCK_EnableClock
                0x00006f2e       0x34 ./drivers/fsl_adc16.o
 .text.ADC16_DoAutoCalibration
                0x00006f62      0x10a ./drivers/fsl_adc16.o
                0x00006f62                ADC16_DoAutoCalibration
 .text.ADC16_GetStatusFlags
                0x0000706c       0x42 ./drivers/fsl_adc16.o
                0x0000706c                ADC16_GetStatusFlags
 .text.OSC_SetExtRefClkConfig
                0x000070ae       0x40 ./drivers/fsl_clock.o
 .text.OSC_SetCapLoad
                0x000070ee       0x34 ./drivers/fsl_clock.o
 .text.CLOCK_GetPll0RefFreq
                0x00007122        0xe ./drivers/fsl_clock.o
 .text.CLOCK_GetFixedFreqClkFreq
                0x00007130       0x2e ./drivers/fsl_clock.o
                0x00007130                CLOCK_GetFixedFreqClkFreq
 .text.CLOCK_EnableClock
                0x0000715e       0x34 ./drivers/fsl_dmamux.o
 .text.CLOCK_EnableClock
                0x00007192       0x34 ./drivers/fsl_dspi.o
 .text.DSPI_Enable
                0x000071c6       0x38 ./drivers/fsl_dspi.o
 .text.DSPI_SetMasterSlaveMode
                0x000071fe       0x2a ./drivers/fsl_dspi.o
 .text.DSPI_IsMaster
                0x00007228       0x1c ./drivers/fsl_dspi.o
 .text.DSPI_StartTransfer
                0x00007244       0x20 ./drivers/fsl_dspi.o
 .text.DSPI_StopTransfer
                0x00007264       0x20 ./drivers/fsl_dspi.o
 .text.DSPI_SetOnePcsPolarity
                0x00007284       0x4e ./drivers/fsl_dspi.o
 .text.DSPI_MasterSetDelayScaler
                0x000072d2       0xdc ./drivers/fsl_dspi.o
                0x000072d2                DSPI_MasterSetDelayScaler
 .text.DSPI_ClearStatusFlags
                0x000073ae       0x1c ./drivers/fsl_dspi_edma.o
 .text.DSPI_EnableDMA
                0x000073ca       0x22 ./drivers/fsl_dspi_edma.o
 .text.DSPI_DisableDMA
                0x000073ec       0x24 ./drivers/fsl_dspi_edma.o
 .text.DSPI_MasterGetTxRegisterAddress
                0x00007410       0x18 ./drivers/fsl_dspi_edma.o
 .text.DSPI_GetRxRegisterAddress
                0x00007428       0x18 ./drivers/fsl_dspi_edma.o
 .text.DSPI_StartTransfer
                0x00007440       0x20 ./drivers/fsl_dspi_edma.o
 .text.DSPI_StopTransfer
                0x00007460       0x20 ./drivers/fsl_dspi_edma.o
 .text.DSPI_FlushFifo
                0x00007480       0x3c ./drivers/fsl_dspi_edma.o
 .text.DSPI_MasterGetFormattedCommand
                0x000074bc       0x4a ./drivers/fsl_dspi_edma.o
 .text.CLOCK_EnableClock
                0x00007506       0x34 ./drivers/fsl_edma.o
 .text.EnableIRQ
                0x0000753a       0x2c ./drivers/fsl_edma.o
 .text.DisableGlobalIRQ
                0x00007566       0x20 ./drivers/fsl_edma.o
 .text.EnableGlobalIRQ
                0x00007586       0x1e ./drivers/fsl_edma.o
 .text.GPIO_PinWrite
                0x000075a4       0x36 ./drivers/fsl_gpio.o
 .text.CLOCK_EnableClock
                0x000075da       0x34 ./drivers/fsl_i2c.o
 .text.EnableIRQ
                0x0000760e       0x2c ./drivers/fsl_i2c.o
 .text.I2C_SlaveGetStatusFlags
                0x0000763a       0x18 ./drivers/fsl_i2c.o
 .text.I2C_MasterClearStatusFlags
                0x00007652       0x5a ./drivers/fsl_i2c.o
 .text.I2C_SlaveClearStatusFlags
                0x000076ac       0x1a ./drivers/fsl_i2c.o
 .text.I2C_EnableInterrupts
                0x000076c6       0x56 ./drivers/fsl_i2c.o
                0x000076c6                I2C_EnableInterrupts
 .text.I2C_DisableInterrupts
                0x0000771c       0x4a ./drivers/fsl_i2c.o
                0x0000771c                I2C_DisableInterrupts
 .text.I2C_MasterGetStatusFlags
                0x00007766       0x4a ./drivers/fsl_i2c.o
                0x00007766                I2C_MasterGetStatusFlags
 .text.CLOCK_EnableClock
                0x000077b0       0x34 ./drivers/fsl_rnga.o
 .text.CLOCK_DisableClock
                0x000077e4       0x38 ./drivers/fsl_rnga.o
 .text.rnga_ReadEntropy
                0x0000781c       0x36 ./drivers/fsl_rnga.o
 .text.RNGA_GetRandomData
                0x00007852       0x88 ./drivers/fsl_rnga.o
                0x00007852                RNGA_GetRandomData
 .text.RNGA_GetMode
                0x000078da       0x20 ./drivers/fsl_rnga.o
                0x000078da                RNGA_GetMode
 .text.CLOCK_EnableClock
                0x000078fa       0x34 ./drivers/fsl_tpm.o
 .text.TPM_EnableInterrupts
                0x0000792e       0x70 ./drivers/fsl_tpm.o
                0x0000792e                TPM_EnableInterrupts
 .text.CLOCK_EnableClock
                0x0000799e       0x34 ./drivers/fsl_uart.o
 .text.UART0_RX_TX_DriverIRQHandler
                0x000079d2       0x10 ./drivers/fsl_uart.o
                0x000079d2                UART0_RX_TX_DriverIRQHandler
 .text.UART1_RX_TX_DriverIRQHandler
                0x000079e2       0x10 ./drivers/fsl_uart.o
                0x000079e2                UART1_RX_TX_DriverIRQHandler
 .text.UART2_RX_TX_DriverIRQHandler
                0x000079f2       0x10 ./drivers/fsl_uart.o
                0x000079f2                UART2_RX_TX_DriverIRQHandler
 .text.UART3_RX_TX_DriverIRQHandler
                0x00007a02       0x10 ./drivers/fsl_uart.o
                0x00007a02                UART3_RX_TX_DriverIRQHandler
 .text.UART4_RX_TX_DriverIRQHandler
                0x00007a12       0x10 ./drivers/fsl_uart.o
                0x00007a12                UART4_RX_TX_DriverIRQHandler
 .text.SystemInitHook
                0x00007a22        0xe ./device/system_MK66F18.o
                0x00007a22                SystemInitHook
 .text.HAL_UartGetStatus
                0x00007a30       0x22 ./component/uart/uart_adapter.o
 .text.BOARD_InitDebugConsole
                0x00007a52       0x22 ./board/board.o
                0x00007a52                BOARD_InitDebugConsole
 .text.__main   0x00007a74        0xe c:/nxp/mcuxpressoide_11.0.0_2516/ide/plugins/com.nxp.mcuxpresso.tools.win32_11.0.0.201905131304/tools/bin/../lib/gcc/arm-none-eabi/8.2.1/../../../../arm-none-eabi/lib/thumb/v7e-m+fp/hard\libcr_semihost_nf.a(_cr__main.o)
                0x00007a74                __CR_SEMIHOST
                0x00007a74                __main
 .text.memset   0x00007a82        0x4 c:/nxp/mcuxpressoide_11.0.0_2516/ide/plugins/com.nxp.mcuxpresso.tools.win32_11.0.0.201905131304/tools/bin/../lib/gcc/arm-none-eabi/8.2.1/../../../../arm-none-eabi/lib/thumb/v7e-m+fp/hard\libcr_c.a(memset.o)
                0x00007a82                memset
 .text._deferredlazyseek
                0x00007a86       0x40 c:/nxp/mcuxpressoide_11.0.0_2516/ide/plugins/com.nxp.mcuxpresso.tools.win32_11.0.0.201905131304/tools/bin/../lib/gcc/arm-none-eabi/8.2.1/../../../../arm-none-eabi/lib/thumb/v7e-m+fp/hard\libcr_c.a(_deferredlazyseek.o)
                0x00007a86                _deferredlazyseek
 .text.__flsbuf
                0x00007ac6      0x140 c:/nxp/mcuxpressoide_11.0.0_2516/ide/plugins/com.nxp.mcuxpresso.tools.win32_11.0.0.201905131304/tools/bin/../lib/gcc/arm-none-eabi/8.2.1/../../../../arm-none-eabi/lib/thumb/v7e-m+fp/hard\libcr_c.a(_deferredlazyseek.o)
                0x00007ac6                __flsbuf
 .text._fflush  0x00007c06       0x52 c:/nxp/mcuxpressoide_11.0.0_2516/ide/plugins/com.nxp.mcuxpresso.tools.win32_11.0.0.201905131304/tools/bin/../lib/gcc/arm-none-eabi/8.2.1/../../../../arm-none-eabi/lib/thumb/v7e-m+fp/hard\libcr_c.a(_fflush.o)
                0x00007c06                _fflush
 .text.free     0x00007c58       0x30 c:/nxp/mcuxpressoide_11.0.0_2516/ide/plugins/com.nxp.mcuxpresso.tools.win32_11.0.0.201905131304/tools/bin/../lib/gcc/arm-none-eabi/8.2.1/../../../../arm-none-eabi/lib/thumb/v7e-m+fp/hard\libcr_c.a(alloc.o)
                0x00007c58                free
 .text.fputs    0x00007c88       0x2c c:/nxp/mcuxpressoide_11.0.0_2516/ide/plugins/com.nxp.mcuxpresso.tools.win32_11.0.0.201905131304/tools/bin/../lib/gcc/arm-none-eabi/8.2.1/../../../../arm-none-eabi/lib/thumb/v7e-m+fp/hard\libcr_c.a(fputs.o)
                0x00007c88                fputs
 .text.no_fp_display
                0x00007cb4        0x4 c:/nxp/mcuxpressoide_11.0.0_2516/ide/plugins/com.nxp.mcuxpresso.tools.win32_11.0.0.201905131304/tools/bin/../lib/gcc/arm-none-eabi/8.2.1/../../../../arm-none-eabi/lib/thumb/v7e-m+fp/hard\libcr_c.a(printf.o)
 .text.strlen   0x00007cb8       0x4c c:/nxp/mcuxpressoide_11.0.0_2516/ide/plugins/com.nxp.mcuxpresso.tools.win32_11.0.0.201905131304/tools/bin/../lib/gcc/arm-none-eabi/8.2.1/../../../../arm-none-eabi/lib/thumb/v7e-m+fp/hard\libcr_c.a(strlen.o)
                0x00007cb8                strlen
 .text._fdopen  0x00007d04       0x68 c:/nxp/mcuxpressoide_11.0.0_2516/ide/plugins/com.nxp.mcuxpresso.tools.win32_11.0.0.201905131304/tools/bin/../lib/gcc/arm-none-eabi/8.2.1/../../../../arm-none-eabi/lib/thumb/v7e-m+fp/hard\libcr_c.a(_fdopen.o)
                0x00007d04                _fdopen
 .text.fclose   0x00007d6c       0x58 c:/nxp/mcuxpressoide_11.0.0_2516/ide/plugins/com.nxp.mcuxpresso.tools.win32_11.0.0.201905131304/tools/bin/../lib/gcc/arm-none-eabi/8.2.1/../../../../arm-none-eabi/lib/thumb/v7e-m+fp/hard\libcr_c.a(fclose.o)
                0x00007d6c                fclose
 .text.remove   0x00007dc4       0x14 c:/nxp/mcuxpressoide_11.0.0_2516/ide/plugins/com.nxp.mcuxpresso.tools.win32_11.0.0.201905131304/tools/bin/../lib/gcc/arm-none-eabi/8.2.1/../../../../arm-none-eabi/lib/thumb/v7e-m+fp/hard\libcr_c.a(remove.o)
                0x00007dc4                remove
 .text._do_fflush
                0x00007dd8       0x40 c:/nxp/mcuxpressoide_11.0.0_2516/ide/plugins/com.nxp.mcuxpresso.tools.win32_11.0.0.201905131304/tools/bin/../lib/gcc/arm-none-eabi/8.2.1/../../../../arm-none-eabi/lib/thumb/v7e-m+fp/hard\libcr_c.a(_do_fflush.o)
                0x00007dd8                _do_fflush
 .text.__aeabi_division_uldivmod
                0x00007e18      0x174 c:/nxp/mcuxpressoide_11.0.0_2516/ide/plugins/com.nxp.mcuxpresso.tools.win32_11.0.0.201905131304/tools/bin/../lib/gcc/arm-none-eabi/8.2.1/thumb/v7e-m+fp/hard\libcr_eabihelpers.a(division_64.o)
                0x00007e18                __aeabi_uldivmod
                0x00007e1c                __bhs_ldivmod1
 .text.__aeabi_division_idiv0
                0x00007f8c        0x2 c:/nxp/mcuxpressoide_11.0.0_2516/ide/plugins/com.nxp.mcuxpresso.tools.win32_11.0.0.201905131304/tools/bin/../lib/gcc/arm-none-eabi/8.2.1/thumb/v7e-m+fp/hard\libcr_eabihelpers.a(division_idiv0.o)
                0x00007f8c                __aeabi_idiv0
 .text.__aeabi_memset_lowlevel
                0x00007f8e       0x32 c:/nxp/mcuxpressoide_11.0.0_2516/ide/plugins/com.nxp.mcuxpresso.tools.win32_11.0.0.201905131304/tools/bin/../lib/gcc/arm-none-eabi/8.2.1/thumb/v7e-m+fp/hard\libcr_eabihelpers.a(memcpy.o)
                0x00007f8e                __aeabi_lowlevel_memset
 .text.__sys_close
                0x00007fc0        0xc c:/nxp/mcuxpressoide_11.0.0_2516/ide/plugins/com.nxp.mcuxpresso.tools.win32_11.0.0.201905131304/tools/bin/../lib/gcc/arm-none-eabi/8.2.1/../../../../arm-none-eabi/lib/thumb/v7e-m+fp/hard\libcr_semihost_nf.a(__sys_close.o)
                0x00007fc0                __sys_close
 .text.__sys_flen
                0x00007fcc        0xc c:/nxp/mcuxpressoide_11.0.0_2516/ide/plugins/com.nxp.mcuxpresso.tools.win32_11.0.0.201905131304/tools/bin/../lib/gcc/arm-none-eabi/8.2.1/../../../../arm-none-eabi/lib/thumb/v7e-m+fp/hard\libcr_semihost_nf.a(__sys_flen.o)
                0x00007fcc                __sys_flen
 .text.__sys_istty
                0x00007fd8        0xc c:/nxp/mcuxpressoide_11.0.0_2516/ide/plugins/com.nxp.mcuxpresso.tools.win32_11.0.0.201905131304/tools/bin/../lib/gcc/arm-none-eabi/8.2.1/../../../../arm-none-eabi/lib/thumb/v7e-m+fp/hard\libcr_semihost_nf.a(__sys_istty.o)
                0x00007fd8                __sys_istty
 .text.__sys_remove
                0x00007fe4        0xc c:/nxp/mcuxpressoide_11.0.0_2516/ide/plugins/com.nxp.mcuxpresso.tools.win32_11.0.0.201905131304/tools/bin/../lib/gcc/arm-none-eabi/8.2.1/../../../../arm-none-eabi/lib/thumb/v7e-m+fp/hard\libcr_semihost_nf.a(__sys_remove.o)
                0x00007fe4                __sys_remove
 .text.__sys_seek
                0x00007ff0        0xc c:/nxp/mcuxpressoide_11.0.0_2516/ide/plugins/com.nxp.mcuxpresso.tools.win32_11.0.0.201905131304/tools/bin/../lib/gcc/arm-none-eabi/8.2.1/../../../../arm-none-eabi/lib/thumb/v7e-m+fp/hard\libcr_semihost_nf.a(__sys_seek.o)
                0x00007ff0                __sys_seek
 .text.__sys_tmpnam
                0x00007ffc        0xc c:/nxp/mcuxpressoide_11.0.0_2516/ide/plugins/com.nxp.mcuxpresso.tools.win32_11.0.0.201905131304/tools/bin/../lib/gcc/arm-none-eabi/8.2.1/../../../../arm-none-eabi/lib/thumb/v7e-m+fp/hard\libcr_semihost_nf.a(__sys_tmpnam.o)
                0x00007ffc                __sys_tmpnam
 .text.__sys_write
                0x00008008        0xc c:/nxp/mcuxpressoide_11.0.0_2516/ide/plugins/com.nxp.mcuxpresso.tools.win32_11.0.0.201905131304/tools/bin/../lib/gcc/arm-none-eabi/8.2.1/../../../../arm-none-eabi/lib/thumb/v7e-m+fp/hard\libcr_semihost_nf.a(__sys_write.o)
                0x00008008                __sys_write
 *(SORT_BY_ALIGNMENT(.rodata) SORT_BY_ALIGNMENT(.rodata.*) SORT_BY_ALIGNMENT(.constdata) SORT_BY_ALIGNMENT(.constdata.*))
 .rodata        0x00008014      0x1b7 ./utilities/fsl_debug_console.o
 *fill*         0x000081cb        0x1 ff
 .rodata        0x000081cc      0x182 ./source/perfs.o
 *fill*         0x0000834e        0x2 ff
 .rodata.s_adc16Bases
                0x00008350        0x8 ./drivers/fsl_adc16.o
 .rodata.s_adc16Clocks
                0x00008358        0x8 ./drivers/fsl_adc16.o
 .rodata        0x00008360      0x13a ./drivers/fsl_adc16.o
 *fill*         0x0000849a        0x2 ff
 .rodata        0x0000849c      0x2a1 ./drivers/fsl_clock.o
 *fill*         0x0000873d        0x3 ff
 .rodata.fllFactorTable.8252
                0x00008740       0x10 ./drivers/fsl_clock.o
 .rodata        0x00008750       0x42 ./drivers/fsl_dmamux.o
 *fill*         0x00008792        0x2 ff
 .rodata.s_baudratePrescaler
                0x00008794       0x10 ./drivers/fsl_dspi.o
 .rodata.s_baudrateScaler
                0x000087a4       0x40 ./drivers/fsl_dspi.o
 .rodata.s_delayPrescaler
                0x000087e4       0x10 ./drivers/fsl_dspi.o
 .rodata.s_delayScaler
                0x000087f4       0x40 ./drivers/fsl_dspi.o
 .rodata.s_dspiBases
                0x00008834        0xc ./drivers/fsl_dspi.o
 .rodata.s_dspiClock
                0x00008840        0xc ./drivers/fsl_dspi.o
 .rodata        0x0000884c      0x509 ./drivers/fsl_dspi.o
 *fill*         0x00008d55        0x3 ff
 .rodata        0x00008d58      0x4c1 ./drivers/fsl_dspi_edma.o
 *fill*         0x00009219        0x3 ff
 .rodata.s_edmaIRQNumber
                0x0000921c       0x20 ./drivers/fsl_edma.o
 .rodata        0x0000923c      0xbf0 ./drivers/fsl_edma.o
 .rodata        0x00009e2c       0x63 ./drivers/fsl_gpio.o
 *fill*         0x00009e8f        0x1 ff
 .rodata.s_i2cBases
                0x00009e90       0x10 ./drivers/fsl_i2c.o
                0x00009e90                s_i2cBases
 .rodata.s_i2cDividerTable
                0x00009ea0       0x80 ./drivers/fsl_i2c.o
 .rodata.s_i2cIrqs
                0x00009f20        0x4 ./drivers/fsl_i2c.o
 .rodata.s_i2cClocks
                0x00009f24       0x10 ./drivers/fsl_i2c.o
 .rodata        0x00009f34      0x2fa ./drivers/fsl_i2c.o
 *fill*         0x0000a22e        0x2 ff
 .rodata.s_tpmBases
                0x0000a230        0xc ./drivers/fsl_tpm.o
 .rodata.s_tpmClocks
                0x0000a23c        0xc ./drivers/fsl_tpm.o
 .rodata        0x0000a248      0x357 ./drivers/fsl_tpm.o
 *fill*         0x0000a59f        0x1 ff
 .rodata.s_uartBases
                0x0000a5a0       0x14 ./drivers/fsl_uart.o
 .rodata.s_uartClock
                0x0000a5b4       0x14 ./drivers/fsl_uart.o
 .rodata        0x0000a5c8      0x514 ./drivers/fsl_uart.o
 .rodata.s_UartAdapterBase
                0x0000aadc       0x14 ./component/uart/uart_adapter.o
 .rodata        0x0000aaf0      0x25e ./component/uart/uart_adapter.o
 *fill*         0x0000ad4e        0x2 ff
 .rodata        0x0000ad50      0x521 ./component/serial_manager/serial_manager.o
 *fill*         0x0000b271        0x3 ff
 .rodata        0x0000b274      0x244 ./component/serial_manager/serial_port_uart.o
 .rodata.mcgConfig_BOARD_BootClockRUN
                0x0000b4b8        0xc ./board/clock_config.o
                0x0000b4b8                mcgConfig_BOARD_BootClockRUN
 .rodata.simConfig_BOARD_BootClockRUN
                0x0000b4c4        0x8 ./board/clock_config.o
                0x0000b4c4                simConfig_BOARD_BootClockRUN
 .rodata.oscConfig_BOARD_BootClockRUN
                0x0000b4cc        0x8 ./board/clock_config.o
                0x0000b4cc                oscConfig_BOARD_BootClockRUN
 .rodata.__num_Ciob_streams
                0x0000b4d4        0x4 c:/nxp/mcuxpressoide_11.0.0_2516/ide/plugins/com.nxp.mcuxpresso.tools.win32_11.0.0.201905131304/tools/bin/../lib/gcc/arm-none-eabi/8.2.1/../../../../arm-none-eabi/lib/thumb/v7e-m+fp/hard\libcr_semihost_nf.a(__ciob.o)
                0x0000b4d4                __num_Ciob_streams
 .rodata.__assertion_failed.str1.1
                0x0000b4d8       0x15 c:/nxp/mcuxpressoide_11.0.0_2516/ide/plugins/com.nxp.mcuxpresso.tools.win32_11.0.0.201905131304/tools/bin/../lib/gcc/arm-none-eabi/8.2.1/../../../../arm-none-eabi/lib/thumb/v7e-m+fp/hard\libcr_semihost_nf.a(_cr_assert.o)
 .rodata._Csys_alloc.str1.1
                0x0000b4ed       0x18 c:/nxp/mcuxpressoide_11.0.0_2516/ide/plugins/com.nxp.mcuxpresso.tools.win32_11.0.0.201905131304/tools/bin/../lib/gcc/arm-none-eabi/8.2.1/../../../../arm-none-eabi/lib/thumb/v7e-m+fp/hard\libcr_c.a(alloc.o)
 .rodata._initio.str1.1
                0x0000b505        0x4 c:/nxp/mcuxpressoide_11.0.0_2516/ide/plugins/com.nxp.mcuxpresso.tools.win32_11.0.0.201905131304/tools/bin/../lib/gcc/arm-none-eabi/8.2.1/../../../../arm-none-eabi/lib/thumb/v7e-m+fp/hard\libcr_c.a(initio.o)
 .rodata.__vfprintf.str1.1
                0x0000b509       0x35 c:/nxp/mcuxpressoide_11.0.0_2516/ide/plugins/com.nxp.mcuxpresso.tools.win32_11.0.0.201905131304/tools/bin/../lib/gcc/arm-none-eabi/8.2.1/../../../../arm-none-eabi/lib/thumb/v7e-m+fp/hard\libcr_c.a(printf.o)
                                 0x38 (size before relaxing)
                0x0000b540                . = ALIGN (0x8)
 *fill*         0x0000b53e        0x2 ff

.glue_7         0x0000b540        0x0
 .glue_7        0x0000b540        0x0 linker stubs

.glue_7t        0x0000b540        0x0
 .glue_7t       0x0000b540        0x0 linker stubs

.vfp11_veneer   0x0000b540        0x0
 .vfp11_veneer  0x0000b540        0x0 linker stubs

.v4_bx          0x0000b540        0x0
 .v4_bx         0x0000b540        0x0 linker stubs

.iplt           0x0000b540        0x0
 .iplt          0x0000b540        0x0 ./utilities/fsl_debug_console.o

.rel.dyn        0x0000b540        0x0
 .rel.iplt      0x0000b540        0x0 ./utilities/fsl_debug_console.o

.ARM.extab
 *(SORT_BY_ALIGNMENT(.ARM.extab*) SORT_BY_ALIGNMENT(.gnu.linkonce.armextab.*))
                0x0000b540                __exidx_start = .

.ARM.exidx
 *(SORT_BY_ALIGNMENT(.ARM.exidx*) SORT_BY_ALIGNMENT(.gnu.linkonce.armexidx.*))
                0x0000b540                __exidx_end = .
                0x0000b540                _etext = .

.m_usb_data
 *(SORT_BY_ALIGNMENT(m_usb_bdt))

.data_RAM2      0x1fff0000        0x0 load address 0x0000b540
 FILL mask 0xff
                [!provide]                PROVIDE (__start_data_RAM2 = .)
 *(SORT_BY_ALIGNMENT(.ramfunc.$RAM2))
 *(SORT_BY_ALIGNMENT(.ramfunc.$SRAM_LOWER))
 *(SORT_BY_ALIGNMENT(NonCacheable.init))
 *(SORT_BY_ALIGNMENT(.data.$RAM2))
 *(SORT_BY_ALIGNMENT(.data.$SRAM_LOWER))
 *(SORT_BY_ALIGNMENT(.data.$RAM2.*))
 *(SORT_BY_ALIGNMENT(.data.$SRAM_LOWER.*))
                0x1fff0000                . = ALIGN (0x8)
                [!provide]                PROVIDE (__end_data_RAM2 = .)

.data_RAM3      0x14000000        0x0 load address 0x0000b540
 FILL mask 0xff
                [!provide]                PROVIDE (__start_data_RAM3 = .)
 *(SORT_BY_ALIGNMENT(.ramfunc.$RAM3))
 *(SORT_BY_ALIGNMENT(.ramfunc.$FLEX_RAM))
 *(SORT_BY_ALIGNMENT(.data.$RAM3))
 *(SORT_BY_ALIGNMENT(.data.$FLEX_RAM))
 *(SORT_BY_ALIGNMENT(.data.$RAM3.*))
 *(SORT_BY_ALIGNMENT(.data.$FLEX_RAM.*))
                0x14000000                . = ALIGN (0x8)
                [!provide]                PROVIDE (__end_data_RAM3 = .)

.uninit_RESERVED
                0x20000000        0x0
                0x20000000                . = ALIGN (0x8)
 *(SORT_BY_ALIGNMENT(.bss.$RESERVED*))
                0x20000000                . = ALIGN (0x8)
                0x20000000                _end_uninit_RESERVED = .

.data           0x20000000       0x38 load address 0x0000b540
 FILL mask 0xff
                0x20000000                _data = .
 *(SORT_BY_ALIGNMENT(vtable))
 *(SORT_BY_ALIGNMENT(.ramfunc*))
 *(SORT_BY_ALIGNMENT(.data*))
 .data.patterns
                0x20000000       0x28 ./source/pattern.o
                0x20000000                patterns
 .data.sparkle_currentHsv
                0x20000028        0x3 ./source/pattern.o
                0x20000028                sparkle_currentHsv
 *fill*         0x2000002b        0x1 ff
 .data.s_slowIrcFreq
                0x2000002c        0x4 ./drivers/fsl_clock.o
 .data.s_fastIrcFreq
                0x20000030        0x4 ./drivers/fsl_clock.o
 .data.SystemCoreClock
                0x20000034        0x4 ./device/system_MK66F18.o
                0x20000034                SystemCoreClock
                0x20000038                . = ALIGN (0x8)
                0x20000038                _edata = .

.igot.plt       0x20000038        0x0 load address 0x0000b578
 .igot.plt      0x20000038        0x0 ./utilities/fsl_debug_console.o

.bss_RAM2       0x1fff0000        0x0
                0x1fff0000                . = ALIGN (0x8)
                [!provide]                PROVIDE (__start_bss_RAM2 = .)
 *(SORT_BY_ALIGNMENT(NonCacheable))
 *(SORT_BY_ALIGNMENT(.bss.$RAM2))
 *(SORT_BY_ALIGNMENT(.bss.$SRAM_LOWER))
 *(SORT_BY_ALIGNMENT(.bss.$RAM2.*))
 *(SORT_BY_ALIGNMENT(.bss.$SRAM_LOWER.*))
                0x1fff0000                . = ALIGN ((. != 0x0)?0x8:0x1)
                [!provide]                PROVIDE (__end_bss_RAM2 = .)

.bss_RAM3       0x14000000        0x0
                0x14000000                . = ALIGN (0x8)
                [!provide]                PROVIDE (__start_bss_RAM3 = .)
 *(SORT_BY_ALIGNMENT(.bss.$RAM3))
 *(SORT_BY_ALIGNMENT(.bss.$FLEX_RAM))
 *(SORT_BY_ALIGNMENT(.bss.$RAM3.*))
 *(SORT_BY_ALIGNMENT(.bss.$FLEX_RAM.*))
                0x14000000                . = ALIGN ((. != 0x0)?0x8:0x1)
                [!provide]                PROVIDE (__end_bss_RAM3 = .)

.bss            0x20000038     0x7468
                0x20000038                . = ALIGN (0x8)
                0x20000038                _bss = .
 *(SORT_BY_ALIGNMENT(.bss*))
 .bss.s_debugConsoleState
                0x20000038       0x1c ./utilities/fsl_debug_console.o
 .bss.g_serialHandle
                0x20000054        0x4 ./utilities/fsl_debug_console.o
                0x20000054                g_serialHandle
 .bss.hsv       0x20000058        0x3 ./source/pattern.o
                0x20000058                hsv
 *fill*         0x2000005b        0x1 
 .bss.clockCounter
                0x2000005c        0x4 ./source/pattern.o
                0x2000005c                clockCounter
 .bss.g_systickCounter
                0x20000060        0x4 ./source/pattern.o
                0x20000060                g_systickCounter
 .bss.currentLedsHsv
                0x20000064     0x2fd0 ./source/pattern.o
                0x20000064                currentLedsHsv
 .bss.dspiEdmaMasterRxRegToRxDataHandle
                0x20003034       0x18 ./source/perfs.o
                0x20003034                dspiEdmaMasterRxRegToRxDataHandle
 .bss.dspiEdmaMasterTxDataToIntermediaryHandle
                0x2000304c       0x18 ./source/perfs.o
                0x2000304c                dspiEdmaMasterTxDataToIntermediaryHandle
 .bss.dspiEdmaMasterIntermediaryToTxRegHandle
                0x20003064       0x18 ./source/perfs.o
                0x20003064                dspiEdmaMasterIntermediaryToTxRegHandle
 .bss.dspi1EdmaMasterRxRegToRxDataHandle
                0x2000307c       0x18 ./source/perfs.o
                0x2000307c                dspi1EdmaMasterRxRegToRxDataHandle
 .bss.dspi1EdmaMasterTxDataToIntermediaryHandle
                0x20003094       0x18 ./source/perfs.o
                0x20003094                dspi1EdmaMasterTxDataToIntermediaryHandle
 .bss.dspi1EdmaMasterIntermediaryToTxRegHandle
                0x200030ac       0x18 ./source/perfs.o
                0x200030ac                dspi1EdmaMasterIntermediaryToTxRegHandle
 .bss.dspi2EdmaMasterRxRegToRxDataHandle
                0x200030c4       0x18 ./source/perfs.o
                0x200030c4                dspi2EdmaMasterRxRegToRxDataHandle
 .bss.dspi2EdmaMasterTxDataToIntermediaryHandle
                0x200030dc       0x18 ./source/perfs.o
                0x200030dc                dspi2EdmaMasterTxDataToIntermediaryHandle
 .bss.dspi2EdmaMasterIntermediaryToTxRegHandle
                0x200030f4       0x18 ./source/perfs.o
                0x200030f4                dspi2EdmaMasterIntermediaryToTxRegHandle
 .bss.g_dspi0_edma_m_handle
                0x2000310c       0x80 ./source/perfs.o
                0x2000310c                g_dspi0_edma_m_handle
 .bss.g_dspi1_edma_m_handle
                0x2000318c       0x80 ./source/perfs.o
                0x2000318c                g_dspi1_edma_m_handle
 .bss.g_dspi2_edma_m_handle
                0x2000320c       0x80 ./source/perfs.o
                0x2000320c                g_dspi2_edma_m_handle
 .bss.spi0Xfer  0x2000328c       0x10 ./source/perfs.o
                0x2000328c                spi0Xfer
 .bss.spi1Xfer  0x2000329c       0x10 ./source/perfs.o
                0x2000329c                spi1Xfer
 .bss.spi2Xfer  0x200032ac       0x10 ./source/perfs.o
                0x200032ac                spi2Xfer
 .bss.leds0     0x200032bc     0x1544 ./source/perfs.o
                0x200032bc                leds0
 .bss.leds1     0x20004800     0x1544 ./source/perfs.o
                0x20004800                leds1
 .bss.leds2     0x20005d44     0x1544 ./source/perfs.o
                0x20005d44                leds2
 .bss.currentPower
                0x20007288        0x4 ./source/perfs.o
                0x20007288                currentPower
 .bss.adc16ChannelConfigStruct
                0x2000728c        0x8 ./source/perfs.o
                0x2000728c                adc16ChannelConfigStruct
 .bss.spectrum  0x20007294       0x1c ./source/perfs.o
                0x20007294                spectrum
 .bss.current_callback
                0x200072b0        0x4 ./source/perfs.o
                0x200072b0                current_callback
 .bss.mode_data
                0x200072b4        0x1 ./source/perfs.o
                0x200072b4                mode_data
 *fill*         0x200072b5        0x3 
 .bss.g_s_handle
                0x200072b8       0x24 ./source/perfs.o
                0x200072b8                g_s_handle
 .bss.data      0x200072dc        0x4 ./source/perfs.o
                0x200072dc                data
 .bss.status    0x200072e0        0x4 ./source/perfs.o
                0x200072e0                status
 .bss.s_extPllFreq
                0x200072e4        0x4 ./drivers/fsl_clock.o
 .bss.g_xtal0Freq
                0x200072e8        0x4 ./drivers/fsl_clock.o
                0x200072e8                g_xtal0Freq
 .bss.g_xtal32Freq
                0x200072ec        0x4 ./drivers/fsl_clock.o
                0x200072ec                g_xtal32Freq
 .bss.g_dspiHandle
                0x200072f0        0xc ./drivers/fsl_dspi.o
 .bss.s_dspiMasterIsr
                0x200072fc        0x4 ./drivers/fsl_dspi.o
 .bss.s_dspiSlaveIsr
                0x20007300        0x4 ./drivers/fsl_dspi.o
 .bss.g_dspiDummyData
                0x20007304        0x3 ./drivers/fsl_dspi.o
                0x20007304                g_dspiDummyData
 *fill*         0x20007307        0x1 
 .bss.s_dspiMasterEdmaPrivateHandle
                0x20007308       0x18 ./drivers/fsl_dspi_edma.o
 .bss.s_EDMAHandle
                0x20007320       0x80 ./drivers/fsl_edma.o
 .bss.s_i2cHandle
                0x200073a0       0x10 ./drivers/fsl_i2c.o
 .bss.s_i2cMasterIsr
                0x200073b0        0x4 ./drivers/fsl_i2c.o
 .bss.s_i2cSlaveIsr
                0x200073b4        0x4 ./drivers/fsl_i2c.o
 .bss.s_lpuartHandle
                0x200073b8        0x4 ./drivers/fsl_lpuart.o
 .bss.s_lpuartIsr
                0x200073bc        0x4 ./drivers/fsl_lpuart.o
 .bss.s_uartHandle
                0x200073c0       0x14 ./drivers/fsl_uart.o
 .bss.s_uartIsr
                0x200073d4        0x4 ./drivers/fsl_uart.o
 .bss.__Ciob    0x200073d8       0xb4 c:/nxp/mcuxpressoide_11.0.0_2516/ide/plugins/com.nxp.mcuxpresso.tools.win32_11.0.0.201905131304/tools/bin/../lib/gcc/arm-none-eabi/8.2.1/../../../../arm-none-eabi/lib/thumb/v7e-m+fp/hard\libcr_semihost_nf.a(__ciob.o)
                0x200073d8                __Ciob
 .bss.__end_of_heap
                0x2000748c        0x4 c:/nxp/mcuxpressoide_11.0.0_2516/ide/plugins/com.nxp.mcuxpresso.tools.win32_11.0.0.201905131304/tools/bin/../lib/gcc/arm-none-eabi/8.2.1/../../../../arm-none-eabi/lib/thumb/v7e-m+fp/hard\libcr_c.a(__init_alloc.o)
                0x2000748c                __end_of_heap
 .bss.__heaps   0x20007490        0x4 c:/nxp/mcuxpressoide_11.0.0_2516/ide/plugins/com.nxp.mcuxpresso.tools.win32_11.0.0.201905131304/tools/bin/../lib/gcc/arm-none-eabi/8.2.1/../../../../arm-none-eabi/lib/thumb/v7e-m+fp/hard\libcr_c.a(__init_alloc.o)
                0x20007490                __heaps
 .bss.errno     0x20007494        0x4 c:/nxp/mcuxpressoide_11.0.0_2516/ide/plugins/com.nxp.mcuxpresso.tools.win32_11.0.0.201905131304/tools/bin/../lib/gcc/arm-none-eabi/8.2.1/../../../../arm-none-eabi/lib/thumb/v7e-m+fp/hard\libcr_c.a(errno.o)
                0x20007494                errno
 .bss.state     0x20007498        0x1 ./source/perfs.o
                0x20007498                state
 .bss.currentRead
                0x20007499        0x1 ./source/perfs.o
                0x20007499                currentRead
 .bss.emptyData
                0x2000749a        0x1 ./source/perfs.o
                0x2000749a                emptyData
 .bss.g_SlaveCompletionFlag
                0x2000749b        0x1 ./source/perfs.o
                0x2000749b                g_SlaveCompletionFlag
 .bss.address_selected
                0x2000749c        0x1 ./source/perfs.o
                0x2000749c                address_selected
 .bss.current_address
                0x2000749d        0x1 ./source/perfs.o
                0x2000749d                current_address
 .bss.StartInstanceNum.8467
                0x2000749e        0x1 ./drivers/fsl_edma.o
 *(SORT_BY_ALIGNMENT(COMMON))
                0x200074a0                . = ALIGN (0x8)
 *fill*         0x2000749f        0x1 
                0x200074a0                _ebss = .
                [!provide]                PROVIDE (end = .)

.noinit_RAM2    0x1fff0000        0x0
                0x1fff0000                . = ALIGN (0x8)
 *(SORT_BY_ALIGNMENT(.noinit.$RAM2))
 *(SORT_BY_ALIGNMENT(.noinit.$SRAM_LOWER))
 *(SORT_BY_ALIGNMENT(.noinit.$RAM2.*))
 *(SORT_BY_ALIGNMENT(.noinit.$SRAM_LOWER.*))
                0x1fff0000                . = ALIGN (0x8)

.noinit_RAM3    0x14000000        0x0
                0x14000000                . = ALIGN (0x8)
 *(SORT_BY_ALIGNMENT(.noinit.$RAM3))
 *(SORT_BY_ALIGNMENT(.noinit.$FLEX_RAM))
 *(SORT_BY_ALIGNMENT(.noinit.$RAM3.*))
 *(SORT_BY_ALIGNMENT(.noinit.$FLEX_RAM.*))
                0x14000000                . = ALIGN (0x8)

.noinit         0x200074a0        0x0
                0x200074a0                . = ALIGN (0x8)
                0x200074a0                _noinit = .
 *(SORT_BY_ALIGNMENT(.noinit*))
                0x200074a0                . = ALIGN (0x8)
                0x200074a0                _end_noinit = .
                0x00001000                _HeapSize = 0x1000

.heap           0x200074a0     0x1000
                0x200074a0                _pvHeapStart = .
                0x200084a0                . = (. + _HeapSize)
 *fill*         0x200074a0     0x1000 
                0x200084a0                . = ALIGN (0x8)
                0x200084a0                _pvHeapLimit = .
                0x00001000                _StackSize = 0x1000

.heap2stackfill
                0x200084a0     0x1000
                0x200094a0                . = (. + _StackSize)
 *fill*         0x200084a0     0x1000 

.stack          0x2002f000        0x0
                0x2002f000                _vStackBase = .
                0x2002f000                . = ALIGN (0x8)
                0x20030000                _vStackTop = (. + _StackSize)
                0x00000000                _image_start = LOADADDR (.text)
                0x0000b578                _image_end = (LOADADDR (.data) + SIZEOF (.data))
                0x0000b578                _image_size = (_image_end - _image_start)
OUTPUT(led_wall.axf elf32-littlearm)

.debug_info     0x00000000    0x1c260
 .debug_info    0x00000000      0x8d2 ./utilities/fsl_debug_console.o
 .debug_info    0x000008d2      0x9ac ./startup/startup_mk66f18.o
 .debug_info    0x0000127e      0x1fb ./source/colors.o
 .debug_info    0x00001479      0xafd ./source/main.o
 .debug_info    0x00001f76     0x147a ./source/pattern.o
 .debug_info    0x000033f0     0x3b26 ./source/perfs.o
 .debug_info    0x00006f16       0x3c ./source/semihost_hardfault.o
 .debug_info    0x00006f52      0x16a ./source/utils.o
 .debug_info    0x000070bc      0xea6 ./drivers/fsl_adc16.o
 .debug_info    0x00007f62     0x2806 ./drivers/fsl_clock.o
 .debug_info    0x0000a768      0x6fc ./drivers/fsl_dmamux.o
 .debug_info    0x0000ae64     0x2593 ./drivers/fsl_dspi.o
 .debug_info    0x0000d3f7     0x1c37 ./drivers/fsl_dspi_edma.o
 .debug_info    0x0000f02e     0x2a27 ./drivers/fsl_edma.o
 .debug_info    0x00011a55      0x69e ./drivers/fsl_gpio.o
 .debug_info    0x000120f3     0x1eb3 ./drivers/fsl_i2c.o
 .debug_info    0x00013fa6     0x1a56 ./drivers/fsl_lpuart.o
 .debug_info    0x000159fc      0x644 ./drivers/fsl_rnga.o
 .debug_info    0x00016040     0x1132 ./drivers/fsl_tpm.o
 .debug_info    0x00017172     0x1c98 ./drivers/fsl_uart.o
 .debug_info    0x00018e0a      0x9ef ./device/system_MK66F18.o
 .debug_info    0x000197f9      0xaac ./component/uart/uart_adapter.o
 .debug_info    0x0001a2a5      0x75f ./component/serial_manager/serial_manager.o
 .debug_info    0x0001aa04      0x4fc ./component/serial_manager/serial_port_uart.o
 .debug_info    0x0001af00      0x633 ./board/board.o
 .debug_info    0x0001b533      0xd2d ./board/clock_config.o

.debug_abbrev   0x00000000     0x3a76
 .debug_abbrev  0x00000000      0x1ba ./utilities/fsl_debug_console.o
 .debug_abbrev  0x000001ba      0x15c ./startup/startup_mk66f18.o
 .debug_abbrev  0x00000316      0x10f ./source/colors.o
 .debug_abbrev  0x00000425      0x1e6 ./source/main.o
 .debug_abbrev  0x0000060b      0x323 ./source/pattern.o
 .debug_abbrev  0x0000092e      0x43e ./source/perfs.o
 .debug_abbrev  0x00000d6c       0x31 ./source/semihost_hardfault.o
 .debug_abbrev  0x00000d9d       0xdc ./source/utils.o
 .debug_abbrev  0x00000e79      0x2a2 ./drivers/fsl_adc16.o
 .debug_abbrev  0x0000111b      0x352 ./drivers/fsl_clock.o
 .debug_abbrev  0x0000146d      0x1b0 ./drivers/fsl_dmamux.o
 .debug_abbrev  0x0000161d      0x386 ./drivers/fsl_dspi.o
 .debug_abbrev  0x000019a3      0x306 ./drivers/fsl_dspi_edma.o
 .debug_abbrev  0x00001ca9      0x3ea ./drivers/fsl_edma.o
 .debug_abbrev  0x00002093      0x1b8 ./drivers/fsl_gpio.o
 .debug_abbrev  0x0000224b      0x386 ./drivers/fsl_i2c.o
 .debug_abbrev  0x000025d1      0x30d ./drivers/fsl_lpuart.o
 .debug_abbrev  0x000028de      0x217 ./drivers/fsl_rnga.o
 .debug_abbrev  0x00002af5      0x292 ./drivers/fsl_tpm.o
 .debug_abbrev  0x00002d87      0x345 ./drivers/fsl_uart.o
 .debug_abbrev  0x000030cc      0x154 ./device/system_MK66F18.o
 .debug_abbrev  0x00003220      0x1e8 ./component/uart/uart_adapter.o
 .debug_abbrev  0x00003408      0x17d ./component/serial_manager/serial_manager.o
 .debug_abbrev  0x00003585      0x160 ./component/serial_manager/serial_port_uart.o
 .debug_abbrev  0x000036e5      0x159 ./board/board.o
 .debug_abbrev  0x0000383e      0x238 ./board/clock_config.o

.debug_aranges  0x00000000     0x1698
 .debug_aranges
                0x00000000       0x50 ./utilities/fsl_debug_console.o
 .debug_aranges
                0x00000050      0x3a0 ./startup/startup_mk66f18.o
 .debug_aranges
                0x000003f0       0x28 ./source/colors.o
 .debug_aranges
                0x00000418       0x38 ./source/main.o
 .debug_aranges
                0x00000450       0xa8 ./source/pattern.o
 .debug_aranges
                0x000004f8      0x170 ./source/perfs.o
 .debug_aranges
                0x00000668       0x20 ./source/semihost_hardfault.o
 .debug_aranges
                0x00000688       0x28 ./source/utils.o
 .debug_aranges
                0x000006b0       0x88 ./drivers/fsl_adc16.o
 .debug_aranges
                0x00000738      0x248 ./drivers/fsl_clock.o
 .debug_aranges
                0x00000980       0x40 ./drivers/fsl_dmamux.o
 .debug_aranges
                0x000009c0      0x1d0 ./drivers/fsl_dspi.o
 .debug_aranges
                0x00000b90       0xd0 ./drivers/fsl_dspi_edma.o
 .debug_aranges
                0x00000c60      0x350 ./drivers/fsl_edma.o
 .debug_aranges
                0x00000fb0       0x40 ./drivers/fsl_gpio.o
 .debug_aranges
                0x00000ff0      0x188 ./drivers/fsl_i2c.o
 .debug_aranges
                0x00001178      0x118 ./drivers/fsl_lpuart.o
 .debug_aranges
                0x00001290       0x60 ./drivers/fsl_rnga.o
 .debug_aranges
                0x000012f0       0x98 ./drivers/fsl_tpm.o
 .debug_aranges
                0x00001388      0x160 ./drivers/fsl_uart.o
 .debug_aranges
                0x000014e8       0x30 ./device/system_MK66F18.o
 .debug_aranges
                0x00001518       0x40 ./component/uart/uart_adapter.o
 .debug_aranges
                0x00001558       0x88 ./component/serial_manager/serial_manager.o
 .debug_aranges
                0x000015e0       0x38 ./component/serial_manager/serial_port_uart.o
 .debug_aranges
                0x00001618       0x20 ./board/board.o
 .debug_aranges
                0x00001638       0x60 ./board/clock_config.o

.debug_ranges   0x00000000     0x1510
 .debug_ranges  0x00000000       0x40 ./utilities/fsl_debug_console.o
 .debug_ranges  0x00000040      0x390 ./startup/startup_mk66f18.o
 .debug_ranges  0x000003d0       0x18 ./source/colors.o
 .debug_ranges  0x000003e8       0x28 ./source/main.o
 .debug_ranges  0x00000410       0x98 ./source/pattern.o
 .debug_ranges  0x000004a8      0x160 ./source/perfs.o
 .debug_ranges  0x00000608       0x10 ./source/semihost_hardfault.o
 .debug_ranges  0x00000618       0x18 ./source/utils.o
 .debug_ranges  0x00000630       0x78 ./drivers/fsl_adc16.o
 .debug_ranges  0x000006a8      0x238 ./drivers/fsl_clock.o
 .debug_ranges  0x000008e0       0x30 ./drivers/fsl_dmamux.o
 .debug_ranges  0x00000910      0x1c0 ./drivers/fsl_dspi.o
 .debug_ranges  0x00000ad0       0xc0 ./drivers/fsl_dspi_edma.o
 .debug_ranges  0x00000b90      0x340 ./drivers/fsl_edma.o
 .debug_ranges  0x00000ed0       0x30 ./drivers/fsl_gpio.o
 .debug_ranges  0x00000f00      0x178 ./drivers/fsl_i2c.o
 .debug_ranges  0x00001078      0x108 ./drivers/fsl_lpuart.o
 .debug_ranges  0x00001180       0x50 ./drivers/fsl_rnga.o