core_cm4.h:1805:22:__NVIC_SetPriority	16	static
core_cm4.h:2011:26:SysTick_Config	16	static
pattern.c:84:6:SysTick_Handler	4	static
pattern.c:93:6:SysTick_DelayTicks	16	static
pattern.c:101:6:setLedHsv	40	static
pattern.c:114:6:setLedRgb	32	static
pattern.c:128:6:initPatterns	8	static
pattern.c:161:6:brightnessTestPattern	16	static
pattern.c:183:6:fadeOff	16	static
pattern.c:189:6:runPatterns	16	static
pattern.c:202:6:rainbowPattern	32	static
pattern.c:220:6:rainbowPatternSpeed	32	static
pattern.c:238:6:raidalRainbow	24	static
pattern.c:248:6:line	24	static
pattern.c:258:6:theaterChase	24	static
pattern.c:275:6:fade_all_and_set	32	static
pattern.c:294:6:sparkelPattern	32	static
pattern.c:320:6:steroVuMeterMiddleCallback	56	static
pattern.c:351:6:steroMiddleVuMeter	16	static
pattern.c:356:6:monoVuMeterMiddleCallback	56	static
pattern.c:399:6:monoVuMiddleMeter	16	static
pattern.c:404:6:monoVuMeterCallback	56	static
pattern.c:448:6:monoVuMeter	16	static
pattern.c:453:6:steroVuMeterCallback	48	static
pattern.c:494:6:steroVuMeter	16	static
