core_cm4.h:1805:22:__NVIC_SetPriority	16	static
core_cm4.h:2011:26:SysTick_Config	16	static
pattern.c:82:6:SysTick_Handler	4	static
pattern.c:91:6:SysTick_DelayTicks	16	static
pattern.c:99:6:setLedHsv	40	static
pattern.c:112:6:setLedRgb	32	static
pattern.c:126:6:initPatterns	8	static
pattern.c:158:6:brightnessTestPattern	16	static
pattern.c:180:6:fadeOff	16	static
pattern.c:186:6:runPatterns	16	static
pattern.c:199:6:rainbowPattern	32	static
pattern.c:226:6:theaterChase	24	static
pattern.c:243:6:fade_all_and_set	32	static
pattern.c:262:6:sparkelPattern	32	static
pattern.c:288:6:steroVuMeterCallback	56	static
pattern.c:319:6:steroVuMeter	16	static
pattern.c:323:6:monoVuMeterCallback	56	static
pattern.c:361:6:monoVuMeter	16	static
