core_cm4.h:1677:22:__NVIC_EnableIRQ	16	static
fsl_clock.h:724:20:CLOCK_EnableClock	24	static
fsl_clock.h:796:20:CLOCK_SetTpmClock	16	static
fsl_common.h:414:28:EnableIRQ	16	static
fsl_gpio.h:173:20:GPIO_PortSet	16	static
fsl_gpio.h:184:20:GPIO_PortClear	16	static
fsl_port.h:243:20:PORT_SetPinConfig	32	static
fsl_port.h:346:20:PORT_SetPinMux	24	static
fsl_dmamux.h:76:20:DMAMUX_EnableChannel	16	static
fsl_dmamux.h:106:20:DMAMUX_SetSource	24	static
fsl_adc16.h:360:20:ADC16_EnableHardwareTrigger	16	static
fsl_adc16.h:478:24:ADC16_GetChannelConversionValue	16	static
fsl_tpm.h:526:20:TPM_ClearStatusFlags	16	static
fsl_tpm.h:574:20:TPM_SetTimerPeriod	16	static
fsl_tpm.h:608:20:TPM_StartTimer	24	static
fsl_tpm.h:626:20:TPM_StopTimer	16	static
perfs.c:136:6:DSPI0_Callback	24	static
perfs.c:141:6:DSPI1_Callback	24	static
perfs.c:146:6:DSPI2_Callback	24	static
perfs.c:152:6:initEdma	64	static
perfs.c:276:6:initDspi	48	static
perfs.c:349:6:set_led_strip	24	static
perfs.c:365:6:setLed	40	static
perfs.c:481:6:ADC1_IRQHandler	16	static
perfs.c:500:6:TPM2_IRQHandler	8	static
perfs.c:526:6:readMsgeq07	16	static
perfs.c:540:6:initMsgeq07Timer	24	static
perfs.c:558:6:initMsgEq07Pins	16	static
perfs.c:572:6:initMsgeq07Adc	24	static
perfs.c:600:6:setNextTimerInterrupt	32	static
perfs.c:607:6:setStrobePin	16	static
perfs.c:615:6:setResetPin	16	static
perfs.c:644:10:getMode	4	static
perfs.c:654:6:update_slave_xfer	16	static
perfs.c:679:13:i2c_slave_callback	24	static
perfs.c:724:6:initI2cPins	16	static
perfs.c:764:6:initI2c	24	static
perfs.c:791:6:initRgna	8	static
perfs.c:796:10:get_rand_uint32	8	static
perfs.c:809:9:get_rand_uint8	8	static
perfs.c:823:10:get_rand_uint32_range	16	static
perfs.c:827:10:get_rand_uint8_range	16	static
perfs.c:839:6:initPerfs	16	static
