core_cm4.h:1677:22:__NVIC_EnableIRQ	16	static
fsl_clock.h:724:20:CLOCK_EnableClock	24	static
fsl_clock.h:796:20:CLOCK_SetTpmClock	16	static
fsl_common.h:414:28:EnableIRQ	16	static
fsl_gpio.h:173:20:GPIO_PortSet	16	static
fsl_gpio.h:184:20:GPIO_PortClear	16	static
fsl_port.h:243:20:PORT_SetPinConfig	32	static
fsl_port.h:346:20:PORT_SetPinMux	24	static
fsl_dmamux.h:76:20:DMAMUX_EnableChannel	16	static
fsl_dmamux.h:106:20:DMAMUX_SetSource	24	static
fsl_adc16.h:360:20:ADC16_EnableHardwareTrigger	16	static
fsl_adc16.h:478:24:ADC16_GetChannelConversionValue	16	static
fsl_tpm.h:526:20:TPM_ClearStatusFlags	16	static
fsl_tpm.h:574:20:TPM_SetTimerPeriod	16	static
fsl_tpm.h:608:20:TPM_StartTimer	24	static
fsl_tpm.h:626:20:TPM_StopTimer	16	static
perfs.c:139:6:DSPI0_Callback	24	static
perfs.c:144:6:DSPI1_Callback	24	static
perfs.c:149:6:DSPI2_Callback	24	static
perfs.c:155:6:Update	8	static
perfs.c:169:6:initEdma	64	static
perfs.c:293:6:initDspi	48	static
perfs.c:366:6:set_led_strip	24	static
perfs.c:382:6:setLed	40	static
perfs.c:502:6:ADC1_IRQHandler	16	static
perfs.c:532:6:TPM2_IRQHandler	8	static
perfs.c:560:6:readMsgeq07	16	static
perfs.c:574:6:initMsgeq07Timer	24	static
perfs.c:592:6:initMsgEq07Pins	16	static
perfs.c:606:6:initMsgeq07Adc	24	static
perfs.c:634:6:setNextTimerInterrupt	32	static
perfs.c:641:6:setStrobePin	16	static
perfs.c:649:6:setResetPin	16	static
perfs.c:676:10:getMode	4	static
perfs.c:686:6:update_slave_xfer	16	static
perfs.c:711:13:i2c_slave_callback	24	static
perfs.c:756:6:initI2cPins	16	static
perfs.c:796:6:initI2c	24	static
perfs.c:823:6:initRgna	8	static
perfs.c:828:10:get_rand_uint32	8	static
perfs.c:841:9:get_rand_uint8	8	static
perfs.c:855:10:get_rand_uint32_range	16	static
perfs.c:859:10:get_rand_uint8_range	16	static
perfs.c:871:6:initPerfs	24	static
